<html>
<body>
<pre>
<h1>µVision Build Log</h1>
<h2>Tool Versions:</h2>
IDE-Version: ¶ÃVision V5.24.2.0
Copyright (C) 2017 ARM Ltd and ARM Germany GmbH. All rights reserved.
License Information: 1 liangyishi, 1, LIC=03C6R-KPU0P-KP8ZY-I6QZ8-8MH3T-E693V
 
Tool Versions:
Toolchain:       MDK-ARM Plus  Version: 5.24.1
Toolchain Path:  C:\Keil_v5\ARM\ARMCC\Bin
C Compiler:      Armcc.exe V5.06 update 5 (build 528)
Assembler:       Armasm.exe V5.06 update 5 (build 528)
Linker/Locator:  ArmLink.exe V5.06 update 5 (build 528)
Library Manager: ArmAr.exe V5.06 update 5 (build 528)
Hex Converter:   FromElf.exe V5.06 update 5 (build 528)
CPU DLL:         SARMCM3.DLL V5.24.1
Dialog DLL:      DCM.DLL V1.16.0.0
Target DLL:      STLink\ST-LINKIII-KEIL_SWO.dll V3.0.1.0
Dialog DLL:      TCM.DLL V1.32.0.0
 
<h2>Project:</h2>
E:\32H750_»»≥…œÒ\STM32H750_thermal camera\Projects\MDK-ARM\atk_h750.uvprojx
Project File Date:  11/16/2024

<h2>Output:</h2>
*** Using Compiler 'V5.06 update 5 (build 528)', folder: 'C:\Keil_v5\ARM\ARMCC\Bin'
Build target 'ATK-MD0430'
compiling atk_md0430.c...
..\..\MLX90640\headers\MYMLX90640.h(32): warning:  #1295-D: Deprecated declaration FSMC_DMA_Init - give arg types
  void FSMC_DMA_Init();
..\..\MLX90640\headers\MYMLX90640.h(33): warning:  #1295-D: Deprecated declaration display - give arg types
  void display();
..\..\Drivers\BSP\ATK_MD0430\atk_md0430.c: 2 warnings, 0 errors
compiling atk_md0430_fmc.c...
linking...
Program Size: Code=52478 RO-data=1042 RW-data=136 ZI-data=22912  
FromELF: creating hex file...
"..\..\Output\atk_h750.axf" - 0 Error(s), 2 Warning(s).

<h2>Software Packages used:</h2>

Package Vendor: Keil
                https://www.keil.com/pack/Keil.STM32H7xx_DFP.3.1.1.pack
                Keil.STM32H7xx_DFP.3.1.1
                STMicroelectronics STM32H7 Series Device Support and Examples

<h2>Collection of Component include folders:</h2>
  .\RTE\_ATK-MD0430
  C:\Keil_v5\ARM\PACK\Keil\STM32H7xx_DFP\3.1.1\Drivers\CMSIS\Device\ST\STM32H7xx\Include

<h2>Collection of Component Files used:</h2>
Build Time Elapsed:  00:00:06
</pre>
</body>
</html>
