<html>
<body>
<pre>
<h1>µVision Build Log</h1>
<h2>Tool Versions:</h2>
IDE-Version: ¶ÃVision V5.24.2.0
Copyright (C) 2017 ARM Ltd and ARM Germany GmbH. All rights reserved.
License Information: 1 liangyishi, 1, LIC=03C6R-KPU0P-KP8ZY-I6QZ8-8MH3T-E693V
 
Tool Versions:
Toolchain:       MDK-ARM Plus  Version: 5.24.1
Toolchain Path:  C:\Keil_v5\ARM\ARMCC\Bin
C Compiler:      Armcc.exe V5.06 update 5 (build 528)
Assembler:       Armasm.exe V5.06 update 5 (build 528)
Linker/Locator:  ArmLink.exe V5.06 update 5 (build 528)
Library Manager: ArmAr.exe V5.06 update 5 (build 528)
Hex Converter:   FromElf.exe V5.06 update 5 (build 528)
CPU DLL:         SARMCM3.DLL V5.24.1
Dialog DLL:      DCM.DLL V1.16.0.0
Target DLL:      STLink\ST-LINKIII-KEIL_SWO.dll V3.0.1.0
Dialog DLL:      TCM.DLL V1.32.0.0
 
<h2>Project:</h2>
E:\32H750_»»≥…œÒ\STM32H750_thermal camera\Projects\MDK-ARM\atk_h750.uvprojx
Project File Date:  11/15/2024

<h2>Output:</h2>
*** Using Compiler 'V5.06 update 5 (build 528)', folder: 'C:\Keil_v5\ARM\ARMCC\Bin'
Rebuild target 'ATK-MD0430'
assembling startup_stm32h750xx.s...
compiling stm32h7xx_hal_gpio.c...
compiling stm32h7xx_it.c...
compiling system_stm32h7xx.c...
compiling demo.c...
compiling stm32h7xx_hal_cortex.c...
compiling delay.c...
compiling stm32h7xx_hal.c...
compiling stm32h7xx_hal_pwr.c...
compiling usart.c...
compiling main.c...
..\..\User\main.c(108): warning:  #177-D: variable "count"  was declared but never referenced
  	int k=0,status,i=0,count;
..\..\User\main.c: 1 warning, 0 errors
compiling stm32h7xx_hal_dma_ex.c...
compiling sys.c...
compiling stm32h7xx_hal_dma.c...
compiling stm32h7xx_hal_tim_ex.c...
compiling led.c...
compiling stm32h7xx_hal_sram.c...
compiling stm32h7xx_hal_uart.c...
compiling stm32h7xx_hal_usart_ex.c...
compiling stm32h7xx_ll_fmc.c...
compiling stm32h7xx_hal_mdma.c...
compiling stm32h7xx_hal_uart_ex.c...
compiling stm32h7xx_hal_usart.c...
compiling stm32h7xx_hal_pwr_ex.c...
compiling stm32h7xx_hal_rcc.c...
compiling stm32h7xx_hal_tim.c...
compiling stm32h7xx_hal_rcc_ex.c...
compiling atk_md0430_touch_iic.c...
compiling key.c...
compiling MLX90640_API.c...
..\..\MLX90640\functions\MLX90640_API.c(84): warning:  #223-D: function "printf" declared implicitly
  				printf("statusRegister::::%d\n",statusRegister);
..\..\MLX90640\functions\MLX90640_API.c: 1 warning, 0 errors
compiling mpu.c...
compiling atk_md0430_touch.c...
compiling atk_md0430_fmc.c...
compiling atk_md0430.c...
compiling MLX90640_SWI2C_Driver.c...
..\..\MLX90640\functions\MLX90640_SWI2C_Driver.c(72): warning:  #223-D: function "printf" declared implicitly
  	printf("SDA:%d\n",HAL_GPIO_ReadPin(GPIOB, GPIO_PIN_8));
..\..\MLX90640\functions\MLX90640_SWI2C_Driver.c: 1 warning, 0 errors
linking...
Program Size: Code=45458 RO-data=1038 RW-data=64 ZI-data=22768  
FromELF: creating hex file...
"..\..\Output\atk_h750.axf" - 0 Error(s), 3 Warning(s).

<h2>Software Packages used:</h2>

Package Vendor: Keil
                https://www.keil.com/pack/Keil.STM32H7xx_DFP.3.1.1.pack
                Keil.STM32H7xx_DFP.3.1.1
                STMicroelectronics STM32H7 Series Device Support and Examples

<h2>Collection of Component include folders:</h2>
  .\RTE\_ATK-MD0430
  C:\Keil_v5\ARM\PACK\Keil\STM32H7xx_DFP\3.1.1\Drivers\CMSIS\Device\ST\STM32H7xx\Include

<h2>Collection of Component Files used:</h2>
Build Time Elapsed:  00:01:08
</pre>
</body>
</html>
