<html>
<body>
<pre>
<h1>礦ision Build Log</h1>
<h2>Tool Versions:</h2>
IDE-Version: μVision V5.24.2.0
Copyright (C) 2017 ARM Ltd and ARM Germany GmbH. All rights reserved.
License Information: 1 liangyishi, 1, LIC=03C6R-KPU0P-KP8ZY-I6QZ8-8MH3T-E693V
 
Tool Versions:
Toolchain:       MDK-ARM Plus  Version: 5.24.1
Toolchain Path:  C:\Keil_v5\ARM\ARMCC\Bin
C Compiler:      Armcc.exe V5.06 update 5 (build 528)
Assembler:       Armasm.exe V5.06 update 5 (build 528)
Linker/Locator:  ArmLink.exe V5.06 update 5 (build 528)
Library Manager: ArmAr.exe V5.06 update 5 (build 528)
Hex Converter:   FromElf.exe V5.06 update 5 (build 528)
CPU DLL:         SARMCM3.DLL V5.24.1
Dialog DLL:      DCM.DLL V1.16.0.0
Target DLL:      STLink\ST-LINKIII-KEIL_SWO.dll V3.0.1.0
Dialog DLL:      TCM.DLL V1.32.0.0
 
<h2>Project:</h2>
E:\Mini32H750pm\beijixing\北极星板STM32F750-H750\（寄存器版本，适合STM32H750开发板）实验13 TFTLCD（MCU屏）实验\USER\test.uvprojx
Project File Date:  11/08/2024

<h2>Output:</h2>
*** Using Compiler 'V5.06 update 5 (build 528)', folder: 'C:\Keil_v5\ARM\ARMCC\Bin'
Rebuild target 'Target 1'
assembling startup_stm32h750xx.s...
compiling led.c...
compiling mpu.c...
compiling delay.c...
compiling sys.c...
compiling test.c...
compiling lcd.c...
compiling usart.c...
linking...
Program Size: Code=17506 RO-data=18994 RW-data=20 ZI-data=2364  
FromELF: creating hex file...
"..\OBJ\test.axf" - 0 Error(s), 0 Warning(s).

<h2>Software Packages used:</h2>

Package Vendor: Keil
                https://www.keil.com/pack/Keil.STM32H7xx_DFP.3.1.1.pack
                Keil.STM32H7xx_DFP.3.1.1
                STMicroelectronics STM32H7 Series Device Support and Examples

<h2>Collection of Component include folders:</h2>
  .\RTE\_Target_1
  C:\Keil_v5\ARM\PACK\Keil\STM32H7xx_DFP\3.1.1\Drivers\CMSIS\Device\ST\STM32H7xx\Include

<h2>Collection of Component Files used:</h2>
Build Time Elapsed:  00:00:07
</pre>
</body>
</html>
