Component: ARM Compiler 5.06 update 5 (build 528) Tool: armlink [4d35e2]

==============================================================================

Section Cross References

    startup_stm32h750xx.o(STACK) refers (Special) to heapauxi.o(.text) for __use_two_region_memory
    startup_stm32h750xx.o(HEAP) refers (Special) to heapauxi.o(.text) for __use_two_region_memory
    startup_stm32h750xx.o(RESET) refers (Special) to heapauxi.o(.text) for __use_two_region_memory
    startup_stm32h750xx.o(RESET) refers to startup_stm32h750xx.o(STACK) for __initial_sp
    startup_stm32h750xx.o(RESET) refers to startup_stm32h750xx.o(.text) for Reset_Handler
    startup_stm32h750xx.o(RESET) refers to stm32h7xx_it.o(i.NMI_Handler) for NMI_Handler
    startup_stm32h750xx.o(RESET) refers to stm32h7xx_it.o(i.HardFault_Handler) for HardFault_Handler
    startup_stm32h750xx.o(RESET) refers to stm32h7xx_it.o(i.MemManage_Handler) for MemManage_Handler
    startup_stm32h750xx.o(RESET) refers to stm32h7xx_it.o(i.BusFault_Handler) for BusFault_Handler
    startup_stm32h750xx.o(RESET) refers to stm32h7xx_it.o(i.UsageFault_Handler) for UsageFault_Handler
    startup_stm32h750xx.o(RESET) refers to stm32h7xx_it.o(i.SVC_Handler) for SVC_Handler
    startup_stm32h750xx.o(RESET) refers to stm32h7xx_it.o(i.DebugMon_Handler) for DebugMon_Handler
    startup_stm32h750xx.o(RESET) refers to stm32h7xx_it.o(i.PendSV_Handler) for PendSV_Handler
    startup_stm32h750xx.o(RESET) refers to stm32h7xx_it.o(i.SysTick_Handler) for SysTick_Handler
    startup_stm32h750xx.o(RESET) refers to usart.o(i.USART1_IRQHandler) for USART1_IRQHandler
    startup_stm32h750xx.o(RESET) refers to ova5640_dcmi.o(i.DMA2_Stream1_IRQHandler) for DMA2_Stream1_IRQHandler
    startup_stm32h750xx.o(RESET) refers to mlx90640.o(i.DMA2_Stream3_IRQHandler) for DMA2_Stream3_IRQHandler
    startup_stm32h750xx.o(RESET) refers to ova5640_dcmi.o(i.DCMI_IRQHandler) for DCMI_IRQHandler
    startup_stm32h750xx.o(.text) refers (Special) to heapauxi.o(.text) for __use_two_region_memory
    startup_stm32h750xx.o(.text) refers to system_stm32h7xx.o(i.SystemInit) for SystemInit
    startup_stm32h750xx.o(.text) refers to __main.o(!!!main) for __main
    startup_stm32h750xx.o(.text) refers to startup_stm32h750xx.o(HEAP) for Heap_Mem
    startup_stm32h750xx.o(.text) refers to startup_stm32h750xx.o(STACK) for Stack_Mem
    main.o(i.HAL_SPI_TxCpltCallback) refers to _printf_percent.o(.ARM.Collect$$_printf_percent$$00000000) for _printf_percent
    main.o(i.HAL_SPI_TxCpltCallback) refers to _printf_d.o(.ARM.Collect$$_printf_percent$$00000009) for _printf_d
    main.o(i.HAL_SPI_TxCpltCallback) refers to _printf_dec.o(.text) for _printf_int_dec
    main.o(i.HAL_SPI_TxCpltCallback) refers to noretval__2printf.o(.text) for __2printf
    main.o(i.HAL_SPI_TxCpltCallback) refers to main.o(.data) for dmaTransferComplete
    main.o(i.main) refers to sys.o(i.sys_cache_enable) for sys_cache_enable
    main.o(i.main) refers to stm32h7xx_hal.o(i.HAL_Init) for HAL_Init
    main.o(i.main) refers to sys.o(i.sys_stm32_clock_init) for sys_stm32_clock_init
    main.o(i.main) refers to delay.o(i.delay_init) for delay_init
    main.o(i.main) refers to usart.o(i.usart_init) for usart_init
    main.o(i.main) refers to key.o(i.key_init) for key_init
    main.o(i.main) refers to mlx90640.o(i.MLX90640_Init) for MLX90640_Init
    main.o(i.main) refers to lcd.o(i.LCD_Init) for LCD_Init
    main.o(i.main) refers to mlx90640.o(i.SPI_DMA_Init) for SPI_DMA_Init
    main.o(i.main) refers to lcd.o(i.LCD_direction) for LCD_direction
    main.o(i.main) refers to ova5640_demo.o(i.VO5640_Init) for VO5640_Init
    main.o(i.main) refers to lcd.o(i.Init_StringBuffers) for Init_StringBuffers
    main.o(i.main) refers to lcd.o(i.DMA_ShowString) for DMA_ShowString
    main.o(i.main) refers to stm32h7xx_hal_gpio.o(i.HAL_GPIO_ReadPin) for HAL_GPIO_ReadPin
    main.o(i.main) refers to mlx90640.o(i.Mlx90640_Get_Frame) for Mlx90640_Get_Frame
    main.o(i.main) refers to ova5640_demo.o(i.demo_run) for demo_run
    main.o(i.main) refers to mlx90640.o(i.Disp_Temp_Pia) for Disp_Temp_Pia
    main.o(i.main) refers to rgb565.o(i.RGB565_change) for RGB565_change
    main.o(i.main) refers to lcd.o(i.LCD_Fill_BUF) for LCD_Fill_BUF
    main.o(i.main) refers to lcd.o(.bss) for pixel_buf_min
    main.o(i.main) refers to ova5640_demo.o(.ARM.__AT_0x30000000) for receve
    main.o(i.main) refers to mlx90640.o(.bss) for temp
    main.o(i.main) refers to main.o(.bss) for mix
    system_stm32h7xx.o(i.SystemCoreClockUpdate) refers to system_stm32h7xx.o(.constdata) for D1CorePrescTable
    system_stm32h7xx.o(i.SystemCoreClockUpdate) refers to system_stm32h7xx.o(.data) for SystemD2Clock
    stm32h7xx_it.o(i.SysTick_Handler) refers to stm32h7xx_hal.o(i.HAL_IncTick) for HAL_IncTick
    ova5640_demo.o(i.VO5640_Init) refers to _printf_percent.o(.ARM.Collect$$_printf_percent$$00000000) for _printf_percent
[...]
    RTC_WKUP_IRQHandler                      0x08000377   Thumb Code     0  startup_stm32h750xx.o(.text)
    SAI1_IRQHandler                          0x08000377   Thumb Code     0  startup_stm32h750xx.o(.text)
    SAI2_IRQHandler                          0x08000377   Thumb Code     0  startup_stm32h750xx.o(.text)
    SAI3_IRQHandler                          0x08000377   Thumb Code     0  startup_stm32h750xx.o(.text)
    SAI4_IRQHandler                          0x08000377   Thumb Code     0  startup_stm32h750xx.o(.text)
    SDMMC1_IRQHandler                        0x08000377   Thumb Code     0  startup_stm32h750xx.o(.text)
    SDMMC2_IRQHandler                        0x08000377   Thumb Code     0  startup_stm32h750xx.o(.text)
    SPDIF_RX_IRQHandler                      0x08000377   Thumb Code     0  startup_stm32h750xx.o(.text)
    SPI1_IRQHandler                          0x08000377   Thumb Code     0  startup_stm32h750xx.o(.text)
    SPI2_IRQHandler                          0x08000377   Thumb Code     0  startup_stm32h750xx.o(.text)
    SPI3_IRQHandler                          0x08000377   Thumb Code     0  startup_stm32h750xx.o(.text)
    SPI4_IRQHandler                          0x08000377   Thumb Code     0  startup_stm32h750xx.o(.text)
    SPI5_IRQHandler                          0x08000377   Thumb Code     0  startup_stm32h750xx.o(.text)
    SPI6_IRQHandler                          0x08000377   Thumb Code     0  startup_stm32h750xx.o(.text)
    SWPMI1_IRQHandler                        0x08000377   Thumb Code     0  startup_stm32h750xx.o(.text)
    TAMP_STAMP_IRQHandler                    0x08000377   Thumb Code     0  startup_stm32h750xx.o(.text)
    TIM15_IRQHandler                         0x08000377   Thumb Code     0  startup_stm32h750xx.o(.text)
    TIM16_IRQHandler                         0x08000377   Thumb Code     0  startup_stm32h750xx.o(.text)
    TIM17_IRQHandler                         0x08000377   Thumb Code     0  startup_stm32h750xx.o(.text)
    TIM1_BRK_IRQHandler                      0x08000377   Thumb Code     0  startup_stm32h750xx.o(.text)
    TIM1_CC_IRQHandler                       0x08000377   Thumb Code     0  startup_stm32h750xx.o(.text)
    TIM1_TRG_COM_IRQHandler                  0x08000377   Thumb Code     0  startup_stm32h750xx.o(.text)
    TIM1_UP_IRQHandler                       0x08000377   Thumb Code     0  startup_stm32h750xx.o(.text)
    TIM2_IRQHandler                          0x08000377   Thumb Code     0  startup_stm32h750xx.o(.text)
    TIM3_IRQHandler                          0x08000377   Thumb Code     0  startup_stm32h750xx.o(.text)
    TIM4_IRQHandler                          0x08000377   Thumb Code     0  startup_stm32h750xx.o(.text)
    TIM5_IRQHandler                          0x08000377   Thumb Code     0  startup_stm32h750xx.o(.text)
    TIM6_DAC_IRQHandler                      0x08000377   Thumb Code     0  startup_stm32h750xx.o(.text)
    TIM7_IRQHandler                          0x08000377   Thumb Code     0  startup_stm32h750xx.o(.text)
    TIM8_BRK_TIM12_IRQHandler                0x08000377   Thumb Code     0  startup_stm32h750xx.o(.text)
    TIM8_CC_IRQHandler                       0x08000377   Thumb Code     0  startup_stm32h750xx.o(.text)
    TIM8_TRG_COM_TIM14_IRQHandler            0x08000377   Thumb Code     0  startup_stm32h750xx.o(.text)
    TIM8_UP_TIM13_IRQHandler                 0x08000377   Thumb Code     0  startup_stm32h750xx.o(.text)
    UART4_IRQHandler                         0x08000377   Thumb Code     0  startup_stm32h750xx.o(.text)
    UART5_IRQHandler                         0x08000377   Thumb Code     0  startup_stm32h750xx.o(.text)
    UART7_IRQHandler                         0x08000377   Thumb Code     0  startup_stm32h750xx.o(.text)
    UART8_IRQHandler                         0x08000377   Thumb Code     0  startup_stm32h750xx.o(.text)
    USART2_IRQHandler                        0x08000377   Thumb Code     0  startup_stm32h750xx.o(.text)
    USART3_IRQHandler                        0x08000377   Thumb Code     0  startup_stm32h750xx.o(.text)
    USART6_IRQHandler                        0x08000377   Thumb Code     0  startup_stm32h750xx.o(.text)
    WAKEUP_PIN_IRQHandler                    0x08000377   Thumb Code     0  startup_stm32h750xx.o(.text)
    WWDG_IRQHandler                          0x08000377   Thumb Code     0  startup_stm32h750xx.o(.text)
    __user_initial_stackheap                 0x08000379   Thumb Code     0  startup_stm32h750xx.o(.text)
    __use_no_semihosting                     0x0800039d   Thumb Code     2  use_no_semi_2.o(.text)
    __aeabi_uldivmod                         0x0800039f   Thumb Code     0  lludivv7m.o(.text)
    _ll_udiv                                 0x0800039f   Thumb Code   238  lludivv7m.o(.text)
    __2printf                                0x0800048d   Thumb Code    20  noretval__2printf.o(.text)
    __printf                                 0x080004a5   Thumb Code   104  __printf.o(.text)
    _printf_int_dec                          0x0800050d   Thumb Code   104  _printf_dec.o(.text)
    _printf_int_hex                          0x08000585   Thumb Code    84  _printf_hex_int.o(.text)
    _printf_longlong_hex                     0x08000585   Thumb Code     0  _printf_hex_int.o(.text)
    __aeabi_memclr4                          0x080005dd   Thumb Code     0  rt_memclr_w.o(.text)
    __aeabi_memclr8                          0x080005dd   Thumb Code     0  rt_memclr_w.o(.text)
    __rt_memclr_w                            0x080005dd   Thumb Code    78  rt_memclr_w.o(.text)
    _memset_w                                0x080005e1   Thumb Code     0  rt_memclr_w.o(.text)
    __use_two_region_memory                  0x0800062b   Thumb Code     2  heapauxi.o(.text)
    __rt_heap_escrow$2region                 0x0800062d   Thumb Code     2  heapauxi.o(.text)
    __rt_heap_expand$2region                 0x0800062f   Thumb Code     2  heapauxi.o(.text)
    __semihosting$guard                      0x08000631   Thumb Code     0  use_no_semi.o(.text)
    __use_no_semihosting_swi                 0x08000631   Thumb Code     2  use_no_semi.o(.text)
    __read_errno                             0x08000633   Thumb Code    10  _rserrno.o(.text)
    __set_errno                              0x0800063d   Thumb Code    12  _rserrno.o(.text)
    _printf_int_common                       0x08000649   Thumb Code   178  _printf_intcommon.o(.text)
    __lib_sel_fp_printf                      0x080006fb   Thumb Code     2  _printf_fp_dec.o(.text)
    _printf_fp_dec_real                      0x080008ad   Thumb Code   620  _printf_fp_dec.o(.text)
    _printf_char_file                        0x08000b19   Thumb Code    32  _printf_char_file.o(.text)
    __rt_locale                              0x08000b3d   Thumb Code     8  rt_locale_intlibspace.o(.text)
    __aeabi_errno_addr                       0x08000b45   Thumb Code     8  rt_errno_addr_intlibspace.o(.text)
    __errno$intlibspace                      0x08000b45   Thumb Code     0  rt_errno_addr_intlibspace.o(.text)
    __rt_errno_addr$intlibspace              0x08000b45   Thumb Code     0  rt_errno_addr_intlibspace.o(.text)
    _ll_udiv10                               0x08000b4d   Thumb Code   138  lludiv10.o(.text)
    _printf_char_common                      0x08000be3   Thumb Code    32  _printf_char_common.o(.text)
    _printf_fp_infnan                        0x08000c09   Thumb Code   112  _printf_fp_infnan.o(.text)
    _btod_etento                             0x08000c89   Thumb Code   224  bigflt0.o(.text)
    ferror                                   0x08000d6d   Thumb Code     8  ferror.o(.text)
    __user_libspace                          0x08000d75   Thumb Code     8  libspace.o(.text)
    __user_perproc_libspace                  0x08000d75   Thumb Code     0  libspace.o(.text)
    __user_perthread_libspace                0x08000d75   Thumb Code     0  libspace.o(.text)
    __user_setup_stackheap                   0x08000d7d   Thumb Code    74  sys_stackheap_outer.o(.text)
    exit                                     0x08000dc7   Thumb Code    18  exit.o(.text)
    strcmp                                   0x08000dd9   Thumb Code   104  strcmpv7m_pel.o(.text)
    _btod_d2e                                0x08000e41   Thumb Code    62  btod.o(CL$$btod_d2e)
    _d2e_denorm_low                          0x08000e7f   Thumb Code    70  btod.o(CL$$btod_d2e_denorm_low)
    _d2e_norm_op1                            0x08000ec5   Thumb Code    96  btod.o(CL$$btod_d2e_norm_op1)
    __btod_div_common                        0x08000f25   Thumb Code   696  btod.o(CL$$btod_div_common)
    _e2e                                     0x0800125d   Thumb Code   220  btod.o(CL$$btod_e2e)
    _btod_ediv                               0x08001339   Thumb Code    42  btod.o(CL$$btod_ediv)
    _btod_emul                               0x08001363   Thumb Code    42  btod.o(CL$$btod_emul)
    __btod_mult_common                       0x0800138d   Thumb Code   580  btod.o(CL$$btod_mult_common)
    MLX90640_CalculateTo                     0x080015d1   Thumb Code  1498  mlx90640_api.o(RAMCODE)
    Array_Return_Max_Z                       0x08001bbd   Thumb Code    32  mlx90640.o(i.Array_Return_Max_Z)
    Array_Return_Min_Z                       0x08001bdd   Thumb Code    32  mlx90640.o(i.Array_Return_Min_Z)
    Bilinear_Interpolation                   0x08001bfd   Thumb Code   388  mlx90640.o(i.Bilinear_Interpolation)
    BusFault_Handler                         0x08001d89   Thumb Code     4  stm32h7xx_it.o(i.BusFault_Handler)
    CheckAdjacentPixels                      0x08001d8d   Thumb Code    58  mlx90640_api.o(i.CheckAdjacentPixels)
    CheckEEPROMValid                         0x08001dc7   Thumb Code    20  mlx90640_api.o(i.CheckEEPROMValid)
    DCMI_IRQHandler                          0x08001ec5   Thumb Code    10  ova5640_dcmi.o(i.DCMI_IRQHandler)
    DMA2_Stream1_IRQHandler                  0x08001ed5   Thumb Code    12  ova5640_dcmi.o(i.DMA2_Stream1_IRQHandler)
    DMA2_Stream3_IRQHandler                  0x08001ee5   Thumb Code    20  mlx90640.o(i.DMA2_Stream3_IRQHandler)
    DMA_ShowString                           0x08002559   Thumb Code    86  lcd.o(i.DMA_ShowString)
    DMA_Start                                0x080025b5   Thumb Code    64  mlx90640.o(i.DMA_Start)
    DMA_Start_STR                            0x080025fd   Thumb Code    62  mlx90640.o(i.DMA_Start_STR)
    DebugMon_Handler                         0x08002645   Thumb Code     2  stm32h7xx_it.o(i.DebugMon_Handler)
    Disp_Temp_Pia                            0x08002649   Thumb Code   488  mlx90640.o(i.Disp_Temp_Pia)
    ExtractAlphaParameters                   0x08002855   Thumb Code   584  mlx90640_api.o(i.ExtractAlphaParameters)
    ExtractCILCParameters                    0x08002aa1   Thumb Code   268  mlx90640_api.o(i.ExtractCILCParameters)
    ExtractCPParameters                      0x08002bb5   Thumb Code   496  mlx90640_api.o(i.ExtractCPParameters)
    ExtractDeviatingPixels                   0x08002dbd   Thumb Code   350  mlx90640_api.o(i.ExtractDeviatingPixels)
    ExtractGainParameters                    0x08002f1b   Thumb Code    20  mlx90640_api.o(i.ExtractGainParameters)
    ExtractKsTaParameters                    0x08002f31   Thumb Code    62  mlx90640_api.o(i.ExtractKsTaParameters)
    ExtractKsToParameters                    0x08002f7d   Thumb Code   262  mlx90640_api.o(i.ExtractKsToParameters)
    ExtractKtaPixelParameters                0x0800308d   Thumb Code   472  mlx90640_api.o(i.ExtractKtaPixelParameters)
    ExtractKvPixelParameters                 0x08003265   Thumb Code   304  mlx90640_api.o(i.ExtractKvPixelParameters)
    ExtractOffsetParameters                  0x08003395   Thumb Code   448  mlx90640_api.o(i.ExtractOffsetParameters)
    ExtractPTATParameters                    0x08003555   Thumb Code   192  mlx90640_api.o(i.ExtractPTATParameters)
    ExtractResolutionParameters              0x08003625   Thumb Code    14  mlx90640_api.o(i.ExtractResolutionParameters)
    ExtractTgcParameters                     0x08003635   Thumb Code    60  mlx90640_api.o(i.ExtractTgcParameters)
    ExtractVDDParameters                     0x0800367d   Thumb Code    52  mlx90640_api.o(i.ExtractVDDParameters)
    Generate_PixelBuffer                     0x080036b1   Thumb Code   148  gui.o(i.Generate_PixelBuffer)
    GrayToPseColor                           0x08003749   Thumb Code  2488  rgb565.o(i.GrayToPseColor)
    HAL_DCMI_ErrorCallback                   0x08004101   Thumb Code     2  stm32h7xx_hal_dcmi.o(i.HAL_DCMI_ErrorCallback)
    HAL_DCMI_FrameEventCallback              0x08004105   Thumb Code    16  ova5640_dcmi.o(i.HAL_DCMI_FrameEventCallback)
    HAL_DCMI_IRQHandler                      0x08004119   Thumb Code   176  stm32h7xx_hal_dcmi.o(i.HAL_DCMI_IRQHandler)
    HAL_DCMI_Init                            0x080041cd   Thumb Code   156  stm32h7xx_hal_dcmi.o(i.HAL_DCMI_Init)
    HAL_DCMI_LineEventCallback               0x0800426d   Thumb Code     2  stm32h7xx_hal_dcmi.o(i.HAL_DCMI_LineEventCallback)
    HAL_DCMI_MspInit                         0x08004271   Thumb Code   838  ova5640_dcmi.o(i.HAL_DCMI_MspInit)
    HAL_DCMI_Start_DMA                       0x080045dd   Thumb Code   278  stm32h7xx_hal_dcmi.o(i.HAL_DCMI_Start_DMA)
    HAL_DCMI_Stop                            0x080046fd   Thumb Code   138  stm32h7xx_hal_dcmi.o(i.HAL_DCMI_Stop)
    HAL_DCMI_VsyncEventCallback              0x0800478d   Thumb Code     2  stm32h7xx_hal_dcmi.o(i.HAL_DCMI_VsyncEventCallback)
    HAL_DMAEx_ChangeMemory                   0x08004791   Thumb Code   198  stm32h7xx_hal_dma_ex.o(i.HAL_DMAEx_ChangeMemory)
    HAL_DMAEx_MultiBufferStart_IT            0x08004861   Thumb Code  1328  stm32h7xx_hal_dma_ex.o(i.HAL_DMAEx_MultiBufferStart_IT)
    HAL_DMA_Abort                            0x08004d99   Thumb Code  1236  stm32h7xx_hal_dma.o(i.HAL_DMA_Abort)
    HAL_DMA_Abort_IT                         0x08005275   Thumb Code   906  stm32h7xx_hal_dma.o(i.HAL_DMA_Abort_IT)
    HAL_DMA_GetError                         0x0800560d   Thumb Code     6  stm32h7xx_hal_dma.o(i.HAL_DMA_GetError)
    HAL_DMA_IRQHandler                       0x08005615   Thumb Code  2798  stm32h7xx_hal_dma.o(i.HAL_DMA_IRQHandler)
    HAL_DMA_Init                             0x0800610d   Thumb Code  1304  stm32h7xx_hal_dma.o(i.HAL_DMA_Init)
    HAL_DMA_Start_IT                         0x0800662d   Thumb Code   980  stm32h7xx_hal_dma.o(i.HAL_DMA_Start_IT)
    HAL_EnableCompensationCell               0x08006a0d   Thumb Code    14  stm32h7xx_hal.o(i.HAL_EnableCompensationCell)
    HAL_GPIO_DeInit                          0x08006a21   Thumb Code   328  stm32h7xx_hal_gpio.o(i.HAL_GPIO_DeInit)
    HAL_GPIO_Init                            0x08006b99   Thumb Code   456  stm32h7xx_hal_gpio.o(i.HAL_GPIO_Init)
    HAL_GPIO_ReadPin                         0x08006d95   Thumb Code    16  stm32h7xx_hal_gpio.o(i.HAL_GPIO_ReadPin)
    HAL_GPIO_WritePin                        0x08006da5   Thumb Code    12  stm32h7xx_hal_gpio.o(i.HAL_GPIO_WritePin)
    HAL_GetREVID                             0x08006db1   Thumb Code     8  stm32h7xx_hal.o(i.HAL_GetREVID)
    HAL_GetTick                              0x08006dbd   Thumb Code     6  stm32h7xx_hal.o(i.HAL_GetTick)
    HAL_IncTick                              0x08006dc9   Thumb Code    16  stm32h7xx_hal.o(i.HAL_IncTick)
    HAL_Init                                 0x08006de1   Thumb Code    80  stm32h7xx_hal.o(i.HAL_Init)
    HAL_InitTick                             0x08006e41   Thumb Code    74  stm32h7xx_hal.o(i.HAL_InitTick)
    HAL_MPU_ConfigRegion                     0x08006e99   Thumb Code    88  stm32h7xx_hal_cortex.o(i.HAL_MPU_ConfigRegion)
    HAL_MPU_Disable                          0x08006ef5   Thumb Code    38  stm32h7xx_hal_cortex.o(i.HAL_MPU_Disable)
    HAL_MPU_Enable                           0x08006f21   Thumb Code    58  stm32h7xx_hal_cortex.o(i.HAL_MPU_Enable)
    HAL_MspInit                              0x08006f61   Thumb Code     2  stm32h7xx_hal.o(i.HAL_MspInit)
    HAL_NVIC_EnableIRQ                       0x08006f63   Thumb Code    40  stm32h7xx_hal_cortex.o(i.HAL_NVIC_EnableIRQ)
    HAL_NVIC_SetPriority                     0x08006f8b   Thumb Code   122  stm32h7xx_hal_cortex.o(i.HAL_NVIC_SetPriority)
    HAL_NVIC_SetPriorityGrouping             0x08007005   Thumb Code    32  stm32h7xx_hal_cortex.o(i.HAL_NVIC_SetPriorityGrouping)
    HAL_PWREx_ConfigSupply                   0x0800702d   Thumb Code    90  stm32h7xx_hal_pwr_ex.o(i.HAL_PWREx_ConfigSupply)
    HAL_QSPI_AutoPolling                     0x0800708d   Thumb Code   202  stm32h7xx_hal_qspi.o(i.HAL_QSPI_AutoPolling)
    HAL_QSPI_Command                         0x08007157   Thumb Code   164  stm32h7xx_hal_qspi.o(i.HAL_QSPI_Command)
    HAL_QSPI_DeInit                          0x080071fb   Thumb Code    40  stm32h7xx_hal_qspi.o(i.HAL_QSPI_DeInit)
    HAL_QSPI_Init                            0x08007225   Thumb Code   168  stm32h7xx_hal_qspi.o(i.HAL_QSPI_Init)
    HAL_QSPI_MemoryMapped                    0x080072d5   Thumb Code   172  stm32h7xx_hal_qspi.o(i.HAL_QSPI_MemoryMapped)
    HAL_QSPI_MspDeInit                       0x08007381   Thumb Code    44  sys.o(i.HAL_QSPI_MspDeInit)
    HAL_QSPI_MspInit                         0x080073b9   Thumb Code   212  sys.o(i.HAL_QSPI_MspInit)
    HAL_QSPI_SetTimeout                      0x080074a1   Thumb Code     4  stm32h7xx_hal_qspi.o(i.HAL_QSPI_SetTimeout)
    HAL_RCCEx_GetD3PCLK1Freq                 0x080074a5   Thumb Code    26  stm32h7xx_hal_rcc_ex.o(i.HAL_RCCEx_GetD3PCLK1Freq)
    HAL_RCCEx_GetPLL2ClockFreq               0x080074c9   Thumb Code   536  stm32h7xx_hal_rcc_ex.o(i.HAL_RCCEx_GetPLL2ClockFreq)
    HAL_RCCEx_GetPLL3ClockFreq               0x080076f9   Thumb Code   536  stm32h7xx_hal_rcc_ex.o(i.HAL_RCCEx_GetPLL3ClockFreq)
    HAL_RCCEx_PeriphCLKConfig                0x08007929   Thumb Code  3432  stm32h7xx_hal_rcc_ex.o(i.HAL_RCCEx_PeriphCLKConfig)
    HAL_RCC_ClockConfig                      0x08008691   Thumb Code   774  stm32h7xx_hal_rcc.o(i.HAL_RCC_ClockConfig)
    HAL_RCC_GetHCLKFreq                      0x080089b1   Thumb Code    60  stm32h7xx_hal_rcc.o(i.HAL_RCC_GetHCLKFreq)
    HAL_RCC_GetPCLK1Freq                     0x080089fd   Thumb Code    26  stm32h7xx_hal_rcc.o(i.HAL_RCC_GetPCLK1Freq)
    HAL_RCC_GetPCLK2Freq                     0x08008a21   Thumb Code    26  stm32h7xx_hal_rcc.o(i.HAL_RCC_GetPCLK2Freq)
    HAL_RCC_GetSysClockFreq                  0x08008a45   Thumb Code   524  stm32h7xx_hal_rcc.o(i.HAL_RCC_GetSysClockFreq)
    HAL_RCC_OscConfig                        0x08008c71   Thumb Code  2130  stm32h7xx_hal_rcc.o(i.HAL_RCC_OscConfig)
    HAL_SPI_Abort                            0x080094c9   Thumb Code   376  stm32h7xx_hal_spi.o(i.HAL_SPI_Abort)
    HAL_SPI_ErrorCallback                    0x08009645   Thumb Code     2  stm32h7xx_hal_spi.o(i.HAL_SPI_ErrorCallback)
    HAL_SPI_Init                             0x08009649   Thumb Code   658  stm32h7xx_hal_spi.o(i.HAL_SPI_Init)
    HAL_SPI_MspInit                          0x080098e9   Thumb Code   268  spi.o(i.HAL_SPI_MspInit)
    HAL_SPI_TransmitReceive                  0x08009a01   Thumb Code   758  stm32h7xx_hal_spi.o(i.HAL_SPI_TransmitReceive)
    HAL_SPI_Transmit_DMA                     0x08009cf9   Thumb Code   486  stm32h7xx_hal_spi.o(i.HAL_SPI_Transmit_DMA)
    HAL_SPI_TxCpltCallback                   0x08009eed   Thumb Code    46  main.o(i.HAL_SPI_TxCpltCallback)
    HAL_SPI_TxHalfCpltCallback               0x08009f49   Thumb Code     2  stm32h7xx_hal_spi.o(i.HAL_SPI_TxHalfCpltCallback)
    HAL_SYSCFG_CompensationCodeSelect        0x08009f4d   Thumb Code    16  stm32h7xx_hal.o(i.HAL_SYSCFG_CompensationCodeSelect)
    HAL_SYSTICK_Config                       0x08009f61   Thumb Code    52  stm32h7xx_hal_cortex.o(i.HAL_SYSTICK_Config)
    HAL_UARTEx_RxEventCallback               0x08009f95   Thumb Code     2  stm32h7xx_hal_uart.o(i.HAL_UARTEx_RxEventCallback)
    HAL_UARTEx_RxFifoFullCallback            0x08009f97   Thumb Code     2  stm32h7xx_hal_uart_ex.o(i.HAL_UARTEx_RxFifoFullCallback)
    HAL_UARTEx_TxFifoEmptyCallback           0x08009f99   Thumb Code     2  stm32h7xx_hal_uart_ex.o(i.HAL_UARTEx_TxFifoEmptyCallback)
    HAL_UARTEx_WakeupCallback                0x08009f9b   Thumb Code     2  stm32h7xx_hal_uart_ex.o(i.HAL_UARTEx_WakeupCallback)
    HAL_UART_ErrorCallback                   0x08009f9d   Thumb Code     2  stm32h7xx_hal_uart.o(i.HAL_UART_ErrorCallback)
    HAL_UART_IRQHandler                      0x08009fa1   Thumb Code  1172  stm32h7xx_hal_uart.o(i.HAL_UART_IRQHandler)
    HAL_UART_Init                            0x0800a435   Thumb Code   120  stm32h7xx_hal_uart.o(i.HAL_UART_Init)
    HAL_UART_MspInit                         0x0800a4ad   Thumb Code   208  usart.o(i.HAL_UART_MspInit)
    HAL_UART_Receive_IT                      0x0800a58d   Thumb Code    88  stm32h7xx_hal_uart.o(i.HAL_UART_Receive_IT)
    HAL_UART_RxCpltCallback                  0x0800a5e9   Thumb Code   134  usart.o(i.HAL_UART_RxCpltCallback)
    HAL_UART_TxCpltCallback                  0x0800a685   Thumb Code     2  stm32h7xx_hal_uart.o(i.HAL_UART_TxCpltCallback)
    HardFault_Handler                        0x0800a687   Thumb Code     4  stm32h7xx_it.o(i.HardFault_Handler)
    I2CReadBytes                             0x0800a68d   Thumb Code   148  mlx90640_swi2c_driver.o(i.I2CReadBytes)
    I2CReceiveAck                            0x0800a729   Thumb Code    92  mlx90640_swi2c_driver.o(i.I2CReceiveAck)
    I2CRepeatedStart                         0x0800a78d   Thumb Code    92  mlx90640_swi2c_driver.o(i.I2CRepeatedStart)
    I2CSendACK                               0x0800a7f1   Thumb Code    72  mlx90640_swi2c_driver.o(i.I2CSendACK)
    I2CSendByte                              0x0800a841   Thumb Code   128  mlx90640_swi2c_driver.o(i.I2CSendByte)
    I2CSendNack                              0x0800a8c9   Thumb Code    78  mlx90640_swi2c_driver.o(i.I2CSendNack)
    I2CStart                                 0x0800a921   Thumb Code    72  mlx90640_swi2c_driver.o(i.I2CStart)
    I2CStop                                  0x0800a971   Thumb Code    72  mlx90640_swi2c_driver.o(i.I2CStop)
    Init_StringBuffers                       0x0800a9c1   Thumb Code    46  lcd.o(i.Init_StringBuffers)
    LCD_Clear                                0x0800aa15   Thumb Code    96  lcd.o(i.LCD_Clear)
    LCD_Fill_BUF                             0x0800aa7d   Thumb Code   104  lcd.o(i.LCD_Fill_BUF)
    LCD_GPIOInit                             0x0800aae9   Thumb Code    58  lcd.o(i.LCD_GPIOInit)
    LCD_Init                                 0x0800ab2d   Thumb Code   596  lcd.o(i.LCD_Init)
    LCD_RESET                                0x0800ad91   Thumb Code    38  lcd.o(i.LCD_RESET)
    LCD_SetWindows                           0x0800adbd   Thumb Code    84  lcd.o(i.LCD_SetWindows)
    LCD_WR_DATA                              0x0800ae15   Thumb Code    44  lcd.o(i.LCD_WR_DATA)
    LCD_WR_REG                               0x0800ae45   Thumb Code    46  lcd.o(i.LCD_WR_REG)
    LCD_WriteRAM_Prepare                     0x0800ae79   Thumb Code    12  lcd.o(i.LCD_WriteRAM_Prepare)
    LCD_WriteReg                             0x0800ae89   Thumb Code    20  lcd.o(i.LCD_WriteReg)
    LCD_direction                            0x0800ae9d   Thumb Code   128  lcd.o(i.LCD_direction)
    Lcd_WriteData_16Bit                      0x0800af21   Thumb Code    50  lcd.o(i.Lcd_WriteData_16Bit)
    MLX90640_DumpEE                          0x0800af59   Thumb Code    24  mlx90640_api.o(i.MLX90640_DumpEE)
    MLX90640_ExtractParameters               0x0800af71   Thumb Code   136  mlx90640_api.o(i.MLX90640_ExtractParameters)
    MLX90640_GetFrameData                    0x0800aff9   Thumb Code   196  mlx90640_api.o(i.MLX90640_GetFrameData)
    MLX90640_GetTa                           0x0800b0bd   Thumb Code   218  mlx90640_api.o(i.MLX90640_GetTa)
    MLX90640_GetVdd                          0x0800b1a5   Thumb Code   166  mlx90640_api.o(i.MLX90640_GetVdd)
    MLX90640_I2CInit                         0x0800b259   Thumb Code   130  mlx90640_swi2c_driver.o(i.MLX90640_I2CInit)
    MLX90640_I2CRead                         0x0800b2f5   Thumb Code   246  mlx90640_swi2c_driver.o(i.MLX90640_I2CRead)
    MLX90640_I2CWrite                        0x0800b3f1   Thumb Code   154  mlx90640_swi2c_driver.o(i.MLX90640_I2CWrite)
    MLX90640_Init                            0x0800b495   Thumb Code   254  mlx90640.o(i.MLX90640_Init)
    MLX90640_SetChessMode                    0x0800b645   Thumb Code    48  mlx90640_api.o(i.MLX90640_SetChessMode)
    MLX90640_SetRefreshRate                  0x0800b675   Thumb Code    58  mlx90640_api.o(i.MLX90640_SetRefreshRate)
    MemManage_Handler                        0x0800b6af   Thumb Code     4  stm32h7xx_it.o(i.MemManage_Handler)
    Mlx90640_Get_Frame                       0x0800b6b5   Thumb Code   220  mlx90640.o(i.Mlx90640_Get_Frame)
    NMI_Handler                              0x0800b7bd   Thumb Code     2  stm32h7xx_it.o(i.NMI_Handler)
    PendSV_Handler                           0x0800b7bf   Thumb Code     2  stm32h7xx_it.o(i.PendSV_Handler)
    RGB565                                   0x0800bcbd   Thumb Code    24  rgb565.o(i.RGB565)
    RGB565_change                            0x0800bcd5   Thumb Code   200  rgb565.o(i.RGB565_change)
    SPI_DMA_Init                             0x0800bf99   Thumb Code   130  mlx90640.o(i.SPI_DMA_Init)
    SVC_Handler                              0x0800c095   Thumb Code     2  stm32h7xx_it.o(i.SVC_Handler)
    SysTick_Handler                          0x0800c097   Thumb Code     8  stm32h7xx_it.o(i.SysTick_Handler)
    SystemInit                               0x0800c0a1   Thumb Code   212  system_stm32h7xx.o(i.SystemInit)
    UART_AdvFeatureConfig                    0x0800c19d   Thumb Code   248  stm32h7xx_hal_uart.o(i.UART_AdvFeatureConfig)
    UART_CheckIdleState                      0x0800c295   Thumb Code   234  stm32h7xx_hal_uart.o(i.UART_CheckIdleState)
    UART_SetConfig                           0x0800ca31   Thumb Code  1402  stm32h7xx_hal_uart.o(i.UART_SetConfig)
    UART_Start_Receive_IT                    0x0800cfbd   Thumb Code   332  stm32h7xx_hal_uart.o(i.UART_Start_Receive_IT)
    UART_WaitOnFlagUntilTimeout              0x0800d119   Thumb Code   162  stm32h7xx_hal_uart.o(i.UART_WaitOnFlagUntilTimeout)
    USART1_IRQHandler                        0x0800d1bd   Thumb Code    10  usart.o(i.USART1_IRQHandler)
    UsageFault_Handler                       0x0800d1cd   Thumb Code     4  stm32h7xx_it.o(i.UsageFault_Handler)
    VO5640_Init                              0x0800d1d1   Thumb Code   216  ova5640_demo.o(i.VO5640_Init)
    Wait                                     0x0800d301   Thumb Code    14  mlx90640_swi2c_driver.o(i.Wait)
    __ARM_fpclassify                         0x0800d30f   Thumb Code    48  fpclassify.o(i.__ARM_fpclassify)
    __hardfp_pow                             0x0800d379   Thumb Code  2140  pow.o(i.__hardfp_pow)
    __hardfp_round                           0x0800dc71   Thumb Code   136  round.o(i.__hardfp_round)
    __hardfp_sqrt                            0x0800dd11   Thumb Code   102  sqrt.o(i.__hardfp_sqrt)
    __kernel_poly                            0x0800dd77   Thumb Code   112  poly.o(i.__kernel_poly)
    __mathlib_dbl_divzero                    0x0800dde9   Thumb Code    14  dunder.o(i.__mathlib_dbl_divzero)
    __mathlib_dbl_infnan2                    0x0800de09   Thumb Code     6  dunder.o(i.__mathlib_dbl_infnan2)
    __mathlib_dbl_invalid                    0x0800de11   Thumb Code    10  dunder.o(i.__mathlib_dbl_invalid)
    __mathlib_dbl_overflow                   0x0800de29   Thumb Code    10  dunder.o(i.__mathlib_dbl_overflow)
    __mathlib_dbl_underflow                  0x0800de41   Thumb Code    10  dunder.o(i.__mathlib_dbl_underflow)
    _sys_exit                                0x0800de59   Thumb Code     4  usart.o(i._sys_exit)
    atk_mc5640_auto_focus_continuance        0x0800de5d   Thumb Code   130  ova5640.o(i.atk_mc5640_auto_focus_continuance)
    atk_mc5640_auto_focus_init               0x0800dee1   Thumb Code   188  ova5640.o(i.atk_mc5640_auto_focus_init)
    atk_mc5640_dcmi_init                     0x0800dfa1   Thumb Code    36  ova5640_dcmi.o(i.atk_mc5640_dcmi_init)
    atk_mc5640_dcmi_start                    0x0800dfcd   Thumb Code    88  ova5640_dcmi.o(i.atk_mc5640_dcmi_start)
    atk_mc5640_get_frame                     0x0800e08d   Thumb Code   176  ova5640.o(i.atk_mc5640_get_frame)
    atk_mc5640_init                          0x0800e269   Thumb Code    60  ova5640.o(i.atk_mc5640_init)
    atk_mc5640_sccb_2_phase_read             0x0800e2eb   Thumb Code    34  sccb.o(i.atk_mc5640_sccb_2_phase_read)
    atk_mc5640_sccb_2_phase_write            0x0800e30d   Thumb Code    40  sccb.o(i.atk_mc5640_sccb_2_phase_write)
    atk_mc5640_sccb_3_phase_write            0x0800e335   Thumb Code    48  sccb.o(i.atk_mc5640_sccb_3_phase_write)
    atk_mc5640_sccb_init                     0x0800e371   Thumb Code   130  sccb.o(i.atk_mc5640_sccb_init)
    atk_mc5640_set_brightness                0x0800e615   Thumb Code   412  ova5640.o(i.atk_mc5640_set_brightness)
    atk_mc5640_set_color_saturation          0x0800e7b1   Thumb Code   502  ova5640.o(i.atk_mc5640_set_color_saturation)
    atk_mc5640_set_contrast                  0x0800e9a7   Thumb Code   502  ova5640.o(i.atk_mc5640_set_contrast)
    atk_mc5640_set_exposure_level            0x0800eb9d   Thumb Code   728  ova5640.o(i.atk_mc5640_set_exposure_level)
    atk_mc5640_set_hue                       0x0800ee75   Thumb Code   666  ova5640.o(i.atk_mc5640_set_hue)
    atk_mc5640_set_light_mode                0x0800f10f   Thumb Code   594  ova5640.o(i.atk_mc5640_set_light_mode)
    atk_mc5640_set_mirror_flip               0x0800f361   Thumb Code   256  ova5640.o(i.atk_mc5640_set_mirror_flip)
    atk_mc5640_set_output_format             0x0800f461   Thumb Code    82  ova5640.o(i.atk_mc5640_set_output_format)
    atk_mc5640_set_output_size               0x0800f4bd   Thumb Code   136  ova5640.o(i.atk_mc5640_set_output_size)
    atk_mc5640_set_sharpness_level           0x0800f545   Thumb Code   326  ova5640.o(i.atk_mc5640_set_sharpness_level)
    atk_mc5640_set_special_effect            0x0800f68b   Thumb Code   286  ova5640.o(i.atk_mc5640_set_special_effect)
    atk_mc5640_set_test_pattern              0x0800f7a9   Thumb Code    92  ova5640.o(i.atk_mc5640_set_test_pattern)
    delay_init                               0x0800f845   Thumb Code     6  delay.o(i.delay_init)
    delay_ms                                 0x0800f851   Thumb Code    18  delay.o(i.delay_ms)
    delay_us                                 0x0800f865   Thumb Code    68  delay.o(i.delay_us)
    demo_run                                 0x0800f8b1   Thumb Code   100  ova5640_demo.o(i.demo_run)
    fabs                                     0x0800f929   Thumb Code    24  fabs.o(i.fabs)
    fputc                                    0x0800f941   Thumb Code    22  usart.o(i.fputc)
    key_init                                 0x0800f95d   Thumb Code   242  key.o(i.key_init)
    main                                     0x0800fa5d   Thumb Code   508  main.o(i.main)
    mlx90640_buf_copy                        0x0800fc79   Thumb Code    68  mlx90640.o(i.mlx90640_buf_copy)
    spi2_init                                0x0800fcc9   Thumb Code    88  spi.o(i.spi2_init)
    spi2_read_write_byte                     0x0800fd29   Thumb Code    40  spi.o(i.spi2_read_write_byte)
    spi2_set_speed                           0x0800fd6d   Thumb Code    64  spi.o(i.spi2_set_speed)
    sqrt                                     0x0800fdb1   Thumb Code   106  sqrt.o(i.sqrt)
    sys_cache_enable                         0x0800fe1d   Thumb Code   310  sys.o(i.sys_cache_enable)
    sys_qspi_enable_memmapmode               0x0800ff5d   Thumb Code   330  sys.o(i.sys_qspi_enable_memmapmode)
    sys_stm32_clock_init                     0x080100ad   Thumb Code   358  sys.o(i.sys_stm32_clock_init)
    usart_init                               0x08010225   Thumb Code    44  usart.o(i.usart_init)
    _get_lc_numeric                          0x0801025d   Thumb Code    44  lc_numeric_c.o(locale$$code)
    __fpl_dcheck_NaN1                        0x08010289   Thumb Code    10  dcheck1.o(x$fpl$dcheck1)
    __fpl_dnaninf                            0x08010299   Thumb Code   156  dnaninf.o(x$fpl$dnaninf)
    _drnd                                    0x08010335   Thumb Code   180  drnd.o(x$fpl$drnd)
    _fp_init                                 0x080103e9   Thumb Code    10  fpinit.o(x$fpl$fpinit)
    __fplib_config_fpu_vfp                   0x080103f1   Thumb Code     0  fpinit.o(x$fpl$fpinit)
    __fplib_config_pureend_doubles           0x080103f1   Thumb Code     0  fpinit.o(x$fpl$fpinit)
    _printf_fp_dec                           0x080103f3   Thumb Code     4  printf1.o(x$fpl$printf1)
    __fpl_return_NaN                         0x080103f7   Thumb Code   100  retnan.o(x$fpl$retnan)
    __ARM_scalbn                             0x0801045b   Thumb Code    92  scalbn.o(x$fpl$scalbn)
    __fpl_cmpreturn                          0x080104b7   Thumb Code    48  trapv.o(x$fpl$trapveneer)
    D1CorePrescTable                         0x080104e6   Data          16  system_stm32h7xx.o(.constdata)
    __I$use$fp                               0x080104e6   Number         0  usenofp.o(x$fpl$usenofp)
    UARTPrescTable                           0x080104fe   Data          24  stm32h7xx_hal_uart.o(.constdata)
    asc2_1206                                0x08010516   Data        1140  gui.o(.constdata)
    asc2_1608                                0x0801098a   Data        1520  gui.o(.constdata)
    tfont16                                  0x08010f7a   Data        2108  gui.o(.constdata)
    tfont24                                  0x080117b6   Data         518  gui.o(.constdata)
    tfont32                                  0x080119bc   Data         520  gui.o(.constdata)
    atk_mc5640_init_cfg                      0x08011bc4   Data         828  ova5640.o(.constdata)
    atk_mc5640_rgb565_cfg                    0x08011f00   Data         180  ova5640.o(.constdata)
    atk_mc5640_jpeg_cfg                      0x08011fb4   Data         164  ova5640.o(.constdata)
    atk_mc5640_auto_focus_firmware           0x08012058   Data        4077  ova5640.o(.constdata)
    __mathlib_zero                           0x080130f8   Data           8  qnan.o(.constdata)
    Region$$Table$$Base                      0x08013194   Number         0  anon$$obj.o(Region$$Table)
    Region$$Table$$Limit                     0x080131b4   Number         0  anon$$obj.o(Region$$Table)
    dmaTransferComplete                      0x24000000   Data           1  main.o(.data)
    scount                                   0x24000002   Data           2  main.o(.data)
    SystemCoreClock                          0x24000004   Data           4  system_stm32h7xx.o(.data)
    SystemD2Clock                            0x24000008   Data           4  system_stm32h7xx.o(.data)
    mts                                      0x2400000c   Data           2  ova5640_demo.o(.data)
    nts                                      0x2400000e   Data           2  ova5640_demo.o(.data)
    __stdout                                 0x24000014   Data           4  usart.o(.data)
    g_usart_rx_sta                           0x24000018   Data           2  usart.o(.data)
    g_rx_buffer                              0x2400001a   Data           1  usart.o(.data)
    uwTick                                   0x2400001c   Data           4  stm32h7xx_hal.o(.data)
    uwTickPrio                               0x24000020   Data           4  stm32h7xx_hal.o(.data)
    uwTickFreq                               0x24000024   Data           1  stm32h7xx_hal.o(.data)
    scount2                                  0x24000028   Data           2  mlx90640.o(.data)
    cmt                                      0x2400002a   Data           2  mlx90640.o(.data)
    mlx90640_max_temp                        0x2400002c   Data           2  mlx90640.o(.data)
    mlx90640_min_temp                        0x2400002e   Data           2  mlx90640.o(.data)
    mlx90640_med_temp                        0x24000030   Data           2  mlx90640.o(.data)
    color1                                   0x24000032   Data           3  mlx90640.o(.data)
    color                                    0x24000038   Data           4  mlx90640.o(.data)
    Ta                                       0x2400003c   Data           4  mlx90640.o(.data)
    emissivity                               0x24000040   Data           4  mlx90640.o(.data)
    k                                        0x24000044   Data           4  mlx90640.o(.data)
    status                                   0x24000048   Data           4  mlx90640.o(.data)
    i                                        0x2400004c   Data           4  mlx90640.o(.data)
    vdd                                      0x24000050   Data           4  mlx90640.o(.data)
    count                                    0x24000054   Data           2  mlx90640.o(.data)
    mlx90640_status                          0x24000056   Data           2  mlx90640.o(.data)
    freqCnt                                  0x24000058   Data           4  mlx90640_swi2c_driver.o(.data)
    rcc_periph_clk_init_struct               0x24000060   Data         192  sys.o(.bss)
    g_usart_rx_buf                           0x24000120   Data         200  usart.o(.bss)
    g_uart1_handle                           0x240001e8   Data         148  usart.o(.bss)
    g_spi2_handle                            0x2400027c   Data         136  spi.o(.bss)
    __libspace_start                         0x240003dc   Data          96  libspace.o(.bss)
    __temporary_stack_top$libspace           0x2400043c   Data           0  libspace.o(.bss)
    rgb                                      0x24000500   Data        1536  mlx90640.o(.ARM.__AT_0x24000500)
    mix                                      0x24000b00   Data       153600  main.o(.bss)
    ww                                       0x24026300   Data        6400  main.o(.bss)
    receve_t                                 0x24027c00   Data        6400  ova5640_demo.o(.bss)
    lcddev                                   0x24029500   Data          14  lcd.o(.bss)
    color_double                             0x2402950e   Data        6400  lcd.o(.bss)
    color_double2                            0x2402ae0e   Data        1024  lcd.o(.bss)
    pixel_buf_min                            0x2402b20e   Data        1024  lcd.o(.bss)
    pixel_buf_max                            0x2402b60e   Data        1024  lcd.o(.bss)
    pixel_buf_med                            0x2402ba0e   Data        1024  lcd.o(.bss)
    hdma_memtomem_dma2_stream6               0x2402be10   Data         120  mlx90640.o(.bss)
    data                                     0x2402be88   Data        4096  mlx90640.o(.bss)
    data2                                    0x2402ce88   Data        3072  mlx90640.o(.bss)
    temp                                     0x2402fa82   Data       153600  mlx90640.o(.bss)
    x_line                                   0x24055282   Data        1536  mlx90640.o(.bss)
    y_list                                   0x24055882   Data        1536  mlx90640.o(.bss)
    pin_x                                    0x24055e82   Data        1536  mlx90640.o(.bss)
    pin_y                                    0x24056482   Data        1536  mlx90640.o(.bss)
    j                                        0x24056a82   Data        1536  mlx90640.o(.bss)
    m                                        0x24057082   Data        1536  mlx90640.o(.bss)
    mlx90640                                 0x24057684   Data       10864  mlx90640.o(.bss)
    receve                                   0x30000000   Data       153600  ova5640_demo.o(.ARM.__AT_0x30000000)



==============================================================================

Memory Map of the image

  Image Entry point : 0x08000299

  Load Region LR_IROM1 (Base: 0x08000000, Size: 0x00013230, Max: 0x00020000, ABSOLUTE)

    Execution Region ER_IROM1 (Exec base: 0x08000000, Load base: 0x08000000, Size: 0x000131d0, Max: 0x00020000, ABSOLUTE)

    Exec Addr    Load Addr    Size         Type   Attr      Idx    E Section Name        Object

    0x08000000   0x08000000   0x00000298   Data   RO            3    RESET               startup_stm32h750xx.o
    0x08000298   0x08000298   0x00000008   Code   RO         4901  * !!!main             c_w.l(__main.o)
    0x080002a0   0x080002a0   0x00000034   Code   RO         5194    !!!scatter          c_w.l(__scatter.o)
    0x080002d4   0x080002d4   0x0000001a   Code   RO         5196    !!handler_copy      c_w.l(__scatter_copy.o)
    0x080002ee   0x080002ee   0x00000002   PAD
    0x080002f0   0x080002f0   0x0000001c   Code   RO         5198    !!handler_zi        c_w.l(__scatter_zi.o)
    0x0800030c   0x0800030c   0x00000000   Code   RO         4894    .ARM.Collect$$_printf_percent$$00000000  c_w.l(_printf_percent.o)
    0x0800030c   0x0800030c   0x00000006   Code   RO         4893    .ARM.Collect$$_printf_percent$$00000003  c_w.l(_printf_f.o)
    0x08000312   0x08000312   0x00000006   Code   RO         4892    .ARM.Collect$$_printf_percent$$00000009  c_w.l(_printf_d.o)
    0x08000318   0x08000318   0x00000006   Code   RO         4891    .ARM.Collect$$_printf_percent$$0000000C  c_w.l(_printf_x.o)
    0x0800031e   0x0800031e   0x00000004   Code   RO         4950    .ARM.Collect$$_printf_percent$$00000017  c_w.l(_printf_percent_end.o)
    0x08000322   0x08000322   0x00000002   Code   RO         5072    .ARM.Collect$$libinit$$00000000  c_w.l(libinit.o)
    0x08000324   0x08000324   0x00000004   Code   RO         5073    .ARM.Collect$$libinit$$00000001  c_w.l(libinit2.o)
    0x08000328   0x08000328   0x00000000   Code   RO         5076    .ARM.Collect$$libinit$$00000004  c_w.l(libinit2.o)
    0x08000328   0x08000328   0x00000000   Code   RO         5079    .ARM.Collect$$libinit$$0000000A  c_w.l(libinit2.o)
    0x08000328   0x08000328   0x00000000   Code   RO         5081    .ARM.Collect$$libinit$$0000000C  c_w.l(libinit2.o)
    0x08000328   0x08000328   0x00000000   Code   RO         5083    .ARM.Collect$$libinit$$0000000E  c_w.l(libinit2.o)
    0x08000328   0x08000328   0x00000006   Code   RO         5084    .ARM.Collect$$libinit$$0000000F  c_w.l(libinit2.o)
    0x0800032e   0x0800032e   0x00000000   Code   RO         5086    .ARM.Collect$$libinit$$00000011  c_w.l(libinit2.o)
    0x0800032e   0x0800032e   0x00000000   Code   RO         5088    .ARM.Collect$$libinit$$00000013  c_w.l(libinit2.o)
    0x0800032e   0x0800032e   0x00000000   Code   RO         5090    .ARM.Collect$$libinit$$00000015  c_w.l(libinit2.o)
    0x0800032e   0x0800032e   0x0000000a   Code   RO         5091    .ARM.Collect$$libinit$$00000016  c_w.l(libinit2.o)
    0x08000338   0x08000338   0x00000000   Code   RO         5092    .ARM.Collect$$libinit$$00000017  c_w.l(libinit2.o)
    0x08000338   0x08000338   0x00000000   Code   RO         5094    .ARM.Collect$$libinit$$00000019  c_w.l(libinit2.o)
    0x08000338   0x08000338   0x00000000   Code   RO         5096    .ARM.Collect$$libinit$$0000001B  c_w.l(libinit2.o)
    0x08000338   0x08000338   0x00000000   Code   RO         5098    .ARM.Collect$$libinit$$0000001D  c_w.l(libinit2.o)
    0x08000338   0x08000338   0x00000000   Code   RO         5100    .ARM.Collect$$libinit$$0000001F  c_w.l(libinit2.o)
    0x08000338   0x08000338   0x00000000   Code   RO         5102    .ARM.Collect$$libinit$$00000021  c_w.l(libinit2.o)
    0x08000338   0x08000338   0x00000000   Code   RO         5104    .ARM.Collect$$libinit$$00000023  c_w.l(libinit2.o)
    0x08000338   0x08000338   0x00000000   Code   RO         5106    .ARM.Collect$$libinit$$00000025  c_w.l(libinit2.o)
    0x08000338   0x08000338   0x00000000   Code   RO         5110    .ARM.Collect$$libinit$$0000002C  c_w.l(libinit2.o)
    0x08000338   0x08000338   0x00000000   Code   RO         5112    .ARM.Collect$$libinit$$0000002E  c_w.l(libinit2.o)
    0x08000338   0x08000338   0x00000000   Code   RO         5114    .ARM.Collect$$libinit$$00000030  c_w.l(libinit2.o)
    0x08000338   0x08000338   0x00000000   Code   RO         5116    .ARM.Collect$$libinit$$00000032  c_w.l(libinit2.o)
    0x08000338   0x08000338   0x00000002   Code   RO         5117    .ARM.Collect$$libinit$$00000033  c_w.l(libinit2.o)
    0x0800033a   0x0800033a   0x00000002   Code   RO         5159    .ARM.Collect$$libshutdown$$00000000  c_w.l(libshutdown.o)
    0x0800033c   0x0800033c   0x00000000   Code   RO         5177    .ARM.Collect$$libshutdown$$00000002  c_w.l(libshutdown2.o)
    0x0800033c   0x0800033c   0x00000000   Code   RO         5179    .ARM.Collect$$libshutdown$$00000004  c_w.l(libshutdown2.o)
    0x0800033c   0x0800033c   0x00000000   Code   RO         5182    .ARM.Collect$$libshutdown$$00000007  c_w.l(libshutdown2.o)
    0x0800033c   0x0800033c   0x00000000   Code   RO         5185    .ARM.Collect$$libshutdown$$0000000A  c_w.l(libshutdown2.o)
    0x0800033c   0x0800033c   0x00000000   Code   RO         5187    .ARM.Collect$$libshutdown$$0000000C  c_w.l(libshutdown2.o)
    0x0800033c   0x0800033c   0x00000000   Code   RO         5190    .ARM.Collect$$libshutdown$$0000000F  c_w.l(libshutdown2.o)
    0x0800033c   0x0800033c   0x00000002   Code   RO         5191    .ARM.Collect$$libshutdown$$00000010  c_w.l(libshutdown2.o)
    0x0800033e   0x0800033e   0x00000000   Code   RO         4937    .ARM.Collect$$rtentry$$00000000  c_w.l(__rtentry.o)
    0x0800033e   0x0800033e   0x00000000   Code   RO         4982    .ARM.Collect$$rtentry$$00000002  c_w.l(__rtentry2.o)
    0x0800033e   0x0800033e   0x00000006   Code   RO         4994    .ARM.Collect$$rtentry$$00000004  c_w.l(__rtentry4.o)
    0x08000344   0x08000344   0x00000000   Code   RO         4984    .ARM.Collect$$rtentry$$00000009  c_w.l(__rtentry2.o)
    0x08000344   0x08000344   0x00000004   Code   RO         4985    .ARM.Collect$$rtentry$$0000000A  c_w.l(__rtentry2.o)
    0x08000348   0x08000348   0x00000000   Code   RO         4987    .ARM.Collect$$rtentry$$0000000C  c_w.l(__rtentry2.o)
    0x08000348   0x08000348   0x00000008   Code   RO         4988    .ARM.Collect$$rtentry$$0000000D  c_w.l(__rtentry2.o)
    0x08000350   0x08000350   0x00000002   Code   RO         5120    .ARM.Collect$$rtexit$$00000000  c_w.l(rtexit.o)
    0x08000352   0x08000352   0x00000000   Code   RO         5135    .ARM.Collect$$rtexit$$00000002  c_w.l(rtexit2.o)
    0x08000352   0x08000352   0x00000004   Code   RO         5136    .ARM.Collect$$rtexit$$00000003  c_w.l(rtexit2.o)
    0x08000356   0x08000356   0x00000006   Code   RO         5137    .ARM.Collect$$rtexit$$00000004  c_w.l(rtexit2.o)
    0x0800035c   0x0800035c   0x00000040   Code   RO            4    .text               startup_stm32h750xx.o
    0x0800039c   0x0800039c   0x00000002   Code   RO         4838    .text               c_w.l(use_no_semi_2.o)
    0x0800039e   0x0800039e   0x000000ee   Code   RO         4840    .text               c_w.l(lludivv7m.o)
    0x0800048c   0x0800048c   0x00000018   Code   RO         4844    .text               c_w.l(noretval__2printf.o)
    0x080004a4   0x080004a4   0x00000068   Code   RO         4846    .text               c_w.l(__printf.o)
    0x0800050c   0x0800050c   0x00000078   Code   RO         4848    .text               c_w.l(_printf_dec.o)
    0x08000584   0x08000584   0x00000058   Code   RO         4853    .text               c_w.l(_printf_hex_int.o)
    0x080005dc   0x080005dc   0x0000004e   Code   RO         4897    .text               c_w.l(rt_memclr_w.o)
    0x0800062a   0x0800062a   0x00000006   Code   RO         4899    .text               c_w.l(heapauxi.o)
    0x08000630   0x08000630   0x00000002   Code   RO         4935    .text               c_w.l(use_no_semi.o)
    0x08000632   0x08000632   0x00000016   Code   RO         4942    .text               c_w.l(_rserrno.o)
    0x08000648   0x08000648   0x000000b2   Code   RO         4944    .text               c_w.l(_printf_intcommon.o)
    0x080006fa   0x080006fa   0x0000041e   Code   RO         4946    .text               c_w.l(_printf_fp_dec.o)
    0x08000b18   0x08000b18   0x00000024   Code   RO         4948    .text               c_w.l(_printf_char_file.o)
    0x08000b3c   0x08000b3c   0x00000008   Code   RO         5001    .text               c_w.l(rt_locale_intlibspace.o)
    0x08000b44   0x08000b44   0x00000008   Code   RO         5006    .text               c_w.l(rt_errno_addr_intlibspace.o)
    0x08000b4c   0x08000b4c   0x0000008a   Code   RO         5008    .text               c_w.l(lludiv10.o)
    0x08000bd6   0x08000bd6   0x00000002   PAD
    0x08000bd8   0x08000bd8   0x00000030   Code   RO         5010    .text               c_w.l(_printf_char_common.o)
    0x08000c08   0x08000c08   0x00000080   Code   RO         5012    .text               c_w.l(_printf_fp_infnan.o)
    0x08000c88   0x08000c88   0x000000e4   Code   RO         5014    .text               c_w.l(bigflt0.o)
    0x08000d6c   0x08000d6c   0x00000008   Code   RO         5039    .text               c_w.l(ferror.o)
    0x08000d74   0x08000d74   0x00000008   Code   RO         5052    .text               c_w.l(libspace.o)
    0x08000d7c   0x08000d7c   0x0000004a   Code   RO         5055    .text               c_w.l(sys_stackheap_outer.o)
    0x08000dc6   0x08000dc6   0x00000012   Code   RO         5059    .text               c_w.l(exit.o)
    0x08000dd8   0x08000dd8   0x00000068   Code   RO         5065    .text               c_w.l(strcmpv7m_pel.o)
    0x08000e40   0x08000e40   0x0000003e   Code   RO         5017    CL$$btod_d2e        c_w.l(btod.o)
    0x08000e7e   0x08000e7e   0x00000046   Code   RO         5019    CL$$btod_d2e_denorm_low  c_w.l(btod.o)
    0x08000ec4   0x08000ec4   0x00000060   Code   RO         5018    CL$$btod_d2e_norm_op1  c_w.l(btod.o)
    0x08000f24   0x08000f24   0x00000338   Code   RO         5027    CL$$btod_div_common  c_w.l(btod.o)
    0x0800125c   0x0800125c   0x000000dc   Code   RO         5024    CL$$btod_e2e        c_w.l(btod.o)
    0x08001338   0x08001338   0x0000002a   Code   RO         5021    CL$$btod_ediv       c_w.l(btod.o)
    0x08001362   0x08001362   0x0000002a   Code   RO         5020    CL$$btod_emul       c_w.l(btod.o)
    0x0800138c   0x0800138c   0x00000244   Code   RO         5026    CL$$btod_mult_common  c_w.l(btod.o)
    0x080015d0   0x080015d0   0x000005ec   Code   RO         4143    RAMCODE             mlx90640_api.o
    0x08001bbc   0x08001bbc   0x00000020   Code   RO         4040    i.Array_Return_Max_Z  mlx90640.o
    0x08001bdc   0x08001bdc   0x00000020   Code   RO         4041    i.Array_Return_Min_Z  mlx90640.o
    0x08001bfc   0x08001bfc   0x0000018c   Code   RO         4042    i.Bilinear_Interpolation  mlx90640.o
    0x08001d88   0x08001d88   0x00000004   Code   RO          444    i.BusFault_Handler  stm32h7xx_it.o
    0x08001d8c   0x08001d8c   0x0000003a   Code   RO         4144    i.CheckAdjacentPixels  mlx90640_api.o
    0x08001dc6   0x08001dc6   0x00000014   Code   RO         4145    i.CheckEEPROMValid  mlx90640_api.o
    0x08001dda   0x08001dda   0x00000024   Code   RO         3380    i.DCMI_DMAError     stm32h7xx_hal_dcmi.o
    0x08001dfe   0x08001dfe   0x000000c4   Code   RO         3381    i.DCMI_DMAXferCplt  stm32h7xx_hal_dcmi.o
    0x08001ec2   0x08001ec2   0x00000002   PAD
    0x08001ec4   0x08001ec4   0x00000010   Code   RO         4783    i.DCMI_IRQHandler   ova5640_dcmi.o
    0x08001ed4   0x08001ed4   0x00000010   Code   RO         4784    i.DMA2_Stream1_IRQHandler  ova5640_dcmi.o
    0x08001ee4   0x08001ee4   0x0000001c   Code   RO         4043    i.DMA2_Stream3_IRQHandler  mlx90640.o
    0x08001f00   0x08001f00   0x000000ec   Code   RO         1199    i.DMA_CalcBaseAndBitshift  stm32h7xx_hal_dma.o
    0x08001fec   0x08001fec   0x000000c4   Code   RO         1200    i.DMA_CalcDMAMUXChannelBaseAndMask  stm32h7xx_hal_dma.o
    0x080020b0   0x080020b0   0x00000098   Code   RO         1201    i.DMA_CalcDMAMUXRequestGenBaseAndMask  stm32h7xx_hal_dma.o
    0x08002148   0x08002148   0x000000ae   Code   RO         1202    i.DMA_CheckFifoParam  stm32h7xx_hal_dma.o
    0x080021f6   0x080021f6   0x00000002   PAD
    0x080021f8   0x080021f8   0x000000ec   Code   RO         3309    i.DMA_MultiBufferSetConfig  stm32h7xx_hal_dma_ex.o
    0x080022e4   0x080022e4   0x00000274   Code   RO         1203    i.DMA_SetConfig     stm32h7xx_hal_dma.o
    0x08002558   0x08002558   0x0000005c   Code   RO         3577    i.DMA_ShowString    lcd.o
    0x080025b4   0x080025b4   0x00000048   Code   RO         4044    i.DMA_Start         mlx90640.o
    0x080025fc   0x080025fc   0x00000048   Code   RO         4045    i.DMA_Start_STR     mlx90640.o
    0x08002644   0x08002644   0x00000002   Code   RO          445    i.DebugMon_Handler  stm32h7xx_it.o
    0x08002646   0x08002646   0x00000002   PAD
    0x08002648   0x08002648   0x0000020c   Code   RO         4046    i.Disp_Temp_Pia     mlx90640.o
    0x08002854   0x08002854   0x0000024c   Code   RO         4146    i.ExtractAlphaParameters  mlx90640_api.o
    0x08002aa0   0x08002aa0   0x00000114   Code   RO         4147    i.ExtractCILCParameters  mlx90640_api.o
    0x08002bb4   0x08002bb4   0x00000208   Code   RO         4148    i.ExtractCPParameters  mlx90640_api.o
    0x08002dbc   0x08002dbc   0x0000015e   Code   RO         4149    i.ExtractDeviatingPixels  mlx90640_api.o
    0x08002f1a   0x08002f1a   0x00000014   Code   RO         4150    i.ExtractGainParameters  mlx90640_api.o
    0x08002f2e   0x08002f2e   0x00000002   PAD
    0x08002f30   0x08002f30   0x0000004c   Code   RO         4151    i.ExtractKsTaParameters  mlx90640_api.o
    0x08002f7c   0x08002f7c   0x00000110   Code   RO         4152    i.ExtractKsToParameters  mlx90640_api.o
    0x0800308c   0x0800308c   0x000001d8   Code   RO         4153    i.ExtractKtaPixelParameters  mlx90640_api.o
    0x08003264   0x08003264   0x00000130   Code   RO         4154    i.ExtractKvPixelParameters  mlx90640_api.o
    0x08003394   0x08003394   0x000001c0   Code   RO         4155    i.ExtractOffsetParameters  mlx90640_api.o
    0x08003554   0x08003554   0x000000d0   Code   RO         4156    i.ExtractPTATParameters  mlx90640_api.o
    0x08003624   0x08003624   0x0000000e   Code   RO         4157    i.ExtractResolutionParameters  mlx90640_api.o
    0x08003632   0x08003632   0x00000002   PAD
    0x08003634   0x08003634   0x00000048   Code   RO         4158    i.ExtractTgcParameters  mlx90640_api.o
    0x0800367c   0x0800367c   0x00000034   Code   RO         4159    i.ExtractVDDParameters  mlx90640_api.o
    0x080036b0   0x080036b0   0x00000098   Code   RO         3903    i.Generate_PixelBuffer  gui.o
    0x08003748   0x08003748   0x000009b8   Code   RO         4458    i.GrayToPseColor    rgb565.o
    0x08004100   0x08004100   0x00000002   Code   RO         3387    i.HAL_DCMI_ErrorCallback  stm32h7xx_hal_dcmi.o
    0x08004102   0x08004102   0x00000002   PAD
    0x08004104   0x08004104   0x00000014   Code   RO         4785    i.HAL_DCMI_FrameEventCallback  ova5640_dcmi.o
    0x08004118   0x08004118   0x000000b4   Code   RO         3391    i.HAL_DCMI_IRQHandler  stm32h7xx_hal_dcmi.o
    0x080041cc   0x080041cc   0x000000a0   Code   RO         3392    i.HAL_DCMI_Init     stm32h7xx_hal_dcmi.o
    0x0800426c   0x0800426c   0x00000002   Code   RO         3393    i.HAL_DCMI_LineEventCallback  stm32h7xx_hal_dcmi.o
    0x0800426e   0x0800426e   0x00000002   PAD
    0x08004270   0x08004270   0x0000036c   Code   RO         4786    i.HAL_DCMI_MspInit  ova5640_dcmi.o
    0x080045dc   0x080045dc   0x00000120   Code   RO         3397    i.HAL_DCMI_Start_DMA  stm32h7xx_hal_dcmi.o
    0x080046fc   0x080046fc   0x00000090   Code   RO         3398    i.HAL_DCMI_Stop     stm32h7xx_hal_dcmi.o
    0x0800478c   0x0800478c   0x00000002   Code   RO         3400    i.HAL_DCMI_VsyncEventCallback  stm32h7xx_hal_dcmi.o
    0x0800478e   0x0800478e   0x00000002   PAD
    0x08004790   0x08004790   0x000000d0   Code   RO         3310    i.HAL_DMAEx_ChangeMemory  stm32h7xx_hal_dma_ex.o
    0x08004860   0x08004860   0x00000538   Code   RO         3317    i.HAL_DMAEx_MultiBufferStart_IT  stm32h7xx_hal_dma_ex.o
    0x08004d98   0x08004d98   0x000004dc   Code   RO         1204    i.HAL_DMA_Abort     stm32h7xx_hal_dma.o
    0x08005274   0x08005274   0x00000398   Code   RO         1205    i.HAL_DMA_Abort_IT  stm32h7xx_hal_dma.o
    0x0800560c   0x0800560c   0x00000006   Code   RO         1207    i.HAL_DMA_GetError  stm32h7xx_hal_dma.o
    0x08005612   0x08005612   0x00000002   PAD
    0x08005614   0x08005614   0x00000af8   Code   RO         1209    i.HAL_DMA_IRQHandler  stm32h7xx_hal_dma.o
    0x0800610c   0x0800610c   0x00000520   Code   RO         1210    i.HAL_DMA_Init      stm32h7xx_hal_dma.o
    0x0800662c   0x0800662c   0x000003e0   Code   RO         1214    i.HAL_DMA_Start_IT  stm32h7xx_hal_dma.o
    0x08006a0c   0x08006a0c   0x00000014   Code   RO          755    i.HAL_EnableCompensationCell  stm32h7xx_hal.o
    0x08006a20   0x08006a20   0x00000178   Code   RO         1315    i.HAL_GPIO_DeInit   stm32h7xx_hal_gpio.o
    0x08006b98   0x08006b98   0x000001fc   Code   RO         1318    i.HAL_GPIO_Init     stm32h7xx_hal_gpio.o
    0x08006d94   0x08006d94   0x00000010   Code   RO         1320    i.HAL_GPIO_ReadPin  stm32h7xx_hal_gpio.o
    0x08006da4   0x08006da4   0x0000000c   Code   RO         1322    i.HAL_GPIO_WritePin  stm32h7xx_hal_gpio.o
    0x08006db0   0x08006db0   0x0000000c   Code   RO          759    i.HAL_GetREVID      stm32h7xx_hal.o
    0x08006dbc   0x08006dbc   0x0000000c   Code   RO          760    i.HAL_GetTick       stm32h7xx_hal.o
    0x08006dc8   0x08006dc8   0x00000018   Code   RO          766    i.HAL_IncTick       stm32h7xx_hal.o
    0x08006de0   0x08006de0   0x00000060   Code   RO          767    i.HAL_Init          stm32h7xx_hal.o
    0x08006e40   0x08006e40   0x00000058   Code   RO          768    i.HAL_InitTick      stm32h7xx_hal.o
    0x08006e98   0x08006e98   0x0000005c   Code   RO         1054    i.HAL_MPU_ConfigRegion  stm32h7xx_hal_cortex.o
    0x08006ef4   0x08006ef4   0x0000002c   Code   RO         1055    i.HAL_MPU_Disable   stm32h7xx_hal_cortex.o
    0x08006f20   0x08006f20   0x00000040   Code   RO         1056    i.HAL_MPU_Enable    stm32h7xx_hal_cortex.o
    0x08006f60   0x08006f60   0x00000002   Code   RO          770    i.HAL_MspInit       stm32h7xx_hal.o
    0x08006f62   0x08006f62   0x00000028   Code   RO         1059    i.HAL_NVIC_EnableIRQ  stm32h7xx_hal_cortex.o
    0x08006f8a   0x08006f8a   0x0000007a   Code   RO         1065    i.HAL_NVIC_SetPriority  stm32h7xx_hal_cortex.o
    0x08007004   0x08007004   0x00000028   Code   RO         1066    i.HAL_NVIC_SetPriorityGrouping  stm32h7xx_hal_cortex.o
    0x0800702c   0x0800702c   0x00000060   Code   RO         1648    i.HAL_PWREx_ConfigSupply  stm32h7xx_hal_pwr_ex.o
    0x0800708c   0x0800708c   0x000000ca   Code   RO         1904    i.HAL_QSPI_AutoPolling  stm32h7xx_hal_qspi.o
    0x08007156   0x08007156   0x000000a4   Code   RO         1907    i.HAL_QSPI_Command  stm32h7xx_hal_qspi.o
    0x080071fa   0x080071fa   0x00000028   Code   RO         1909    i.HAL_QSPI_DeInit   stm32h7xx_hal_qspi.o
    0x08007222   0x08007222   0x00000002   PAD
    0x08007224   0x08007224   0x000000b0   Code   RO         1916    i.HAL_QSPI_Init     stm32h7xx_hal_qspi.o
    0x080072d4   0x080072d4   0x000000ac   Code   RO         1917    i.HAL_QSPI_MemoryMapped  stm32h7xx_hal_qspi.o
    0x08007380   0x08007380   0x00000038   Code   RO          562    i.HAL_QSPI_MspDeInit  sys.o
    0x080073b8   0x080073b8   0x000000e8   Code   RO          563    i.HAL_QSPI_MspInit  sys.o
    0x080074a0   0x080074a0   0x00000004   Code   RO         1926    i.HAL_QSPI_SetTimeout  stm32h7xx_hal_qspi.o
    0x080074a4   0x080074a4   0x00000024   Code   RO         2257    i.HAL_RCCEx_GetD3PCLK1Freq  stm32h7xx_hal_rcc_ex.o
    0x080074c8   0x080074c8   0x00000230   Code   RO         2259    i.HAL_RCCEx_GetPLL2ClockFreq  stm32h7xx_hal_rcc_ex.o
    0x080076f8   0x080076f8   0x00000230   Code   RO         2260    i.HAL_RCCEx_GetPLL3ClockFreq  stm32h7xx_hal_rcc_ex.o
    0x08007928   0x08007928   0x00000d68   Code   RO         2266    i.HAL_RCCEx_PeriphCLKConfig  stm32h7xx_hal_rcc_ex.o
    0x08008690   0x08008690   0x00000320   Code   RO         2142    i.HAL_RCC_ClockConfig  stm32h7xx_hal_rcc.o
    0x080089b0   0x080089b0   0x0000004c   Code   RO         2147    i.HAL_RCC_GetHCLKFreq  stm32h7xx_hal_rcc.o
    0x080089fc   0x080089fc   0x00000024   Code   RO         2149    i.HAL_RCC_GetPCLK1Freq  stm32h7xx_hal_rcc.o
    0x08008a20   0x08008a20   0x00000024   Code   RO         2150    i.HAL_RCC_GetPCLK2Freq  stm32h7xx_hal_rcc.o
    0x08008a44   0x08008a44   0x0000022c   Code   RO         2151    i.HAL_RCC_GetSysClockFreq  stm32h7xx_hal_rcc.o
    0x08008c70   0x08008c70   0x00000858   Code   RO         2154    i.HAL_RCC_OscConfig  stm32h7xx_hal_rcc.o
    0x080094c8   0x080094c8   0x0000017c   Code   RO         2975    i.HAL_SPI_Abort     stm32h7xx_hal_spi.o
    0x08009644   0x08009644   0x00000002   Code   RO         2982    i.HAL_SPI_ErrorCallback  stm32h7xx_hal_spi.o
    0x08009646   0x08009646   0x00000002   PAD
    0x08009648   0x08009648   0x000002a0   Code   RO         2986    i.HAL_SPI_Init      stm32h7xx_hal_spi.o
    0x080098e8   0x080098e8   0x00000118   Code   RO         3711    i.HAL_SPI_MspInit   spi.o
    0x08009a00   0x08009a00   0x000002f6   Code   RO         2996    i.HAL_SPI_TransmitReceive  stm32h7xx_hal_spi.o
    0x08009cf6   0x08009cf6   0x00000002   PAD
    0x08009cf8   0x08009cf8   0x000001f4   Code   RO         2999    i.HAL_SPI_Transmit_DMA  stm32h7xx_hal_spi.o
    0x08009eec   0x08009eec   0x0000005c   Code   RO           13    i.HAL_SPI_TxCpltCallback  main.o
    0x08009f48   0x08009f48   0x00000002   Code   RO         3002    i.HAL_SPI_TxHalfCpltCallback  stm32h7xx_hal_spi.o
    0x08009f4a   0x08009f4a   0x00000002   PAD
    0x08009f4c   0x08009f4c   0x00000014   Code   RO          775    i.HAL_SYSCFG_CompensationCodeSelect  stm32h7xx_hal.o
    0x08009f60   0x08009f60   0x00000034   Code   RO         1070    i.HAL_SYSTICK_Config  stm32h7xx_hal_cortex.o
    0x08009f94   0x08009f94   0x00000002   Code   RO         2436    i.HAL_UARTEx_RxEventCallback  stm32h7xx_hal_uart.o
    0x08009f96   0x08009f96   0x00000002   Code   RO         2860    i.HAL_UARTEx_RxFifoFullCallback  stm32h7xx_hal_uart_ex.o
    0x08009f98   0x08009f98   0x00000002   Code   RO         2864    i.HAL_UARTEx_TxFifoEmptyCallback  stm32h7xx_hal_uart_ex.o
    0x08009f9a   0x08009f9a   0x00000002   Code   RO         2865    i.HAL_UARTEx_WakeupCallback  stm32h7xx_hal_uart_ex.o
    0x08009f9c   0x08009f9c   0x00000002   Code   RO         2452    i.HAL_UART_ErrorCallback  stm32h7xx_hal_uart.o
    0x08009f9e   0x08009f9e   0x00000002   PAD
    0x08009fa0   0x08009fa0   0x00000494   Code   RO         2455    i.HAL_UART_IRQHandler  stm32h7xx_hal_uart.o
    0x0800a434   0x0800a434   0x00000078   Code   RO         2456    i.HAL_UART_Init     stm32h7xx_hal_uart.o
    0x0800a4ac   0x0800a4ac   0x000000e0   Code   RO          664    i.HAL_UART_MspInit  usart.o
    0x0800a58c   0x0800a58c   0x0000005c   Code   RO         2461    i.HAL_UART_Receive_IT  stm32h7xx_hal_uart.o
    0x0800a5e8   0x0800a5e8   0x0000009c   Code   RO          665    i.HAL_UART_RxCpltCallback  usart.o
    0x0800a684   0x0800a684   0x00000002   Code   RO         2468    i.HAL_UART_TxCpltCallback  stm32h7xx_hal_uart.o
    0x0800a686   0x0800a686   0x00000004   Code   RO          446    i.HardFault_Handler  stm32h7xx_it.o
    0x0800a68a   0x0800a68a   0x00000002   PAD
    0x0800a68c   0x0800a68c   0x0000009c   Code   RO         4365    i.I2CReadBytes      mlx90640_swi2c_driver.o
    0x0800a728   0x0800a728   0x00000064   Code   RO         4366    i.I2CReceiveAck     mlx90640_swi2c_driver.o
    0x0800a78c   0x0800a78c   0x00000064   Code   RO         4367    i.I2CRepeatedStart  mlx90640_swi2c_driver.o
    0x0800a7f0   0x0800a7f0   0x00000050   Code   RO         4368    i.I2CSendACK        mlx90640_swi2c_driver.o
    0x0800a840   0x0800a840   0x00000088   Code   RO         4369    i.I2CSendByte       mlx90640_swi2c_driver.o
    0x0800a8c8   0x0800a8c8   0x00000058   Code   RO         4370    i.I2CSendNack       mlx90640_swi2c_driver.o
    0x0800a920   0x0800a920   0x00000050   Code   RO         4371    i.I2CStart          mlx90640_swi2c_driver.o
    0x0800a970   0x0800a970   0x00000050   Code   RO         4372    i.I2CStop           mlx90640_swi2c_driver.o
    0x0800a9c0   0x0800a9c0   0x00000054   Code   RO         3578    i.Init_StringBuffers  lcd.o
    0x0800aa14   0x0800aa14   0x00000068   Code   RO         3579    i.LCD_Clear         lcd.o
    0x0800aa7c   0x0800aa7c   0x0000006c   Code   RO         3582    i.LCD_Fill_BUF      lcd.o
    0x0800aae8   0x0800aae8   0x00000044   Code   RO         3584    i.LCD_GPIOInit      lcd.o
    0x0800ab2c   0x0800ab2c   0x00000264   Code   RO         3585    i.LCD_Init          lcd.o
    0x0800ad90   0x0800ad90   0x0000002c   Code   RO         3586    i.LCD_RESET         lcd.o
    0x0800adbc   0x0800adbc   0x00000058   Code   RO         3588    i.LCD_SetWindows    lcd.o
    0x0800ae14   0x0800ae14   0x00000030   Code   RO         3589    i.LCD_WR_DATA       lcd.o
    0x0800ae44   0x0800ae44   0x00000034   Code   RO         3590    i.LCD_WR_REG        lcd.o
    0x0800ae78   0x0800ae78   0x00000010   Code   RO         3591    i.LCD_WriteRAM_Prepare  lcd.o
    0x0800ae88   0x0800ae88   0x00000014   Code   RO         3592    i.LCD_WriteReg      lcd.o
    0x0800ae9c   0x0800ae9c   0x00000084   Code   RO         3593    i.LCD_direction     lcd.o
    0x0800af20   0x0800af20   0x00000038   Code   RO         3594    i.Lcd_WriteData_16Bit  lcd.o
    0x0800af58   0x0800af58   0x00000018   Code   RO         4163    i.MLX90640_DumpEE   mlx90640_api.o
    0x0800af70   0x0800af70   0x00000088   Code   RO         4164    i.MLX90640_ExtractParameters  mlx90640_api.o
    0x0800aff8   0x0800aff8   0x000000c4   Code   RO         4167    i.MLX90640_GetFrameData  mlx90640_api.o
    0x0800b0bc   0x0800b0bc   0x000000e8   Code   RO         4171    i.MLX90640_GetTa    mlx90640_api.o
    0x0800b1a4   0x0800b1a4   0x000000b4   Code   RO         4172    i.MLX90640_GetVdd   mlx90640_api.o
    0x0800b258   0x0800b258   0x0000009c   Code   RO         4373    i.MLX90640_I2CInit  mlx90640_swi2c_driver.o
    0x0800b2f4   0x0800b2f4   0x000000fc   Code   RO         4374    i.MLX90640_I2CRead  mlx90640_swi2c_driver.o
    0x0800b3f0   0x0800b3f0   0x000000a4   Code   RO         4375    i.MLX90640_I2CWrite  mlx90640_swi2c_driver.o
    0x0800b494   0x0800b494   0x000001b0   Code   RO         4048    i.MLX90640_Init     mlx90640.o
    0x0800b644   0x0800b644   0x00000030   Code   RO         4173    i.MLX90640_SetChessMode  mlx90640_api.o
    0x0800b674   0x0800b674   0x0000003a   Code   RO         4175    i.MLX90640_SetRefreshRate  mlx90640_api.o
    0x0800b6ae   0x0800b6ae   0x00000004   Code   RO          447    i.MemManage_Handler  stm32h7xx_it.o
    0x0800b6b2   0x0800b6b2   0x00000002   PAD
    0x0800b6b4   0x0800b6b4   0x00000108   Code   RO         4049    i.Mlx90640_Get_Frame  mlx90640.o
    0x0800b7bc   0x0800b7bc   0x00000002   Code   RO          448    i.NMI_Handler       stm32h7xx_it.o
    0x0800b7be   0x0800b7be   0x00000002   Code   RO          449    i.PendSV_Handler    stm32h7xx_it.o
    0x0800b7c0   0x0800b7c0   0x000001e8   Code   RO         1933    i.QSPI_Config       stm32h7xx_hal_qspi.o
    0x0800b9a8   0x0800b9a8   0x0000004c   Code   RO         1938    i.QSPI_WaitFlagStateUntilTimeout  stm32h7xx_hal_qspi.o
    0x0800b9f4   0x0800b9f4   0x00000164   Code   RO         2269    i.RCCEx_PLL2_Config  stm32h7xx_hal_rcc_ex.o
    0x0800bb58   0x0800bb58   0x00000164   Code   RO         2270    i.RCCEx_PLL3_Config  stm32h7xx_hal_rcc_ex.o
    0x0800bcbc   0x0800bcbc   0x00000018   Code   RO         4459    i.RGB565            rgb565.o
    0x0800bcd4   0x0800bcd4   0x000000c8   Code   RO         4460    i.RGB565_change     rgb565.o
    0x0800bd9c   0x0800bd9c   0x00000092   Code   RO         3005    i.SPI_AbortTransfer  stm32h7xx_hal_spi.o
    0x0800be2e   0x0800be2e   0x000000fc   Code   RO         3006    i.SPI_CloseTransfer  stm32h7xx_hal_spi.o
    0x0800bf2a   0x0800bf2a   0x00000030   Code   RO         3008    i.SPI_DMAError      stm32h7xx_hal_spi.o
    0x0800bf5a   0x0800bf5a   0x0000000e   Code   RO         3010    i.SPI_DMAHalfTransmitCplt  stm32h7xx_hal_spi.o
    0x0800bf68   0x0800bf68   0x0000002e   Code   RO         3014    i.SPI_DMATransmitCplt  stm32h7xx_hal_spi.o
    0x0800bf96   0x0800bf96   0x00000002   PAD
    0x0800bf98   0x0800bf98   0x000000a0   Code   RO         4050    i.SPI_DMA_Init      mlx90640.o
    0x0800c038   0x0800c038   0x0000001a   Code   RO         3017    i.SPI_GetPacketSize  stm32h7xx_hal_spi.o
    0x0800c052   0x0800c052   0x00000042   Code   RO         3024    i.SPI_WaitOnFlagUntilTimeout  stm32h7xx_hal_spi.o
    0x0800c094   0x0800c094   0x00000002   Code   RO          450    i.SVC_Handler       stm32h7xx_it.o
    0x0800c096   0x0800c096   0x00000008   Code   RO          451    i.SysTick_Handler   stm32h7xx_it.o
    0x0800c09e   0x0800c09e   0x00000002   PAD
    0x0800c0a0   0x0800c0a0   0x000000fc   Code   RO          408    i.SystemInit        system_stm32h7xx.o
    0x0800c19c   0x0800c19c   0x000000f8   Code   RO         2470    i.UART_AdvFeatureConfig  stm32h7xx_hal_uart.o
    0x0800c294   0x0800c294   0x000000ea   Code   RO         2471    i.UART_CheckIdleState  stm32h7xx_hal_uart.o
    0x0800c37e   0x0800c37e   0x00000018   Code   RO         2472    i.UART_DMAAbortOnError  stm32h7xx_hal_uart.o
    0x0800c396   0x0800c396   0x00000002   PAD
    0x0800c398   0x0800c398   0x0000006c   Code   RO         2482    i.UART_EndRxTransfer  stm32h7xx_hal_uart.o
    0x0800c404   0x0800c404   0x00000030   Code   RO         2483    i.UART_EndTransmit_IT  stm32h7xx_hal_uart.o
    0x0800c434   0x0800c434   0x00000104   Code   RO         2485    i.UART_RxISR_16BIT  stm32h7xx_hal_uart.o
    0x0800c538   0x0800c538   0x000001fc   Code   RO         2486    i.UART_RxISR_16BIT_FIFOEN  stm32h7xx_hal_uart.o
    0x0800c734   0x0800c734   0x00000104   Code   RO         2487    i.UART_RxISR_8BIT   stm32h7xx_hal_uart.o
    0x0800c838   0x0800c838   0x000001f8   Code   RO         2488    i.UART_RxISR_8BIT_FIFOEN  stm32h7xx_hal_uart.o
    0x0800ca30   0x0800ca30   0x0000058c   Code   RO         2489    i.UART_SetConfig    stm32h7xx_hal_uart.o
    0x0800cfbc   0x0800cfbc   0x0000015c   Code   RO         2491    i.UART_Start_Receive_IT  stm32h7xx_hal_uart.o
    0x0800d118   0x0800d118   0x000000a2   Code   RO         2496    i.UART_WaitOnFlagUntilTimeout  stm32h7xx_hal_uart.o
    0x0800d1ba   0x0800d1ba   0x00000002   PAD
    0x0800d1bc   0x0800d1bc   0x00000010   Code   RO          666    i.USART1_IRQHandler  usart.o
    0x0800d1cc   0x0800d1cc   0x00000004   Code   RO          452    i.UsageFault_Handler  stm32h7xx_it.o
    0x0800d1d0   0x0800d1d0   0x00000130   Code   RO          522    i.VO5640_Init       ova5640_demo.o
    0x0800d300   0x0800d300   0x0000000e   Code   RO         4376    i.Wait              mlx90640_swi2c_driver.o
    0x0800d30e   0x0800d30e   0x00000030   Code   RO         4976    i.__ARM_fpclassify  m_wv.l(fpclassify.o)
    0x0800d33e   0x0800d33e   0x00000002   PAD
    0x0800d340   0x0800d340   0x00000010   Code   RO         1072    i.__NVIC_GetPriorityGrouping  stm32h7xx_hal_cortex.o
    0x0800d350   0x0800d350   0x00000028   Code   RO         1073    i.__NVIC_SetPriority  stm32h7xx_hal_cortex.o
    0x0800d378   0x0800d378   0x000008f8   Code   RO         4905    i.__hardfp_pow      m_wv.l(pow.o)
    0x0800dc70   0x0800dc70   0x000000a0   Code   RO         4919    i.__hardfp_round    m_wv.l(round.o)
    0x0800dd10   0x0800dd10   0x00000066   Code   RO         4923    i.__hardfp_sqrt     m_wv.l(sqrt.o)
    0x0800dd76   0x0800dd76   0x00000070   Code   RO         4978    i.__kernel_poly     m_wv.l(poly.o)
    0x0800dde6   0x0800dde6   0x00000002   PAD
    0x0800dde8   0x0800dde8   0x00000020   Code   RO         4956    i.__mathlib_dbl_divzero  m_wv.l(dunder.o)
    0x0800de08   0x0800de08   0x00000006   Code   RO         4958    i.__mathlib_dbl_infnan2  m_wv.l(dunder.o)
    0x0800de0e   0x0800de0e   0x00000002   PAD
    0x0800de10   0x0800de10   0x00000018   Code   RO         4959    i.__mathlib_dbl_invalid  m_wv.l(dunder.o)
    0x0800de28   0x0800de28   0x00000018   Code   RO         4960    i.__mathlib_dbl_overflow  m_wv.l(dunder.o)
    0x0800de40   0x0800de40   0x00000018   Code   RO         4962    i.__mathlib_dbl_underflow  m_wv.l(dunder.o)
    0x0800de58   0x0800de58   0x00000004   Code   RO          668    i._sys_exit         usart.o
    0x0800de5c   0x0800de5c   0x00000082   Code   RO         4494    i.atk_mc5640_auto_focus_continuance  ova5640.o
    0x0800dede   0x0800dede   0x00000002   PAD
    0x0800dee0   0x0800dee0   0x000000c0   Code   RO         4495    i.atk_mc5640_auto_focus_init  ova5640.o
    0x0800dfa0   0x0800dfa0   0x0000002c   Code   RO         4787    i.atk_mc5640_dcmi_init  ova5640_dcmi.o
    0x0800dfcc   0x0800dfcc   0x0000005c   Code   RO         4788    i.atk_mc5640_dcmi_start  ova5640_dcmi.o
    0x0800e028   0x0800e028   0x00000048   Code   RO         4497    i.atk_mc5640_exit_power_down  ova5640.o
    0x0800e070   0x0800e070   0x0000001a   Code   RO         4498    i.atk_mc5640_get_chip_id  ova5640.o
    0x0800e08a   0x0800e08a   0x00000002   PAD
    0x0800e08c   0x0800e08c   0x000000b4   Code   RO         4499    i.atk_mc5640_get_frame  ova5640.o
    0x0800e140   0x0800e140   0x00000054   Code   RO         4501    i.atk_mc5640_get_output_size  ova5640.o
    0x0800e194   0x0800e194   0x000000a4   Code   RO         4503    i.atk_mc5640_hw_init  ova5640.o
    0x0800e238   0x0800e238   0x00000030   Code   RO         4504    i.atk_mc5640_hw_reset  ova5640.o
    0x0800e268   0x0800e268   0x00000040   Code   RO         4505    i.atk_mc5640_init   ova5640.o
    0x0800e2a8   0x0800e2a8   0x00000024   Code   RO         4506    i.atk_mc5640_init_reg  ova5640.o
    0x0800e2cc   0x0800e2cc   0x0000001e   Code   RO         4509    i.atk_mc5640_read_reg  ova5640.o
    0x0800e2ea   0x0800e2ea   0x00000022   Code   RO         4706    i.atk_mc5640_sccb_2_phase_read  sccb.o
    0x0800e30c   0x0800e30c   0x00000028   Code   RO         4707    i.atk_mc5640_sccb_2_phase_write  sccb.o
    0x0800e334   0x0800e334   0x00000030   Code   RO         4708    i.atk_mc5640_sccb_3_phase_write  sccb.o
    0x0800e364   0x0800e364   0x0000000a   Code   RO         4709    i.atk_mc5640_sccb_delay  sccb.o
    0x0800e36e   0x0800e36e   0x00000002   PAD
    0x0800e370   0x0800e370   0x0000008c   Code   RO         4710    i.atk_mc5640_sccb_init  sccb.o
    0x0800e3fc   0x0800e3fc   0x00000098   Code   RO         4711    i.atk_mc5640_sccb_read_byte  sccb.o
    0x0800e494   0x0800e494   0x00000030   Code   RO         4712    i.atk_mc5640_sccb_set_sda_input  sccb.o
    0x0800e4c4   0x0800e4c4   0x0000002c   Code   RO         4713    i.atk_mc5640_sccb_set_sda_output  sccb.o
    0x0800e4f0   0x0800e4f0   0x0000004c   Code   RO         4714    i.atk_mc5640_sccb_start  sccb.o
    0x0800e53c   0x0800e53c   0x00000040   Code   RO         4715    i.atk_mc5640_sccb_stop  sccb.o
    0x0800e57c   0x0800e57c   0x00000098   Code   RO         4716    i.atk_mc5640_sccb_write_byte  sccb.o
    0x0800e614   0x0800e614   0x0000019c   Code   RO         4510    i.atk_mc5640_set_brightness  ova5640.o
    0x0800e7b0   0x0800e7b0   0x000001f6   Code   RO         4511    i.atk_mc5640_set_color_saturation  ova5640.o
    0x0800e9a6   0x0800e9a6   0x000001f6   Code   RO         4512    i.atk_mc5640_set_contrast  ova5640.o
    0x0800eb9c   0x0800eb9c   0x000002d8   Code   RO         4513    i.atk_mc5640_set_exposure_level  ova5640.o
    0x0800ee74   0x0800ee74   0x0000029a   Code   RO         4514    i.atk_mc5640_set_hue  ova5640.o
    0x0800f10e   0x0800f10e   0x00000252   Code   RO         4516    i.atk_mc5640_set_light_mode  ova5640.o
    0x0800f360   0x0800f360   0x00000100   Code   RO         4517    i.atk_mc5640_set_mirror_flip  ova5640.o
    0x0800f460   0x0800f460   0x0000005c   Code   RO         4518    i.atk_mc5640_set_output_format  ova5640.o
    0x0800f4bc   0x0800f4bc   0x00000088   Code   RO         4519    i.atk_mc5640_set_output_size  ova5640.o
    0x0800f544   0x0800f544   0x00000146   Code   RO         4521    i.atk_mc5640_set_sharpness_level  ova5640.o
    0x0800f68a   0x0800f68a   0x0000011e   Code   RO         4522    i.atk_mc5640_set_special_effect  ova5640.o
    0x0800f7a8   0x0800f7a8   0x0000005c   Code   RO         4523    i.atk_mc5640_set_test_pattern  ova5640.o
    0x0800f804   0x0800f804   0x0000002c   Code   RO         4524    i.atk_mc5640_sw_reset  ova5640.o
    0x0800f830   0x0800f830   0x00000012   Code   RO         4525    i.atk_mc5640_write_reg  ova5640.o
    0x0800f842   0x0800f842   0x00000002   PAD
    0x0800f844   0x0800f844   0x0000000c   Code   RO          621    i.delay_init        delay.o
    0x0800f850   0x0800f850   0x00000012   Code   RO          622    i.delay_ms          delay.o
    0x0800f862   0x0800f862   0x00000002   PAD
    0x0800f864   0x0800f864   0x00000048   Code   RO          623    i.delay_us          delay.o
    0x0800f8ac   0x0800f8ac   0x00000002   Code   RO          523    i.demo_reset_lcd    ova5640_demo.o
    0x0800f8ae   0x0800f8ae   0x00000002   PAD
    0x0800f8b0   0x0800f8b0   0x00000078   Code   RO          524    i.demo_run          ova5640_demo.o
    0x0800f928   0x0800f928   0x00000018   Code   RO         4972    i.fabs              m_wv.l(fabs.o)
    0x0800f940   0x0800f940   0x0000001c   Code   RO          670    i.fputc             usart.o
    0x0800f95c   0x0800f95c   0x00000100   Code   RO         3546    i.key_init          key.o
    0x0800fa5c   0x0800fa5c   0x0000021c   Code   RO           14    i.main              main.o
    0x0800fc78   0x0800fc78   0x00000050   Code   RO         4051    i.mlx90640_buf_copy  mlx90640.o
    0x0800fcc8   0x0800fcc8   0x00000060   Code   RO         3712    i.spi2_init         spi.o
    0x0800fd28   0x0800fd28   0x00000044   Code   RO         3713    i.spi2_read_write_byte  spi.o
    0x0800fd6c   0x0800fd6c   0x00000044   Code   RO         3714    i.spi2_set_speed    spi.o
    0x0800fdb0   0x0800fdb0   0x0000006a   Code   RO         4925    i.sqrt              m_wv.l(sqrt.o)
    0x0800fe1a   0x0800fe1a   0x00000002   PAD
    0x0800fe1c   0x0800fe1c   0x00000140   Code   RO          564    i.sys_cache_enable  sys.o
    0x0800ff5c   0x0800ff5c   0x00000150   Code   RO          565    i.sys_qspi_enable_memmapmode  sys.o
    0x080100ac   0x080100ac   0x00000178   Code   RO          566    i.sys_stm32_clock_init  sys.o
    0x08010224   0x08010224   0x00000038   Code   RO          671    i.usart_init        usart.o
    0x0801025c   0x0801025c   0x0000002c   Code   RO         5044    locale$$code        c_w.l(lc_numeric_c.o)
    0x08010288   0x08010288   0x00000010   Code   RO         5046    x$fpl$dcheck1       fz_wv.l(dcheck1.o)
    0x08010298   0x08010298   0x0000009c   Code   RO         5048    x$fpl$dnaninf       fz_wv.l(dnaninf.o)
    0x08010334   0x08010334   0x000000b4   Code   RO         4951    x$fpl$drnd          fz_wv.l(drnd.o)
    0x080103e8   0x080103e8   0x0000000a   Code   RO         5130    x$fpl$fpinit        fz_wv.l(fpinit.o)
    0x080103f2   0x080103f2   0x00000004   Code   RO         4903    x$fpl$printf1       fz_wv.l(printf1.o)
    0x080103f6   0x080103f6   0x00000064   Code   RO         5118    x$fpl$retnan        fz_wv.l(retnan.o)
    0x0801045a   0x0801045a   0x0000005c   Code   RO         4953    x$fpl$scalbn        fz_wv.l(scalbn.o)
    0x080104b6   0x080104b6   0x00000030   Code   RO         5132    x$fpl$trapveneer    fz_wv.l(trapv.o)
    0x080104e6   0x080104e6   0x00000000   Code   RO         4955    x$fpl$usenofp       fz_wv.l(usenofp.o)
    0x080104e6   0x080104e6   0x00000010   Data   RO          409    .constdata          system_stm32h7xx.o
    0x080104f6   0x080104f6   0x00000008   Data   RO         1216    .constdata          stm32h7xx_hal_dma.o
    0x080104fe   0x080104fe   0x00000018   Data   RO         2497    .constdata          stm32h7xx_hal_uart.o
    0x08010516   0x08010516   0x000016ae   Data   RO         3917    .constdata          gui.o
    0x08011bc4   0x08011bc4   0x00001481   Data   RO         4527    .constdata          ova5640.o
    0x08013045   0x08013045   0x00000028   Data   RO         4854    .constdata          c_w.l(_printf_hex_int.o)
    0x0801306d   0x0801306d   0x00000003   PAD
    0x08013070   0x08013070   0x00000088   Data   RO         4908    .constdata          m_wv.l(pow.o)
    0x080130f8   0x080130f8   0x00000008   Data   RO         4980    .constdata          m_wv.l(qnan.o)
    0x08013100   0x08013100   0x00000094   Data   RO         5015    .constdata          c_w.l(bigflt0.o)
    0x08013194   0x08013194   0x00000020   Data   RO         5192    Region$$Table       anon$$obj.o
    0x080131b4   0x080131b4   0x0000001c   Data   RO         5043    locale$$data        c_w.l(lc_numeric_c.o)


    Execution Region RW_IRAM1 (Exec base: 0x20000000, Load base: 0x080131d0, Size: 0x00000000, Max: 0x00020000, ABSOLUTE)

    **** No section assigned to this execution region ****


    Execution Region RW_IRAM2 (Exec base: 0x24000000, Load base: 0x080131d0, Size: 0x0005a6f8, Max: 0x00080000, ABSOLUTE)

    Exec Addr    Load Addr    Size         Type   Attr      Idx    E Section Name        Object

    0x24000000   0x080131d0   0x00000004   Data   RW           16    .data               main.o
    0x24000004   0x080131d4   0x00000008   Data   RW          410    .data               system_stm32h7xx.o
    0x2400000c   0x080131dc   0x00000004   Data   RW          527    .data               ova5640_demo.o
    0x24000010   0x080131e0   0x00000004   Data   RW          624    .data               delay.o
    0x24000014   0x080131e4   0x00000007   Data   RW          673    .data               usart.o
    0x2400001b   0x080131eb   0x00000001   PAD
    0x2400001c   0x080131ec   0x00000009   Data   RW          789    .data               stm32h7xx_hal.o
    0x24000025   0x080131f5   0x00000003   PAD
    0x24000028   0x080131f8   0x00000030   Data   RW         4054    .data               mlx90640.o
    0x24000058   0x08013228   0x00000006   Data   RW         4377    .data               mlx90640_swi2c_driver.o
    0x2400005e   0x0801322e   0x00000002   PAD
    0x24000060        -       0x000000c0   Zero   RW          567    .bss                sys.o
    0x24000120        -       0x0000015c   Zero   RW          672    .bss                usart.o
    0x2400027c        -       0x00000088   Zero   RW         3715    .bss                spi.o
    0x24000304        -       0x0000000c   Zero   RW         4526    .bss                ova5640.o
    0x24000310        -       0x000000cc   Zero   RW         4789    .bss                ova5640_dcmi.o
    0x240003dc        -       0x00000060   Zero   RW         5053    .bss                c_w.l(libspace.o)
    0x2400043c   0x0801322e   0x000000c4   PAD
    0x24000500        -       0x00000600   Zero   RW         4052    .ARM.__AT_0x24000500  mlx90640.o
    0x24000b00        -       0x00027100   Zero   RW           15    .bss                main.o
    0x24027c00        -       0x00001900   Zero   RW          526    .bss                ova5640_demo.o
    0x24029500        -       0x0000290e   Zero   RW         3595    .bss                lcd.o
    0x2402be0e   0x0801322e   0x00000002   PAD
    0x2402be10        -       0x0002e2e4   Zero   RW         4053    .bss                mlx90640.o
    0x2405a0f4   0x0801322e   0x00000004   PAD
    0x2405a0f8        -       0x00000200   Zero   RW            2    HEAP                startup_stm32h750xx.o
    0x2405a2f8        -       0x00000400   Zero   RW            1    STACK               startup_stm32h750xx.o



  Load Region LR$$.ARM.__AT_0x30000000 (Base: 0x30000000, Size: 0x00000000, Max: 0x00025800, ABSOLUTE)

    Execution Region ER$$.ARM.__AT_0x30000000 (Exec base: 0x30000000, Load base: 0x30000000, Size: 0x00025800, Max: 0x00025800, ABSOLUTE, UNINIT)

    Exec Addr    Load Addr    Size         Type   Attr      Idx    E Section Name        Object

    0x30000000        -       0x00025800   Zero   RW          525    .ARM.__AT_0x30000000  ova5640_demo.o


==============================================================================

Image component sizes


      Code (inc. data)   RO Data    RW Data    ZI Data      Debug   Object Name

       102         10          0          4          0       1995   delay.o
       152          4       5806          0          0       2465   gui.o
       256         14          0          0          0       1115   key.o
      1524        116          0          0      10510      11275   lcd.o
       632         78          0          4     160000    1298859   main.o
      2092        334          0         48     190692      15566   mlx90640.o
      6140        156          0          0          0      22021   mlx90640_api.o
      1406        108          0          6          0       9443   mlx90640_swi2c_driver.o
      5680        140       5249          0         12      19650   ova5640.o
      1064         64          0          0        204       4936   ova5640_dcmi.o
       426        108          0          4     160000       2519   ova5640_demo.o
      2712         22          0          0          0       3834   rgb565.o
       808         38          0          0          0       6878   sccb.o
       512         52          0          0        136       3126   spi.o
        64         26        664          0       1536        980   startup_stm32h750xx.o
       274         58          0          9          0      24519   stm32h7xx_hal.o
       510         38          0          0          0      42441   stm32h7xx_hal_cortex.o
      1010         24          0          0          0       7047   stm32h7xx_hal_dcmi.o
      8668        168          8          0          0      14073   stm32h7xx_hal_dma.o
      1780         40          0          0          0       3709   stm32h7xx_hal_dma_ex.o
       912        100          0          0          0       3789   stm32h7xx_hal_gpio.o
        96          6          0          0          0        797   stm32h7xx_hal_pwr_ex.o
      1322          8          0          0          0       7722   stm32h7xx_hal_qspi.o
      3640        114          0          0          0       7060   stm32h7xx_hal_rcc.o
      5300        108          0          0          0       7429   stm32h7xx_hal_rcc_ex.o
      2912         32          0          0          0      11153   stm32h7xx_hal_spi.o
      5514        204         24          0          0      37758   stm32h7xx_hal_uart.o
         6          0          0          0          0       2297   stm32h7xx_hal_uart_ex.o
        32          0          0          0          0       4338   stm32h7xx_it.o
      1320         66          0          0        192      40787   sys.o
       252         40         16          8          0       1562   system_stm32h7xx.o
       484         62          0          7        348       5741   usart.o

    ----------------------------------------------------------------------
     57654       2338      11799         96     523636    1626884   Object Totals
         0          0         32          0          0          0   (incl. Generated)
        52          0          0          6          6          0   (incl. Padding)

    ----------------------------------------------------------------------

      Code (inc. data)   RO Data    RW Data    ZI Data      Debug   Library Member Name

         8          0          0          0          0         68   __main.o
       104          0          0          0          0         84   __printf.o
         0          0          0          0          0          0   __rtentry.o
        12          0          0          0          0          0   __rtentry2.o
         6          0          0          0          0          0   __rtentry4.o
        52          8          0          0          0          0   __scatter.o
        26          0          0          0          0          0   __scatter_copy.o
        28          0          0          0          0          0   __scatter_zi.o
        48          6          0          0          0         96   _printf_char_common.o
        36          4          0          0          0         80   _printf_char_file.o
         6          0          0          0          0          0   _printf_d.o
       120         16          0          0          0         92   _printf_dec.o
         6          0          0          0          0          0   _printf_f.o
      1054          0          0          0          0        216   _printf_fp_dec.o
       128         16          0          0          0         84   _printf_fp_infnan.o
        88          4         40          0          0         88   _printf_hex_int.o
       178          0          0          0          0         88   _printf_intcommon.o
         0          0          0          0          0          0   _printf_percent.o
         4          0          0          0          0          0   _printf_percent_end.o
         6          0          0          0          0          0   _printf_x.o
        22          0          0          0          0        100   _rserrno.o
       228          4        148          0          0         96   bigflt0.o
      1936        128          0          0          0        672   btod.o
        18          0          0          0          0         80   exit.o
         8          0          0          0          0         68   ferror.o
         6          0          0          0          0        152   heapauxi.o
        44         10         28          0          0         76   lc_numeric_c.o
         2          0          0          0          0          0   libinit.o
        22          0          0          0          0          0   libinit2.o
         2          0          0          0          0          0   libshutdown.o
         2          0          0          0          0          0   libshutdown2.o
         8          4          0          0         96         68   libspace.o
       138          0          0          0          0         80   lludiv10.o
       238          0          0          0          0        100   lludivv7m.o
        24          4          0          0          0         84   noretval__2printf.o
         8          4          0          0          0         68   rt_errno_addr_intlibspace.o
         8          4          0          0          0         68   rt_locale_intlibspace.o
        78          0          0          0          0         80   rt_memclr_w.o
         2          0          0          0          0          0   rtexit.o
        10          0          0          0          0          0   rtexit2.o
       104          0          0          0          0         68   strcmpv7m_pel.o
        74          0          0          0          0         80   sys_stackheap_outer.o
         2          0          0          0          0         68   use_no_semi.o
         2          0          0          0          0         68   use_no_semi_2.o
        16          4          0          0          0        116   dcheck1.o
       156          4          0          0          0        140   dnaninf.o
       180          4          0          0          0        128   drnd.o
        10          0          0          0          0        116   fpinit.o
         4          0          0          0          0        116   printf1.o
       100          0          0          0          0        116   retnan.o
        92          0          0          0          0        116   scalbn.o
        48          0          0          0          0        116   trapv.o
         0          0          0          0          0          0   usenofp.o
       110         60          0          0          0        580   dunder.o
        24          0          0          0          0        124   fabs.o
        48          0          0          0          0        124   fpclassify.o
       112          0          0          0          0        116   poly.o
      2296        304        136          0          0        320   pow.o
         0          0          8          0          0          0   qnan.o
       160         24          0          0          0        132   round.o
       208          0          0          0          0        280   sqrt.o

    ----------------------------------------------------------------------
      8472        612        363          0        292       5612   Library Totals
        12          0          3          0        196          0   (incl. Padding)

    ----------------------------------------------------------------------

      Code (inc. data)   RO Data    RW Data    ZI Data      Debug   Library Name

      4896        212        216          0         96       2972   c_w.l
       606         12          0          0          0        964   fz_wv.l
      2958        388        144          0          0       1676   m_wv.l

    ----------------------------------------------------------------------
      8472        612        363          0        292       5612   Library Totals

    ----------------------------------------------------------------------

==============================================================================


      Code (inc. data)   RO Data    RW Data    ZI Data      Debug   

     66126       2950      12162         96     523928    1606084   Grand Totals
     66126       2950      12162         96     523928    1606084   ELF Image Totals
     66126       2950      12162         96          0          0   ROM Totals

==============================================================================

    Total RO  Size (Code + RO Data)                78288 (  76.45kB)
    Total RW  Size (RW Data + ZI Data)            524024 ( 511.74kB)
    Total ROM Size (Code + RO Data + RW Data)      78384 (  76.55kB)

==============================================================================

