Component: ARM Compiler 5.06 update 5 (build 528) Tool: armlink [4d35e2]

==============================================================================

Section Cross References

    startup_stm32h750xx.o(STACK) refers (Special) to heapauxi.o(.text) for __use_two_region_memory
    startup_stm32h750xx.o(HEAP) refers (Special) to heapauxi.o(.text) for __use_two_region_memory
    startup_stm32h750xx.o(RESET) refers (Special) to heapauxi.o(.text) for __use_two_region_memory
    startup_stm32h750xx.o(RESET) refers to startup_stm32h750xx.o(STACK) for __initial_sp
    startup_stm32h750xx.o(RESET) refers to startup_stm32h750xx.o(.text) for Reset_Handler
    startup_stm32h750xx.o(RESET) refers to stm32h7xx_it.o(i.NMI_Handler) for NMI_Handler
    startup_stm32h750xx.o(RESET) refers to stm32h7xx_it.o(i.HardFault_Handler) for HardFault_Handler
    startup_stm32h750xx.o(RESET) refers to stm32h7xx_it.o(i.MemManage_Handler) for MemManage_Handler
    startup_stm32h750xx.o(RESET) refers to stm32h7xx_it.o(i.BusFault_Handler) for BusFault_Handler
    startup_stm32h750xx.o(RESET) refers to stm32h7xx_it.o(i.UsageFault_Handler) for UsageFault_Handler
    startup_stm32h750xx.o(RESET) refers to stm32h7xx_it.o(i.SVC_Handler) for SVC_Handler
    startup_stm32h750xx.o(RESET) refers to stm32h7xx_it.o(i.DebugMon_Handler) for DebugMon_Handler
    startup_stm32h750xx.o(RESET) refers to stm32h7xx_it.o(i.PendSV_Handler) for PendSV_Handler
    startup_stm32h750xx.o(RESET) refers to stm32h7xx_it.o(i.SysTick_Handler) for SysTick_Handler
    startup_stm32h750xx.o(RESET) refers to usart.o(i.USART1_IRQHandler) for USART1_IRQHandler
    startup_stm32h750xx.o(RESET) refers to ova5640_dcmi.o(i.DMA2_Stream1_IRQHandler) for DMA2_Stream1_IRQHandler
    startup_stm32h750xx.o(RESET) refers to mlx90640.o(i.DMA2_Stream3_IRQHandler) for DMA2_Stream3_IRQHandler
    startup_stm32h750xx.o(RESET) refers to ova5640_dcmi.o(i.DCMI_IRQHandler) for DCMI_IRQHandler
    startup_stm32h750xx.o(.text) refers (Special) to heapauxi.o(.text) for __use_two_region_memory
    startup_stm32h750xx.o(.text) refers to system_stm32h7xx.o(i.SystemInit) for SystemInit
    startup_stm32h750xx.o(.text) refers to __main.o(!!!main) for __main
    startup_stm32h750xx.o(.text) refers to startup_stm32h750xx.o(HEAP) for Heap_Mem
    startup_stm32h750xx.o(.text) refers to startup_stm32h750xx.o(STACK) for Stack_Mem
    main.o(i.HAL_SPI_TxCpltCallback) refers to _printf_percent.o(.ARM.Collect$$_printf_percent$$00000000) for _printf_percent
    main.o(i.HAL_SPI_TxCpltCallback) refers to _printf_d.o(.ARM.Collect$$_printf_percent$$00000009) for _printf_d
    main.o(i.HAL_SPI_TxCpltCallback) refers to _printf_dec.o(.text) for _printf_int_dec
    main.o(i.HAL_SPI_TxCpltCallback) refers to noretval__2printf.o(.text) for __2printf
    main.o(i.HAL_SPI_TxCpltCallback) refers to main.o(.data) for dmaTransferComplete
    main.o(i.main) refers to sys.o(i.sys_cache_enable) for sys_cache_enable
    main.o(i.main) refers to stm32h7xx_hal.o(i.HAL_Init) for HAL_Init
    main.o(i.main) refers to sys.o(i.sys_stm32_clock_init) for sys_stm32_clock_init
    main.o(i.main) refers to delay.o(i.delay_init) for delay_init
    main.o(i.main) refers to usart.o(i.usart_init) for usart_init
    main.o(i.main) refers to lcd.o(i.LCD_Init) for LCD_Init
    main.o(i.main) refers to mlx90640.o(i.SPI_DMA_Init) for SPI_DMA_Init
    main.o(i.main) refers to lcd.o(i.LCD_direction) for LCD_direction
    main.o(i.main) refers to ova5640_demo.o(i.demo_run) for demo_run
    main.o(i.main) refers to main.o(.bss) for ww
    system_stm32h7xx.o(i.SystemCoreClockUpdate) refers to system_stm32h7xx.o(.constdata) for D1CorePrescTable
    system_stm32h7xx.o(i.SystemCoreClockUpdate) refers to system_stm32h7xx.o(.data) for SystemD2Clock
    stm32h7xx_it.o(i.SysTick_Handler) refers to stm32h7xx_hal.o(i.HAL_IncTick) for HAL_IncTick
    ova5640_demo.o(i.demo_reset_lcd) refers to noretval__2printf.o(.text) for __2printf
    ova5640_demo.o(i.demo_run) refers to _printf_percent.o(.ARM.Collect$$_printf_percent$$00000000) for _printf_percent
    ova5640_demo.o(i.demo_run) refers to _printf_d.o(.ARM.Collect$$_printf_percent$$00000009) for _printf_d
    ova5640_demo.o(i.demo_run) refers to _printf_dec.o(.text) for _printf_int_dec
    ova5640_demo.o(i.demo_run) refers to ova5640.o(i.atk_mc5640_init) for atk_mc5640_init
    ova5640_demo.o(i.demo_run) refers to noretval__2printf.o(.text) for __2printf
    ova5640_demo.o(i.demo_run) refers to ova5640.o(i.atk_mc5640_set_output_format) for atk_mc5640_set_output_format
    ova5640_demo.o(i.demo_run) refers to ova5640.o(i.atk_mc5640_auto_focus_init) for atk_mc5640_auto_focus_init
    ova5640_demo.o(i.demo_run) refers to ova5640.o(i.atk_mc5640_auto_focus_continuance) for atk_mc5640_auto_focus_continuance
    ova5640_demo.o(i.demo_run) refers to ova5640.o(i.atk_mc5640_set_light_mode) for atk_mc5640_set_light_mode
[...]
    i.atk_mc5640_set_contrast                0x08009ee6   Section        0  ova5640.o(i.atk_mc5640_set_contrast)
    i.atk_mc5640_set_exposure_level          0x0800a0dc   Section        0  ova5640.o(i.atk_mc5640_set_exposure_level)
    i.atk_mc5640_set_hue                     0x0800a3b4   Section        0  ova5640.o(i.atk_mc5640_set_hue)
    i.atk_mc5640_set_light_mode              0x0800a64e   Section        0  ova5640.o(i.atk_mc5640_set_light_mode)
    i.atk_mc5640_set_mirror_flip             0x0800a8a0   Section        0  ova5640.o(i.atk_mc5640_set_mirror_flip)
    i.atk_mc5640_set_output_format           0x0800a9a0   Section        0  ova5640.o(i.atk_mc5640_set_output_format)
    i.atk_mc5640_set_output_size             0x0800a9fc   Section        0  ova5640.o(i.atk_mc5640_set_output_size)
    i.atk_mc5640_set_sharpness_level         0x0800aa84   Section        0  ova5640.o(i.atk_mc5640_set_sharpness_level)
    i.atk_mc5640_set_special_effect          0x0800abca   Section        0  ova5640.o(i.atk_mc5640_set_special_effect)
    i.atk_mc5640_set_test_pattern            0x0800ace8   Section        0  ova5640.o(i.atk_mc5640_set_test_pattern)
    i.atk_mc5640_sw_reset                    0x0800ad44   Section        0  ova5640.o(i.atk_mc5640_sw_reset)
    atk_mc5640_sw_reset                      0x0800ad45   Thumb Code    44  ova5640.o(i.atk_mc5640_sw_reset)
    i.atk_mc5640_write_reg                   0x0800ad70   Section        0  ova5640.o(i.atk_mc5640_write_reg)
    atk_mc5640_write_reg                     0x0800ad71   Thumb Code    18  ova5640.o(i.atk_mc5640_write_reg)
    i.delay_init                             0x0800ad84   Section        0  delay.o(i.delay_init)
    i.delay_ms                               0x0800ad90   Section        0  delay.o(i.delay_ms)
    i.delay_us                               0x0800ada4   Section        0  delay.o(i.delay_us)
    i.demo_reset_lcd                         0x0800adec   Section        0  ova5640_demo.o(i.demo_reset_lcd)
    demo_reset_lcd                           0x0800aded   Thumb Code    10  ova5640_demo.o(i.demo_reset_lcd)
    i.demo_run                               0x0800ae08   Section        0  ova5640_demo.o(i.demo_run)
    i.fputc                                  0x0800afdc   Section        0  usart.o(i.fputc)
    i.main                                   0x0800aff8   Section        0  main.o(i.main)
    i.spi2_init                              0x0800b050   Section        0  spi.o(i.spi2_init)
    i.spi2_read_write_byte                   0x0800b0b0   Section        0  spi.o(i.spi2_read_write_byte)
    i.spi2_set_speed                         0x0800b0f4   Section        0  spi.o(i.spi2_set_speed)
    i.sys_cache_enable                       0x0800b138   Section        0  sys.o(i.sys_cache_enable)
    i.sys_qspi_enable_memmapmode             0x0800b278   Section        0  sys.o(i.sys_qspi_enable_memmapmode)
    i.sys_stm32_clock_init                   0x0800b3c8   Section        0  sys.o(i.sys_stm32_clock_init)
    i.usart_init                             0x0800b540   Section        0  usart.o(i.usart_init)
    x$fpl$fpinit                             0x0800b578   Section       10  fpinit.o(x$fpl$fpinit)
    $v0                                      0x0800b578   Number         0  fpinit.o(x$fpl$fpinit)
    .constdata                               0x0800b582   Section       16  system_stm32h7xx.o(.constdata)
    .constdata                               0x0800b592   Section        8  stm32h7xx_hal_dma.o(.constdata)
    flagBitshiftOffset                       0x0800b592   Data           8  stm32h7xx_hal_dma.o(.constdata)
    .constdata                               0x0800b59a   Section       24  stm32h7xx_hal_uart.o(.constdata)
    .constdata                               0x0800b5b2   Section     5249  ova5640.o(.constdata)
    .constdata                               0x0800ca33   Section       40  _printf_hex_int.o(.constdata)
    uc_hextab                                0x0800ca33   Data          20  _printf_hex_int.o(.constdata)
    lc_hextab                                0x0800ca47   Data          20  _printf_hex_int.o(.constdata)
    .data                                    0x24000000   Section        4  main.o(.data)
    .data                                    0x24000004   Section        8  system_stm32h7xx.o(.data)
    .data                                    0x2400000c   Section        4  ova5640_demo.o(.data)
    .data                                    0x24000010   Section        4  delay.o(.data)
    g_fac_us                                 0x24000010   Data           4  delay.o(.data)
    .data                                    0x24000014   Section        7  usart.o(.data)
    .data                                    0x2400001c   Section        9  stm32h7xx_hal.o(.data)
    .bss                                     0x24000028   Section      192  sys.o(.bss)
    .bss                                     0x240000e8   Section      348  usart.o(.bss)
    .bss                                     0x24000244   Section      136  spi.o(.bss)
    .bss                                     0x240002cc   Section       12  ova5640.o(.bss)
    g_atk_mc5640_sta                         0x240002cc   Data          12  ova5640.o(.bss)
    .bss                                     0x240002d8   Section      204  ova5640_dcmi.o(.bss)
    g_atk_mc5640_dcmi_sta                    0x240002d8   Data          84  ova5640_dcmi.o(.bss)
    dma_handle                               0x2400032c   Data         120  ova5640_dcmi.o(.bss)
    .bss                                     0x240003a4   Section       96  libspace.o(.bss)
    .ARM.__AT_0x24000500                     0x24000500   Section     1536  mlx90640.o(.ARM.__AT_0x24000500)
    .bss                                     0x24000b00   Section    12800  main.o(.bss)
    .bss                                     0x24003d00   Section     6400  ova5640_demo.o(.bss)
    .bss                                     0x24005600   Section     6414  lcd.o(.bss)
    .bss                                     0x24006f10   Section    35556  mlx90640.o(.bss)
    mlx90640_disp_buf                        0x24008b88   Data        1536  mlx90640.o(.bss)
    mlx90640_temp_buf                        0x24009188   Data          50  mlx90640.o(.bss)
    mlx90640_lcd_buf                         0x240091ba   Data         200  mlx90640.o(.bss)
    mlx90640_line_buf                        0x24009282   Data        6400  mlx90640.o(.bss)
    HEAP                                     0x2400f9f8   Section      512  startup_stm32h750xx.o(HEAP)
    Heap_Mem                                 0x2400f9f8   Data         512  startup_stm32h750xx.o(HEAP)
    STACK                                    0x2400fbf8   Section     1024  startup_stm32h750xx.o(STACK)
    Stack_Mem                                0x2400fbf8   Data        1024  startup_stm32h750xx.o(STACK)
    __initial_sp                             0x2400fff8   Data           0  startup_stm32h750xx.o(STACK)
    .ARM.__AT_0x30000000                     0x30000000   Section    153600  ova5640_demo.o(.ARM.__AT_0x30000000)

    Global Symbols

    Symbol Name                              Value     Ov Type        Size  Object(Section)

    BuildAttributes$$THM_ISAv4$E$P$D$K$B$S$7EM$VFPv5_D16$PE$PLD8$A:L22UL41UL21$X:L11$S22US41US21$IEEE1$IW$USESV6$~STKCKD$USESV7$~SHL$OTIME$ROPI$IEEEX$EBA8$UX$STANDARDLIB$REQ8$PRES8$EABIv2 0x00000000   Number         0  anon$$obj.o ABSOLUTE
    __ARM_use_no_argv                        0x00000000   Number         0  main.o ABSOLUTE
    __ARM_exceptions_init                     - Undefined Weak Reference
    __alloca_initialize                       - Undefined Weak Reference
    __arm_preinit_                            - Undefined Weak Reference
    __cpp_initialize__aeabi_                  - Undefined Weak Reference
    __cxa_finalize                            - Undefined Weak Reference
    __sigvec_lookup                           - Undefined Weak Reference
    _atexit_init                              - Undefined Weak Reference
    _call_atexit_fns                          - Undefined Weak Reference
    _clock_init                               - Undefined Weak Reference
    _fp_trap_init                             - Undefined Weak Reference
    _fp_trap_shutdown                         - Undefined Weak Reference
    _get_lc_collate                           - Undefined Weak Reference
    _get_lc_ctype                             - Undefined Weak Reference
    _get_lc_monetary                          - Undefined Weak Reference
    _get_lc_time                              - Undefined Weak Reference
    _getenv_init                              - Undefined Weak Reference
    _handle_redirection                       - Undefined Weak Reference
    _init_alloc                               - Undefined Weak Reference
    _init_user_alloc                          - Undefined Weak Reference
    _initio                                   - Undefined Weak Reference
    _mutex_acquire                            - Undefined Weak Reference
    _mutex_release                            - Undefined Weak Reference
    _printf_post_padding                      - Undefined Weak Reference
    _printf_pre_padding                       - Undefined Weak Reference
    _printf_truncate_signed                   - Undefined Weak Reference
    _printf_truncate_unsigned                 - Undefined Weak Reference
    _rand_init                                - Undefined Weak Reference
    _signal_finish                            - Undefined Weak Reference
    _signal_init                              - Undefined Weak Reference
    _terminate_alloc                          - Undefined Weak Reference
    _terminate_user_alloc                     - Undefined Weak Reference
    _terminateio                              - Undefined Weak Reference
    __Vectors_Size                           0x00000298   Number         0  startup_stm32h750xx.o ABSOLUTE
    __Vectors                                0x08000000   Data           4  startup_stm32h750xx.o(RESET)
    __Vectors_End                            0x08000298   Data           0  startup_stm32h750xx.o(RESET)
    __main                                   0x08000299   Thumb Code     8  __main.o(!!!main)
    __scatterload                            0x080002a1   Thumb Code     0  __scatter.o(!!!scatter)
    __scatterload_rt2                        0x080002a1   Thumb Code    44  __scatter.o(!!!scatter)
    __scatterload_rt2_thumb_only             0x080002a1   Thumb Code     0  __scatter.o(!!!scatter)
    __scatterload_null                       0x080002af   Thumb Code     0  __scatter.o(!!!scatter)
    __scatterload_copy                       0x080002d5   Thumb Code    26  __scatter_copy.o(!!handler_copy)
    __scatterload_zeroinit                   0x080002f1   Thumb Code    28  __scatter_zi.o(!!handler_zi)
    _printf_d                                0x0800030d   Thumb Code     0  _printf_d.o(.ARM.Collect$$_printf_percent$$00000009)
    _printf_percent                          0x0800030d   Thumb Code     0  _printf_percent.o(.ARM.Collect$$_printf_percent$$00000000)
    _printf_x                                0x08000313   Thumb Code     0  _printf_x.o(.ARM.Collect$$_printf_percent$$0000000C)
    _printf_percent_end                      0x08000319   Thumb Code     0  _printf_percent_end.o(.ARM.Collect$$_printf_percent$$00000017)
    __rt_lib_init                            0x0800031d   Thumb Code     0  libinit.o(.ARM.Collect$$libinit$$00000000)
    __rt_lib_init_fp_1                       0x0800031f   Thumb Code     0  libinit2.o(.ARM.Collect$$libinit$$00000001)
    __rt_lib_init_alloca_1                   0x08000323   Thumb Code     0  libinit2.o(.ARM.Collect$$libinit$$0000002E)
    __rt_lib_init_argv_1                     0x08000323   Thumb Code     0  libinit2.o(.ARM.Collect$$libinit$$0000002C)
    __rt_lib_init_atexit_1                   0x08000323   Thumb Code     0  libinit2.o(.ARM.Collect$$libinit$$0000001B)
    __rt_lib_init_clock_1                    0x08000323   Thumb Code     0  libinit2.o(.ARM.Collect$$libinit$$00000021)
    __rt_lib_init_cpp_1                      0x08000323   Thumb Code     0  libinit2.o(.ARM.Collect$$libinit$$00000032)
    __rt_lib_init_exceptions_1               0x08000323   Thumb Code     0  libinit2.o(.ARM.Collect$$libinit$$00000030)
    __rt_lib_init_fp_trap_1                  0x08000323   Thumb Code     0  libinit2.o(.ARM.Collect$$libinit$$0000001F)
    __rt_lib_init_getenv_1                   0x08000323   Thumb Code     0  libinit2.o(.ARM.Collect$$libinit$$00000023)
    __rt_lib_init_heap_1                     0x08000323   Thumb Code     0  libinit2.o(.ARM.Collect$$libinit$$0000000A)
    __rt_lib_init_lc_collate_1               0x08000323   Thumb Code     0  libinit2.o(.ARM.Collect$$libinit$$00000011)
    __rt_lib_init_lc_ctype_1                 0x08000323   Thumb Code     0  libinit2.o(.ARM.Collect$$libinit$$00000013)
    __rt_lib_init_lc_monetary_1              0x08000323   Thumb Code     0  libinit2.o(.ARM.Collect$$libinit$$00000015)
    __rt_lib_init_lc_numeric_1               0x08000323   Thumb Code     0  libinit2.o(.ARM.Collect$$libinit$$00000017)
    __rt_lib_init_lc_time_1                  0x08000323   Thumb Code     0  libinit2.o(.ARM.Collect$$libinit$$00000019)
    __rt_lib_init_preinit_1                  0x08000323   Thumb Code     0  libinit2.o(.ARM.Collect$$libinit$$00000004)
    __rt_lib_init_rand_1                     0x08000323   Thumb Code     0  libinit2.o(.ARM.Collect$$libinit$$0000000E)
    __rt_lib_init_return                     0x08000323   Thumb Code     0  libinit2.o(.ARM.Collect$$libinit$$00000033)
    __rt_lib_init_signal_1                   0x08000323   Thumb Code     0  libinit2.o(.ARM.Collect$$libinit$$0000001D)
    __rt_lib_init_stdio_1                    0x08000323   Thumb Code     0  libinit2.o(.ARM.Collect$$libinit$$00000025)
    __rt_lib_init_user_alloc_1               0x08000323   Thumb Code     0  libinit2.o(.ARM.Collect$$libinit$$0000000C)
    __rt_lib_shutdown                        0x08000325   Thumb Code     0  libshutdown.o(.ARM.Collect$$libshutdown$$00000000)
    __rt_lib_shutdown_cpp_1                  0x08000327   Thumb Code     0  libshutdown2.o(.ARM.Collect$$libshutdown$$00000002)
    __rt_lib_shutdown_fp_trap_1              0x08000327   Thumb Code     0  libshutdown2.o(.ARM.Collect$$libshutdown$$00000007)
    __rt_lib_shutdown_heap_1                 0x08000327   Thumb Code     0  libshutdown2.o(.ARM.Collect$$libshutdown$$0000000F)
    __rt_lib_shutdown_return                 0x08000327   Thumb Code     0  libshutdown2.o(.ARM.Collect$$libshutdown$$00000010)
    __rt_lib_shutdown_signal_1               0x08000327   Thumb Code     0  libshutdown2.o(.ARM.Collect$$libshutdown$$0000000A)
    __rt_lib_shutdown_stdio_1                0x08000327   Thumb Code     0  libshutdown2.o(.ARM.Collect$$libshutdown$$00000004)
    __rt_lib_shutdown_user_alloc_1           0x08000327   Thumb Code     0  libshutdown2.o(.ARM.Collect$$libshutdown$$0000000C)
    __rt_entry                               0x08000329   Thumb Code     0  __rtentry.o(.ARM.Collect$$rtentry$$00000000)
    __rt_entry_presh_1                       0x08000329   Thumb Code     0  __rtentry2.o(.ARM.Collect$$rtentry$$00000002)
    __rt_entry_sh                            0x08000329   Thumb Code     0  __rtentry4.o(.ARM.Collect$$rtentry$$00000004)
    __rt_entry_li                            0x0800032f   Thumb Code     0  __rtentry2.o(.ARM.Collect$$rtentry$$0000000A)
    __rt_entry_postsh_1                      0x0800032f   Thumb Code     0  __rtentry2.o(.ARM.Collect$$rtentry$$00000009)
    __rt_entry_main                          0x08000333   Thumb Code     0  __rtentry2.o(.ARM.Collect$$rtentry$$0000000D)
    __rt_entry_postli_1                      0x08000333   Thumb Code     0  __rtentry2.o(.ARM.Collect$$rtentry$$0000000C)
    __rt_exit                                0x0800033b   Thumb Code     0  rtexit.o(.ARM.Collect$$rtexit$$00000000)
    __rt_exit_ls                             0x0800033d   Thumb Code     0  rtexit2.o(.ARM.Collect$$rtexit$$00000003)
    __rt_exit_prels_1                        0x0800033d   Thumb Code     0  rtexit2.o(.ARM.Collect$$rtexit$$00000002)
    __rt_exit_exit                           0x08000341   Thumb Code     0  rtexit2.o(.ARM.Collect$$rtexit$$00000004)
    Reset_Handler                            0x08000349   Thumb Code     8  startup_stm32h750xx.o(.text)
    ADC3_IRQHandler                          0x08000363   Thumb Code     0  startup_stm32h750xx.o(.text)
    ADC_IRQHandler                           0x08000363   Thumb Code     0  startup_stm32h750xx.o(.text)
    BDMA_Channel0_IRQHandler                 0x08000363   Thumb Code     0  startup_stm32h750xx.o(.text)
    BDMA_Channel1_IRQHandler                 0x08000363   Thumb Code     0  startup_stm32h750xx.o(.text)
    BDMA_Channel2_IRQHandler                 0x08000363   Thumb Code     0  startup_stm32h750xx.o(.text)
    BDMA_Channel3_IRQHandler                 0x08000363   Thumb Code     0  startup_stm32h750xx.o(.text)
    BDMA_Channel4_IRQHandler                 0x08000363   Thumb Code     0  startup_stm32h750xx.o(.text)
    BDMA_Channel5_IRQHandler                 0x08000363   Thumb Code     0  startup_stm32h750xx.o(.text)
    BDMA_Channel6_IRQHandler                 0x08000363   Thumb Code     0  startup_stm32h750xx.o(.text)
    BDMA_Channel7_IRQHandler                 0x08000363   Thumb Code     0  startup_stm32h750xx.o(.text)
    CEC_IRQHandler                           0x08000363   Thumb Code     0  startup_stm32h750xx.o(.text)
    COMP1_IRQHandler                         0x08000363   Thumb Code     0  startup_stm32h750xx.o(.text)
    CRS_IRQHandler                           0x08000363   Thumb Code     0  startup_stm32h750xx.o(.text)
    CRYP_IRQHandler                          0x08000363   Thumb Code     0  startup_stm32h750xx.o(.text)
    DFSDM1_FLT0_IRQHandler                   0x08000363   Thumb Code     0  startup_stm32h750xx.o(.text)
    DFSDM1_FLT1_IRQHandler                   0x08000363   Thumb Code     0  startup_stm32h750xx.o(.text)
    DFSDM1_FLT2_IRQHandler                   0x08000363   Thumb Code     0  startup_stm32h750xx.o(.text)
    DFSDM1_FLT3_IRQHandler                   0x08000363   Thumb Code     0  startup_stm32h750xx.o(.text)
    DMA1_Stream0_IRQHandler                  0x08000363   Thumb Code     0  startup_stm32h750xx.o(.text)
    DMA1_Stream1_IRQHandler                  0x08000363   Thumb Code     0  startup_stm32h750xx.o(.text)
    DMA1_Stream2_IRQHandler                  0x08000363   Thumb Code     0  startup_stm32h750xx.o(.text)
    DMA1_Stream3_IRQHandler                  0x08000363   Thumb Code     0  startup_stm32h750xx.o(.text)
    DMA1_Stream4_IRQHandler                  0x08000363   Thumb Code     0  startup_stm32h750xx.o(.text)
    DMA1_Stream5_IRQHandler                  0x08000363   Thumb Code     0  startup_stm32h750xx.o(.text)
    DMA1_Stream6_IRQHandler                  0x08000363   Thumb Code     0  startup_stm32h750xx.o(.text)
    DMA1_Stream7_IRQHandler                  0x08000363   Thumb Code     0  startup_stm32h750xx.o(.text)
    DMA2D_IRQHandler                         0x08000363   Thumb Code     0  startup_stm32h750xx.o(.text)
    DMA2_Stream0_IRQHandler                  0x08000363   Thumb Code     0  startup_stm32h750xx.o(.text)
    DMA2_Stream2_IRQHandler                  0x08000363   Thumb Code     0  startup_stm32h750xx.o(.text)
    DMA2_Stream4_IRQHandler                  0x08000363   Thumb Code     0  startup_stm32h750xx.o(.text)
    DMA2_Stream5_IRQHandler                  0x08000363   Thumb Code     0  startup_stm32h750xx.o(.text)
    DMA2_Stream6_IRQHandler                  0x08000363   Thumb Code     0  startup_stm32h750xx.o(.text)
    DMA2_Stream7_IRQHandler                  0x08000363   Thumb Code     0  startup_stm32h750xx.o(.text)
    DMAMUX1_OVR_IRQHandler                   0x08000363   Thumb Code     0  startup_stm32h750xx.o(.text)
    DMAMUX2_OVR_IRQHandler                   0x08000363   Thumb Code     0  startup_stm32h750xx.o(.text)
    ECC_IRQHandler                           0x08000363   Thumb Code     0  startup_stm32h750xx.o(.text)
    ETH_IRQHandler                           0x08000363   Thumb Code     0  startup_stm32h750xx.o(.text)
    ETH_WKUP_IRQHandler                      0x08000363   Thumb Code     0  startup_stm32h750xx.o(.text)
    EXTI0_IRQHandler                         0x08000363   Thumb Code     0  startup_stm32h750xx.o(.text)
    EXTI15_10_IRQHandler                     0x08000363   Thumb Code     0  startup_stm32h750xx.o(.text)
    EXTI1_IRQHandler                         0x08000363   Thumb Code     0  startup_stm32h750xx.o(.text)
    EXTI2_IRQHandler                         0x08000363   Thumb Code     0  startup_stm32h750xx.o(.text)
    EXTI3_IRQHandler                         0x08000363   Thumb Code     0  startup_stm32h750xx.o(.text)
    EXTI4_IRQHandler                         0x08000363   Thumb Code     0  startup_stm32h750xx.o(.text)
    EXTI9_5_IRQHandler                       0x08000363   Thumb Code     0  startup_stm32h750xx.o(.text)
    FDCAN1_IT0_IRQHandler                    0x08000363   Thumb Code     0  startup_stm32h750xx.o(.text)
    FDCAN1_IT1_IRQHandler                    0x08000363   Thumb Code     0  startup_stm32h750xx.o(.text)
    FDCAN2_IT0_IRQHandler                    0x08000363   Thumb Code     0  startup_stm32h750xx.o(.text)
    FDCAN2_IT1_IRQHandler                    0x08000363   Thumb Code     0  startup_stm32h750xx.o(.text)
    FDCAN_CAL_IRQHandler                     0x08000363   Thumb Code     0  startup_stm32h750xx.o(.text)
    FLASH_IRQHandler                         0x08000363   Thumb Code     0  startup_stm32h750xx.o(.text)
    FMC_IRQHandler                           0x08000363   Thumb Code     0  startup_stm32h750xx.o(.text)
    FPU_IRQHandler                           0x08000363   Thumb Code     0  startup_stm32h750xx.o(.text)
    HASH_RNG_IRQHandler                      0x08000363   Thumb Code     0  startup_stm32h750xx.o(.text)
    HRTIM1_FLT_IRQHandler                    0x08000363   Thumb Code     0  startup_stm32h750xx.o(.text)
    HRTIM1_Master_IRQHandler                 0x08000363   Thumb Code     0  startup_stm32h750xx.o(.text)
    HRTIM1_TIMA_IRQHandler                   0x08000363   Thumb Code     0  startup_stm32h750xx.o(.text)
    HRTIM1_TIMB_IRQHandler                   0x08000363   Thumb Code     0  startup_stm32h750xx.o(.text)
    HRTIM1_TIMC_IRQHandler                   0x08000363   Thumb Code     0  startup_stm32h750xx.o(.text)
    HRTIM1_TIMD_IRQHandler                   0x08000363   Thumb Code     0  startup_stm32h750xx.o(.text)
    HRTIM1_TIME_IRQHandler                   0x08000363   Thumb Code     0  startup_stm32h750xx.o(.text)
    HSEM1_IRQHandler                         0x08000363   Thumb Code     0  startup_stm32h750xx.o(.text)
    I2C1_ER_IRQHandler                       0x08000363   Thumb Code     0  startup_stm32h750xx.o(.text)
    I2C1_EV_IRQHandler                       0x08000363   Thumb Code     0  startup_stm32h750xx.o(.text)
    I2C2_ER_IRQHandler                       0x08000363   Thumb Code     0  startup_stm32h750xx.o(.text)
    I2C2_EV_IRQHandler                       0x08000363   Thumb Code     0  startup_stm32h750xx.o(.text)
    I2C3_ER_IRQHandler                       0x08000363   Thumb Code     0  startup_stm32h750xx.o(.text)
    I2C3_EV_IRQHandler                       0x08000363   Thumb Code     0  startup_stm32h750xx.o(.text)
    I2C4_ER_IRQHandler                       0x08000363   Thumb Code     0  startup_stm32h750xx.o(.text)
    I2C4_EV_IRQHandler                       0x08000363   Thumb Code     0  startup_stm32h750xx.o(.text)
    JPEG_IRQHandler                          0x08000363   Thumb Code     0  startup_stm32h750xx.o(.text)
    LPTIM1_IRQHandler                        0x08000363   Thumb Code     0  startup_stm32h750xx.o(.text)
    LPTIM2_IRQHandler                        0x08000363   Thumb Code     0  startup_stm32h750xx.o(.text)
    LPTIM3_IRQHandler                        0x08000363   Thumb Code     0  startup_stm32h750xx.o(.text)
    LPTIM4_IRQHandler                        0x08000363   Thumb Code     0  startup_stm32h750xx.o(.text)
    LPTIM5_IRQHandler                        0x08000363   Thumb Code     0  startup_stm32h750xx.o(.text)
    LPUART1_IRQHandler                       0x08000363   Thumb Code     0  startup_stm32h750xx.o(.text)
    LTDC_ER_IRQHandler                       0x08000363   Thumb Code     0  startup_stm32h750xx.o(.text)
    LTDC_IRQHandler                          0x08000363   Thumb Code     0  startup_stm32h750xx.o(.text)
    MDIOS_IRQHandler                         0x08000363   Thumb Code     0  startup_stm32h750xx.o(.text)
    MDIOS_WKUP_IRQHandler                    0x08000363   Thumb Code     0  startup_stm32h750xx.o(.text)
    MDMA_IRQHandler                          0x08000363   Thumb Code     0  startup_stm32h750xx.o(.text)
    OTG_FS_EP1_IN_IRQHandler                 0x08000363   Thumb Code     0  startup_stm32h750xx.o(.text)
    OTG_FS_EP1_OUT_IRQHandler                0x08000363   Thumb Code     0  startup_stm32h750xx.o(.text)
    OTG_FS_IRQHandler                        0x08000363   Thumb Code     0  startup_stm32h750xx.o(.text)
    OTG_FS_WKUP_IRQHandler                   0x08000363   Thumb Code     0  startup_stm32h750xx.o(.text)
    OTG_HS_EP1_IN_IRQHandler                 0x08000363   Thumb Code     0  startup_stm32h750xx.o(.text)
    OTG_HS_EP1_OUT_IRQHandler                0x08000363   Thumb Code     0  startup_stm32h750xx.o(.text)
    OTG_HS_IRQHandler                        0x08000363   Thumb Code     0  startup_stm32h750xx.o(.text)
    OTG_HS_WKUP_IRQHandler                   0x08000363   Thumb Code     0  startup_stm32h750xx.o(.text)
    PVD_AVD_IRQHandler                       0x08000363   Thumb Code     0  startup_stm32h750xx.o(.text)
    QUADSPI_IRQHandler                       0x08000363   Thumb Code     0  startup_stm32h750xx.o(.text)
    RCC_IRQHandler                           0x08000363   Thumb Code     0  startup_stm32h750xx.o(.text)
    RTC_Alarm_IRQHandler                     0x08000363   Thumb Code     0  startup_stm32h750xx.o(.text)
    RTC_WKUP_IRQHandler                      0x08000363   Thumb Code     0  startup_stm32h750xx.o(.text)
    SAI1_IRQHandler                          0x08000363   Thumb Code     0  startup_stm32h750xx.o(.text)
    SAI2_IRQHandler                          0x08000363   Thumb Code     0  startup_stm32h750xx.o(.text)
    SAI3_IRQHandler                          0x08000363   Thumb Code     0  startup_stm32h750xx.o(.text)
    SAI4_IRQHandler                          0x08000363   Thumb Code     0  startup_stm32h750xx.o(.text)
    SDMMC1_IRQHandler                        0x08000363   Thumb Code     0  startup_stm32h750xx.o(.text)
    SDMMC2_IRQHandler                        0x08000363   Thumb Code     0  startup_stm32h750xx.o(.text)
    SPDIF_RX_IRQHandler                      0x08000363   Thumb Code     0  startup_stm32h750xx.o(.text)
    SPI1_IRQHandler                          0x08000363   Thumb Code     0  startup_stm32h750xx.o(.text)
    SPI2_IRQHandler                          0x08000363   Thumb Code     0  startup_stm32h750xx.o(.text)
    SPI3_IRQHandler                          0x08000363   Thumb Code     0  startup_stm32h750xx.o(.text)
    SPI4_IRQHandler                          0x08000363   Thumb Code     0  startup_stm32h750xx.o(.text)
    SPI5_IRQHandler                          0x08000363   Thumb Code     0  startup_stm32h750xx.o(.text)
    SPI6_IRQHandler                          0x08000363   Thumb Code     0  startup_stm32h750xx.o(.text)
    SWPMI1_IRQHandler                        0x08000363   Thumb Code     0  startup_stm32h750xx.o(.text)
    TAMP_STAMP_IRQHandler                    0x08000363   Thumb Code     0  startup_stm32h750xx.o(.text)
    TIM15_IRQHandler                         0x08000363   Thumb Code     0  startup_stm32h750xx.o(.text)
    TIM16_IRQHandler                         0x08000363   Thumb Code     0  startup_stm32h750xx.o(.text)
    TIM17_IRQHandler                         0x08000363   Thumb Code     0  startup_stm32h750xx.o(.text)
    TIM1_BRK_IRQHandler                      0x08000363   Thumb Code     0  startup_stm32h750xx.o(.text)
    TIM1_CC_IRQHandler                       0x08000363   Thumb Code     0  startup_stm32h750xx.o(.text)
    TIM1_TRG_COM_IRQHandler                  0x08000363   Thumb Code     0  startup_stm32h750xx.o(.text)
    TIM1_UP_IRQHandler                       0x08000363   Thumb Code     0  startup_stm32h750xx.o(.text)
    TIM2_IRQHandler                          0x08000363   Thumb Code     0  startup_stm32h750xx.o(.text)
    TIM3_IRQHandler                          0x08000363   Thumb Code     0  startup_stm32h750xx.o(.text)
    TIM4_IRQHandler                          0x08000363   Thumb Code     0  startup_stm32h750xx.o(.text)
    TIM5_IRQHandler                          0x08000363   Thumb Code     0  startup_stm32h750xx.o(.text)
    TIM6_DAC_IRQHandler                      0x08000363   Thumb Code     0  startup_stm32h750xx.o(.text)
    TIM7_IRQHandler                          0x08000363   Thumb Code     0  startup_stm32h750xx.o(.text)
    TIM8_BRK_TIM12_IRQHandler                0x08000363   Thumb Code     0  startup_stm32h750xx.o(.text)
    TIM8_CC_IRQHandler                       0x08000363   Thumb Code     0  startup_stm32h750xx.o(.text)
    TIM8_TRG_COM_TIM14_IRQHandler            0x08000363   Thumb Code     0  startup_stm32h750xx.o(.text)
    TIM8_UP_TIM13_IRQHandler                 0x08000363   Thumb Code     0  startup_stm32h750xx.o(.text)
    UART4_IRQHandler                         0x08000363   Thumb Code     0  startup_stm32h750xx.o(.text)
    UART5_IRQHandler                         0x08000363   Thumb Code     0  startup_stm32h750xx.o(.text)
    UART7_IRQHandler                         0x08000363   Thumb Code     0  startup_stm32h750xx.o(.text)
    UART8_IRQHandler                         0x08000363   Thumb Code     0  startup_stm32h750xx.o(.text)
    USART2_IRQHandler                        0x08000363   Thumb Code     0  startup_stm32h750xx.o(.text)
    USART3_IRQHandler                        0x08000363   Thumb Code     0  startup_stm32h750xx.o(.text)
    USART6_IRQHandler                        0x08000363   Thumb Code     0  startup_stm32h750xx.o(.text)
    WAKEUP_PIN_IRQHandler                    0x08000363   Thumb Code     0  startup_stm32h750xx.o(.text)
    WWDG_IRQHandler                          0x08000363   Thumb Code     0  startup_stm32h750xx.o(.text)
    __user_initial_stackheap                 0x08000365   Thumb Code     0  startup_stm32h750xx.o(.text)
    __use_no_semihosting                     0x08000389   Thumb Code     2  use_no_semi_2.o(.text)
    __aeabi_uldivmod                         0x0800038b   Thumb Code     0  lludivv7m.o(.text)
    _ll_udiv                                 0x0800038b   Thumb Code   238  lludivv7m.o(.text)
    __2printf                                0x08000479   Thumb Code    20  noretval__2printf.o(.text)
    __printf                                 0x08000491   Thumb Code   104  __printf.o(.text)
    _printf_int_dec                          0x080004f9   Thumb Code   104  _printf_dec.o(.text)
    _printf_int_hex                          0x08000571   Thumb Code    84  _printf_hex_int.o(.text)
    _printf_longlong_hex                     0x08000571   Thumb Code     0  _printf_hex_int.o(.text)
    __aeabi_memclr4                          0x080005c9   Thumb Code     0  rt_memclr_w.o(.text)
    __aeabi_memclr8                          0x080005c9   Thumb Code     0  rt_memclr_w.o(.text)
    __rt_memclr_w                            0x080005c9   Thumb Code    78  rt_memclr_w.o(.text)
    _memset_w                                0x080005cd   Thumb Code     0  rt_memclr_w.o(.text)
    __use_two_region_memory                  0x08000617   Thumb Code     2  heapauxi.o(.text)
    __rt_heap_escrow$2region                 0x08000619   Thumb Code     2  heapauxi.o(.text)
    __rt_heap_expand$2region                 0x0800061b   Thumb Code     2  heapauxi.o(.text)
    __semihosting$guard                      0x0800061d   Thumb Code     0  use_no_semi.o(.text)
    __use_no_semihosting_swi                 0x0800061d   Thumb Code     2  use_no_semi.o(.text)
    _printf_int_common                       0x0800061f   Thumb Code   178  _printf_intcommon.o(.text)
    _printf_char_file                        0x080006d1   Thumb Code    32  _printf_char_file.o(.text)
    _printf_char_common                      0x080006ff   Thumb Code    32  _printf_char_common.o(.text)
    ferror                                   0x08000725   Thumb Code     8  ferror.o(.text)
    __user_libspace                          0x0800072d   Thumb Code     8  libspace.o(.text)
    __user_perproc_libspace                  0x0800072d   Thumb Code     0  libspace.o(.text)
    __user_perthread_libspace                0x0800072d   Thumb Code     0  libspace.o(.text)
    __user_setup_stackheap                   0x08000735   Thumb Code    74  sys_stackheap_outer.o(.text)
    exit                                     0x0800077f   Thumb Code    18  exit.o(.text)
    BusFault_Handler                         0x08000791   Thumb Code     4  stm32h7xx_it.o(i.BusFault_Handler)
    DCMI_IRQHandler                          0x0800087d   Thumb Code    10  ova5640_dcmi.o(i.DCMI_IRQHandler)
    DMA2_Stream1_IRQHandler                  0x0800088d   Thumb Code    12  ova5640_dcmi.o(i.DMA2_Stream1_IRQHandler)
    DMA2_Stream3_IRQHandler                  0x0800089d   Thumb Code    20  mlx90640.o(i.DMA2_Stream3_IRQHandler)
    DMA_Start                                0x08000f11   Thumb Code    64  mlx90640.o(i.DMA_Start)
    DebugMon_Handler                         0x08000f59   Thumb Code     2  stm32h7xx_it.o(i.DebugMon_Handler)
    HAL_DCMI_ErrorCallback                   0x08000f5b   Thumb Code     2  stm32h7xx_hal_dcmi.o(i.HAL_DCMI_ErrorCallback)
    HAL_DCMI_FrameEventCallback              0x08000f5d   Thumb Code    16  ova5640_dcmi.o(i.HAL_DCMI_FrameEventCallback)
    HAL_DCMI_IRQHandler                      0x08000f71   Thumb Code   176  stm32h7xx_hal_dcmi.o(i.HAL_DCMI_IRQHandler)
    HAL_DCMI_Init                            0x08001025   Thumb Code   156  stm32h7xx_hal_dcmi.o(i.HAL_DCMI_Init)
    HAL_DCMI_LineEventCallback               0x080010c5   Thumb Code     2  stm32h7xx_hal_dcmi.o(i.HAL_DCMI_LineEventCallback)
    HAL_DCMI_MspInit                         0x080010c9   Thumb Code   838  ova5640_dcmi.o(i.HAL_DCMI_MspInit)
    HAL_DCMI_Start_DMA                       0x08001435   Thumb Code   278  stm32h7xx_hal_dcmi.o(i.HAL_DCMI_Start_DMA)
    HAL_DCMI_Stop                            0x08001555   Thumb Code   138  stm32h7xx_hal_dcmi.o(i.HAL_DCMI_Stop)
    HAL_DCMI_VsyncEventCallback              0x080015e5   Thumb Code     2  stm32h7xx_hal_dcmi.o(i.HAL_DCMI_VsyncEventCallback)
    HAL_DMAEx_ChangeMemory                   0x080015e9   Thumb Code   198  stm32h7xx_hal_dma_ex.o(i.HAL_DMAEx_ChangeMemory)
    HAL_DMAEx_MultiBufferStart_IT            0x080016b9   Thumb Code  1328  stm32h7xx_hal_dma_ex.o(i.HAL_DMAEx_MultiBufferStart_IT)
    HAL_DMA_Abort                            0x08001bf1   Thumb Code  1236  stm32h7xx_hal_dma.o(i.HAL_DMA_Abort)
    HAL_DMA_Abort_IT                         0x080020cd   Thumb Code   906  stm32h7xx_hal_dma.o(i.HAL_DMA_Abort_IT)
    HAL_DMA_GetError                         0x08002465   Thumb Code     6  stm32h7xx_hal_dma.o(i.HAL_DMA_GetError)
    HAL_DMA_IRQHandler                       0x0800246d   Thumb Code  2798  stm32h7xx_hal_dma.o(i.HAL_DMA_IRQHandler)
    HAL_DMA_Init                             0x08002f65   Thumb Code  1304  stm32h7xx_hal_dma.o(i.HAL_DMA_Init)
    HAL_DMA_Start_IT                         0x08003485   Thumb Code   980  stm32h7xx_hal_dma.o(i.HAL_DMA_Start_IT)
    HAL_EnableCompensationCell               0x08003865   Thumb Code    14  stm32h7xx_hal.o(i.HAL_EnableCompensationCell)
    HAL_GPIO_DeInit                          0x08003879   Thumb Code   328  stm32h7xx_hal_gpio.o(i.HAL_GPIO_DeInit)
    HAL_GPIO_Init                            0x080039f1   Thumb Code   456  stm32h7xx_hal_gpio.o(i.HAL_GPIO_Init)
    HAL_GPIO_ReadPin                         0x08003bed   Thumb Code    16  stm32h7xx_hal_gpio.o(i.HAL_GPIO_ReadPin)
    HAL_GPIO_WritePin                        0x08003bfd   Thumb Code    12  stm32h7xx_hal_gpio.o(i.HAL_GPIO_WritePin)
    HAL_GetREVID                             0x08003c09   Thumb Code     8  stm32h7xx_hal.o(i.HAL_GetREVID)
    HAL_GetTick                              0x08003c15   Thumb Code     6  stm32h7xx_hal.o(i.HAL_GetTick)
    HAL_IncTick                              0x08003c21   Thumb Code    16  stm32h7xx_hal.o(i.HAL_IncTick)
    HAL_Init                                 0x08003c39   Thumb Code    80  stm32h7xx_hal.o(i.HAL_Init)
    HAL_InitTick                             0x08003c99   Thumb Code    74  stm32h7xx_hal.o(i.HAL_InitTick)
    HAL_MPU_ConfigRegion                     0x08003cf1   Thumb Code    88  stm32h7xx_hal_cortex.o(i.HAL_MPU_ConfigRegion)
    HAL_MPU_Disable                          0x08003d4d   Thumb Code    38  stm32h7xx_hal_cortex.o(i.HAL_MPU_Disable)
    HAL_MPU_Enable                           0x08003d79   Thumb Code    58  stm32h7xx_hal_cortex.o(i.HAL_MPU_Enable)
    HAL_MspInit                              0x08003db9   Thumb Code     2  stm32h7xx_hal.o(i.HAL_MspInit)
    HAL_NVIC_EnableIRQ                       0x08003dbb   Thumb Code    40  stm32h7xx_hal_cortex.o(i.HAL_NVIC_EnableIRQ)
    HAL_NVIC_SetPriority                     0x08003de3   Thumb Code   122  stm32h7xx_hal_cortex.o(i.HAL_NVIC_SetPriority)
    HAL_NVIC_SetPriorityGrouping             0x08003e5d   Thumb Code    32  stm32h7xx_hal_cortex.o(i.HAL_NVIC_SetPriorityGrouping)
    HAL_PWREx_ConfigSupply                   0x08003e85   Thumb Code    90  stm32h7xx_hal_pwr_ex.o(i.HAL_PWREx_ConfigSupply)
    HAL_QSPI_AutoPolling                     0x08003ee5   Thumb Code   202  stm32h7xx_hal_qspi.o(i.HAL_QSPI_AutoPolling)
    HAL_QSPI_Command                         0x08003faf   Thumb Code   164  stm32h7xx_hal_qspi.o(i.HAL_QSPI_Command)
    HAL_QSPI_DeInit                          0x08004053   Thumb Code    40  stm32h7xx_hal_qspi.o(i.HAL_QSPI_DeInit)
    HAL_QSPI_Init                            0x0800407d   Thumb Code   168  stm32h7xx_hal_qspi.o(i.HAL_QSPI_Init)
    HAL_QSPI_MemoryMapped                    0x0800412d   Thumb Code   172  stm32h7xx_hal_qspi.o(i.HAL_QSPI_MemoryMapped)
    HAL_QSPI_MspDeInit                       0x080041d9   Thumb Code    44  sys.o(i.HAL_QSPI_MspDeInit)
    HAL_QSPI_MspInit                         0x08004211   Thumb Code   212  sys.o(i.HAL_QSPI_MspInit)
    HAL_QSPI_SetTimeout                      0x080042f9   Thumb Code     4  stm32h7xx_hal_qspi.o(i.HAL_QSPI_SetTimeout)
    HAL_RCCEx_GetD3PCLK1Freq                 0x080042fd   Thumb Code    26  stm32h7xx_hal_rcc_ex.o(i.HAL_RCCEx_GetD3PCLK1Freq)
    HAL_RCCEx_GetPLL2ClockFreq               0x08004321   Thumb Code   536  stm32h7xx_hal_rcc_ex.o(i.HAL_RCCEx_GetPLL2ClockFreq)
    HAL_RCCEx_GetPLL3ClockFreq               0x08004551   Thumb Code   536  stm32h7xx_hal_rcc_ex.o(i.HAL_RCCEx_GetPLL3ClockFreq)
    HAL_RCCEx_PeriphCLKConfig                0x08004781   Thumb Code  3432  stm32h7xx_hal_rcc_ex.o(i.HAL_RCCEx_PeriphCLKConfig)
    HAL_RCC_ClockConfig                      0x080054e9   Thumb Code   774  stm32h7xx_hal_rcc.o(i.HAL_RCC_ClockConfig)
    HAL_RCC_GetHCLKFreq                      0x08005809   Thumb Code    60  stm32h7xx_hal_rcc.o(i.HAL_RCC_GetHCLKFreq)
    HAL_RCC_GetPCLK1Freq                     0x08005855   Thumb Code    26  stm32h7xx_hal_rcc.o(i.HAL_RCC_GetPCLK1Freq)
    HAL_RCC_GetPCLK2Freq                     0x08005879   Thumb Code    26  stm32h7xx_hal_rcc.o(i.HAL_RCC_GetPCLK2Freq)
    HAL_RCC_GetSysClockFreq                  0x0800589d   Thumb Code   524  stm32h7xx_hal_rcc.o(i.HAL_RCC_GetSysClockFreq)
    HAL_RCC_OscConfig                        0x08005ac9   Thumb Code  2130  stm32h7xx_hal_rcc.o(i.HAL_RCC_OscConfig)
    HAL_SPI_Abort                            0x08006321   Thumb Code   376  stm32h7xx_hal_spi.o(i.HAL_SPI_Abort)
    HAL_SPI_ErrorCallback                    0x0800649d   Thumb Code     2  stm32h7xx_hal_spi.o(i.HAL_SPI_ErrorCallback)
    HAL_SPI_Init                             0x080064a1   Thumb Code   658  stm32h7xx_hal_spi.o(i.HAL_SPI_Init)
    HAL_SPI_MspInit                          0x08006741   Thumb Code   268  spi.o(i.HAL_SPI_MspInit)
    HAL_SPI_TransmitReceive                  0x08006859   Thumb Code   758  stm32h7xx_hal_spi.o(i.HAL_SPI_TransmitReceive)
    HAL_SPI_Transmit_DMA                     0x08006b51   Thumb Code   486  stm32h7xx_hal_spi.o(i.HAL_SPI_Transmit_DMA)
    HAL_SPI_TxCpltCallback                   0x08006d45   Thumb Code    46  main.o(i.HAL_SPI_TxCpltCallback)
    HAL_SPI_TxHalfCpltCallback               0x08006da1   Thumb Code     2  stm32h7xx_hal_spi.o(i.HAL_SPI_TxHalfCpltCallback)
    HAL_SYSCFG_CompensationCodeSelect        0x08006da5   Thumb Code    16  stm32h7xx_hal.o(i.HAL_SYSCFG_CompensationCodeSelect)
    HAL_SYSTICK_Config                       0x08006db9   Thumb Code    52  stm32h7xx_hal_cortex.o(i.HAL_SYSTICK_Config)
    HAL_UARTEx_RxEventCallback               0x08006ded   Thumb Code     2  stm32h7xx_hal_uart.o(i.HAL_UARTEx_RxEventCallback)
    HAL_UARTEx_RxFifoFullCallback            0x08006def   Thumb Code     2  stm32h7xx_hal_uart_ex.o(i.HAL_UARTEx_RxFifoFullCallback)
    HAL_UARTEx_TxFifoEmptyCallback           0x08006df1   Thumb Code     2  stm32h7xx_hal_uart_ex.o(i.HAL_UARTEx_TxFifoEmptyCallback)
    HAL_UARTEx_WakeupCallback                0x08006df3   Thumb Code     2  stm32h7xx_hal_uart_ex.o(i.HAL_UARTEx_WakeupCallback)
    HAL_UART_ErrorCallback                   0x08006df5   Thumb Code     2  stm32h7xx_hal_uart.o(i.HAL_UART_ErrorCallback)
    HAL_UART_IRQHandler                      0x08006df9   Thumb Code  1172  stm32h7xx_hal_uart.o(i.HAL_UART_IRQHandler)
    HAL_UART_Init                            0x0800728d   Thumb Code   120  stm32h7xx_hal_uart.o(i.HAL_UART_Init)
    HAL_UART_MspInit                         0x08007305   Thumb Code   208  usart.o(i.HAL_UART_MspInit)
    HAL_UART_Receive_IT                      0x080073e5   Thumb Code    88  stm32h7xx_hal_uart.o(i.HAL_UART_Receive_IT)
    HAL_UART_RxCpltCallback                  0x08007441   Thumb Code   134  usart.o(i.HAL_UART_RxCpltCallback)
    HAL_UART_TxCpltCallback                  0x080074dd   Thumb Code     2  stm32h7xx_hal_uart.o(i.HAL_UART_TxCpltCallback)
    HardFault_Handler                        0x080074df   Thumb Code     4  stm32h7xx_it.o(i.HardFault_Handler)
    LCD_Clear                                0x080074e5   Thumb Code    96  lcd.o(i.LCD_Clear)
    LCD_Fill_BUF                             0x0800754d   Thumb Code   104  lcd.o(i.LCD_Fill_BUF)
    LCD_GPIOInit                             0x080075b9   Thumb Code    58  lcd.o(i.LCD_GPIOInit)
    LCD_Init                                 0x080075fd   Thumb Code   596  lcd.o(i.LCD_Init)
    LCD_RESET                                0x08007861   Thumb Code    38  lcd.o(i.LCD_RESET)
    LCD_SetWindows                           0x0800788d   Thumb Code    84  lcd.o(i.LCD_SetWindows)
    LCD_WR_DATA                              0x080078e5   Thumb Code    44  lcd.o(i.LCD_WR_DATA)
    LCD_WR_REG                               0x08007915   Thumb Code    46  lcd.o(i.LCD_WR_REG)
    LCD_WriteRAM_Prepare                     0x08007949   Thumb Code    12  lcd.o(i.LCD_WriteRAM_Prepare)
    LCD_WriteReg                             0x08007959   Thumb Code    20  lcd.o(i.LCD_WriteReg)
    LCD_direction                            0x0800796d   Thumb Code   128  lcd.o(i.LCD_direction)
    Lcd_WriteData_16Bit                      0x080079f1   Thumb Code    50  lcd.o(i.Lcd_WriteData_16Bit)
    MemManage_Handler                        0x08007a29   Thumb Code     4  stm32h7xx_it.o(i.MemManage_Handler)
    NMI_Handler                              0x08007a2d   Thumb Code     2  stm32h7xx_it.o(i.NMI_Handler)
    PendSV_Handler                           0x08007a2f   Thumb Code     2  stm32h7xx_it.o(i.PendSV_Handler)
    SPI_DMA_Init                             0x08008129   Thumb Code   130  mlx90640.o(i.SPI_DMA_Init)
    SVC_Handler                              0x08008225   Thumb Code     2  stm32h7xx_it.o(i.SVC_Handler)
    SysTick_Handler                          0x08008227   Thumb Code     8  stm32h7xx_it.o(i.SysTick_Handler)
    SystemInit                               0x08008231   Thumb Code   212  system_stm32h7xx.o(i.SystemInit)
    UART_AdvFeatureConfig                    0x0800832d   Thumb Code   248  stm32h7xx_hal_uart.o(i.UART_AdvFeatureConfig)
    UART_CheckIdleState                      0x08008425   Thumb Code   234  stm32h7xx_hal_uart.o(i.UART_CheckIdleState)
    UART_SetConfig                           0x08008bc1   Thumb Code  1402  stm32h7xx_hal_uart.o(i.UART_SetConfig)
    UART_Start_Receive_IT                    0x0800914d   Thumb Code   332  stm32h7xx_hal_uart.o(i.UART_Start_Receive_IT)
    UART_WaitOnFlagUntilTimeout              0x080092a9   Thumb Code   162  stm32h7xx_hal_uart.o(i.UART_WaitOnFlagUntilTimeout)
    USART1_IRQHandler                        0x0800934d   Thumb Code    10  usart.o(i.USART1_IRQHandler)
    UsageFault_Handler                       0x0800935d   Thumb Code     4  stm32h7xx_it.o(i.UsageFault_Handler)
    _sys_exit                                0x08009399   Thumb Code     4  usart.o(i._sys_exit)
    atk_mc5640_auto_focus_continuance        0x0800939d   Thumb Code   130  ova5640.o(i.atk_mc5640_auto_focus_continuance)
    atk_mc5640_auto_focus_init               0x08009421   Thumb Code   188  ova5640.o(i.atk_mc5640_auto_focus_init)
    atk_mc5640_dcmi_init                     0x080094e1   Thumb Code    36  ova5640_dcmi.o(i.atk_mc5640_dcmi_init)
    atk_mc5640_dcmi_start                    0x0800950d   Thumb Code    88  ova5640_dcmi.o(i.atk_mc5640_dcmi_start)
    atk_mc5640_get_frame                     0x080095cd   Thumb Code   176  ova5640.o(i.atk_mc5640_get_frame)
    atk_mc5640_init                          0x080097a9   Thumb Code    60  ova5640.o(i.atk_mc5640_init)
    atk_mc5640_sccb_2_phase_read             0x0800982b   Thumb Code    34  sccb.o(i.atk_mc5640_sccb_2_phase_read)
    atk_mc5640_sccb_2_phase_write            0x0800984d   Thumb Code    40  sccb.o(i.atk_mc5640_sccb_2_phase_write)
    atk_mc5640_sccb_3_phase_write            0x08009875   Thumb Code    48  sccb.o(i.atk_mc5640_sccb_3_phase_write)
    atk_mc5640_sccb_init                     0x080098b1   Thumb Code   130  sccb.o(i.atk_mc5640_sccb_init)
    atk_mc5640_set_brightness                0x08009b55   Thumb Code   412  ova5640.o(i.atk_mc5640_set_brightness)
    atk_mc5640_set_color_saturation          0x08009cf1   Thumb Code   502  ova5640.o(i.atk_mc5640_set_color_saturation)
    atk_mc5640_set_contrast                  0x08009ee7   Thumb Code   502  ova5640.o(i.atk_mc5640_set_contrast)
    atk_mc5640_set_exposure_level            0x0800a0dd   Thumb Code   728  ova5640.o(i.atk_mc5640_set_exposure_level)
    atk_mc5640_set_hue                       0x0800a3b5   Thumb Code   666  ova5640.o(i.atk_mc5640_set_hue)
    atk_mc5640_set_light_mode                0x0800a64f   Thumb Code   594  ova5640.o(i.atk_mc5640_set_light_mode)
    atk_mc5640_set_mirror_flip               0x0800a8a1   Thumb Code   256  ova5640.o(i.atk_mc5640_set_mirror_flip)
    atk_mc5640_set_output_format             0x0800a9a1   Thumb Code    82  ova5640.o(i.atk_mc5640_set_output_format)
    atk_mc5640_set_output_size               0x0800a9fd   Thumb Code   136  ova5640.o(i.atk_mc5640_set_output_size)
    atk_mc5640_set_sharpness_level           0x0800aa85   Thumb Code   326  ova5640.o(i.atk_mc5640_set_sharpness_level)
    atk_mc5640_set_special_effect            0x0800abcb   Thumb Code   286  ova5640.o(i.atk_mc5640_set_special_effect)
    atk_mc5640_set_test_pattern              0x0800ace9   Thumb Code    92  ova5640.o(i.atk_mc5640_set_test_pattern)
    delay_init                               0x0800ad85   Thumb Code     6  delay.o(i.delay_init)
    delay_ms                                 0x0800ad91   Thumb Code    18  delay.o(i.delay_ms)
    delay_us                                 0x0800ada5   Thumb Code    68  delay.o(i.delay_us)
    demo_run                                 0x0800ae09   Thumb Code   360  ova5640_demo.o(i.demo_run)
    fputc                                    0x0800afdd   Thumb Code    22  usart.o(i.fputc)
    main                                     0x0800aff9   Thumb Code    84  main.o(i.main)
    spi2_init                                0x0800b051   Thumb Code    88  spi.o(i.spi2_init)
    spi2_read_write_byte                     0x0800b0b1   Thumb Code    40  spi.o(i.spi2_read_write_byte)
    spi2_set_speed                           0x0800b0f5   Thumb Code    64  spi.o(i.spi2_set_speed)
    sys_cache_enable                         0x0800b139   Thumb Code   310  sys.o(i.sys_cache_enable)
    sys_qspi_enable_memmapmode               0x0800b279   Thumb Code   330  sys.o(i.sys_qspi_enable_memmapmode)
    sys_stm32_clock_init                     0x0800b3c9   Thumb Code   358  sys.o(i.sys_stm32_clock_init)
    usart_init                               0x0800b541   Thumb Code    44  usart.o(i.usart_init)
    _fp_init                                 0x0800b579   Thumb Code    10  fpinit.o(x$fpl$fpinit)
    __fplib_config_fpu_vfp                   0x0800b581   Thumb Code     0  fpinit.o(x$fpl$fpinit)
    __fplib_config_pureend_doubles           0x0800b581   Thumb Code     0  fpinit.o(x$fpl$fpinit)
    D1CorePrescTable                         0x0800b582   Data          16  system_stm32h7xx.o(.constdata)
    UARTPrescTable                           0x0800b59a   Data          24  stm32h7xx_hal_uart.o(.constdata)
    atk_mc5640_init_cfg                      0x0800b5b2   Data         828  ova5640.o(.constdata)
    atk_mc5640_rgb565_cfg                    0x0800b8ee   Data         180  ova5640.o(.constdata)
    atk_mc5640_jpeg_cfg                      0x0800b9a2   Data         164  ova5640.o(.constdata)
    atk_mc5640_auto_focus_firmware           0x0800ba46   Data        4077  ova5640.o(.constdata)
    Region$$Table$$Base                      0x0800ca5c   Number         0  anon$$obj.o(Region$$Table)
    Region$$Table$$Limit                     0x0800ca7c   Number         0  anon$$obj.o(Region$$Table)
    dmaTransferComplete                      0x24000000   Data           1  main.o(.data)
    scount                                   0x24000002   Data           2  main.o(.data)
    SystemCoreClock                          0x24000004   Data           4  system_stm32h7xx.o(.data)
    SystemD2Clock                            0x24000008   Data           4  system_stm32h7xx.o(.data)
    mts                                      0x2400000c   Data           2  ova5640_demo.o(.data)
    nts                                      0x2400000e   Data           2  ova5640_demo.o(.data)
    __stdout                                 0x24000014   Data           4  usart.o(.data)
    g_usart_rx_sta                           0x24000018   Data           2  usart.o(.data)
    g_rx_buffer                              0x2400001a   Data           1  usart.o(.data)
    uwTick                                   0x2400001c   Data           4  stm32h7xx_hal.o(.data)
    uwTickPrio                               0x24000020   Data           4  stm32h7xx_hal.o(.data)
    uwTickFreq                               0x24000024   Data           1  stm32h7xx_hal.o(.data)
    rcc_periph_clk_init_struct               0x24000028   Data         192  sys.o(.bss)
    g_usart_rx_buf                           0x240000e8   Data         200  usart.o(.bss)
    g_uart1_handle                           0x240001b0   Data         148  usart.o(.bss)
    g_spi2_handle                            0x24000244   Data         136  spi.o(.bss)
    __libspace_start                         0x240003a4   Data          96  libspace.o(.bss)
    __temporary_stack_top$libspace           0x24000404   Data           0  libspace.o(.bss)
    rgb                                      0x24000500   Data        1536  mlx90640.o(.ARM.__AT_0x24000500)
    ww                                       0x24000b00   Data       12800  main.o(.bss)
    receve_t                                 0x24003d00   Data        6400  ova5640_demo.o(.bss)
    lcddev                                   0x24005600   Data          14  lcd.o(.bss)
    color_double                             0x2400560e   Data        6400  lcd.o(.bss)
    hdma_memtomem_dma2_stream6               0x24006f10   Data         120  mlx90640.o(.bss)
    data                                     0x24006f88   Data        4096  mlx90640.o(.bss)
    data2                                    0x24007f88   Data        3072  mlx90640.o(.bss)
    x_line                                   0x2400ab82   Data        1536  mlx90640.o(.bss)
    y_list                                   0x2400b182   Data        1536  mlx90640.o(.bss)
    pin_x                                    0x2400b782   Data        1536  mlx90640.o(.bss)
    pin_y                                    0x2400bd82   Data        1536  mlx90640.o(.bss)
    j                                        0x2400c382   Data        1536  mlx90640.o(.bss)
    m                                        0x2400c982   Data        1536  mlx90640.o(.bss)
    mlx90640                                 0x2400cf84   Data       10864  mlx90640.o(.bss)
    receve                                   0x30000000   Data       153600  ova5640_demo.o(.ARM.__AT_0x30000000)



==============================================================================

Memory Map of the image

  Image Entry point : 0x08000299

  Load Region LR_IROM1 (Base: 0x08000000, Size: 0x0000caa4, Max: 0x00020000, ABSOLUTE)

    Execution Region ER_IROM1 (Exec base: 0x08000000, Load base: 0x08000000, Size: 0x0000ca7c, Max: 0x00020000, ABSOLUTE)

    Exec Addr    Load Addr    Size         Type   Attr      Idx    E Section Name        Object

    0x08000000   0x08000000   0x00000298   Data   RO            3    RESET               startup_stm32h750xx.o
    0x08000298   0x08000298   0x00000008   Code   RO         4816  * !!!main             c_w.l(__main.o)
    0x080002a0   0x080002a0   0x00000034   Code   RO         5109    !!!scatter          c_w.l(__scatter.o)
    0x080002d4   0x080002d4   0x0000001a   Code   RO         5111    !!handler_copy      c_w.l(__scatter_copy.o)
    0x080002ee   0x080002ee   0x00000002   PAD
    0x080002f0   0x080002f0   0x0000001c   Code   RO         5113    !!handler_zi        c_w.l(__scatter_zi.o)
    0x0800030c   0x0800030c   0x00000000   Code   RO         4809    .ARM.Collect$$_printf_percent$$00000000  c_w.l(_printf_percent.o)
    0x0800030c   0x0800030c   0x00000006   Code   RO         4807    .ARM.Collect$$_printf_percent$$00000009  c_w.l(_printf_d.o)
    0x08000312   0x08000312   0x00000006   Code   RO         4806    .ARM.Collect$$_printf_percent$$0000000C  c_w.l(_printf_x.o)
    0x08000318   0x08000318   0x00000004   Code   RO         4865    .ARM.Collect$$_printf_percent$$00000017  c_w.l(_printf_percent_end.o)
    0x0800031c   0x0800031c   0x00000002   Code   RO         4987    .ARM.Collect$$libinit$$00000000  c_w.l(libinit.o)
    0x0800031e   0x0800031e   0x00000004   Code   RO         4988    .ARM.Collect$$libinit$$00000001  c_w.l(libinit2.o)
    0x08000322   0x08000322   0x00000000   Code   RO         4991    .ARM.Collect$$libinit$$00000004  c_w.l(libinit2.o)
    0x08000322   0x08000322   0x00000000   Code   RO         4994    .ARM.Collect$$libinit$$0000000A  c_w.l(libinit2.o)
    0x08000322   0x08000322   0x00000000   Code   RO         4996    .ARM.Collect$$libinit$$0000000C  c_w.l(libinit2.o)
    0x08000322   0x08000322   0x00000000   Code   RO         4998    .ARM.Collect$$libinit$$0000000E  c_w.l(libinit2.o)
    0x08000322   0x08000322   0x00000000   Code   RO         5001    .ARM.Collect$$libinit$$00000011  c_w.l(libinit2.o)
    0x08000322   0x08000322   0x00000000   Code   RO         5003    .ARM.Collect$$libinit$$00000013  c_w.l(libinit2.o)
    0x08000322   0x08000322   0x00000000   Code   RO         5005    .ARM.Collect$$libinit$$00000015  c_w.l(libinit2.o)
    0x08000322   0x08000322   0x00000000   Code   RO         5007    .ARM.Collect$$libinit$$00000017  c_w.l(libinit2.o)
    0x08000322   0x08000322   0x00000000   Code   RO         5009    .ARM.Collect$$libinit$$00000019  c_w.l(libinit2.o)
    0x08000322   0x08000322   0x00000000   Code   RO         5011    .ARM.Collect$$libinit$$0000001B  c_w.l(libinit2.o)
    0x08000322   0x08000322   0x00000000   Code   RO         5013    .ARM.Collect$$libinit$$0000001D  c_w.l(libinit2.o)
    0x08000322   0x08000322   0x00000000   Code   RO         5015    .ARM.Collect$$libinit$$0000001F  c_w.l(libinit2.o)
    0x08000322   0x08000322   0x00000000   Code   RO         5017    .ARM.Collect$$libinit$$00000021  c_w.l(libinit2.o)
    0x08000322   0x08000322   0x00000000   Code   RO         5019    .ARM.Collect$$libinit$$00000023  c_w.l(libinit2.o)
    0x08000322   0x08000322   0x00000000   Code   RO         5021    .ARM.Collect$$libinit$$00000025  c_w.l(libinit2.o)
    0x08000322   0x08000322   0x00000000   Code   RO         5025    .ARM.Collect$$libinit$$0000002C  c_w.l(libinit2.o)
    0x08000322   0x08000322   0x00000000   Code   RO         5027    .ARM.Collect$$libinit$$0000002E  c_w.l(libinit2.o)
    0x08000322   0x08000322   0x00000000   Code   RO         5029    .ARM.Collect$$libinit$$00000030  c_w.l(libinit2.o)
    0x08000322   0x08000322   0x00000000   Code   RO         5031    .ARM.Collect$$libinit$$00000032  c_w.l(libinit2.o)
    0x08000322   0x08000322   0x00000002   Code   RO         5032    .ARM.Collect$$libinit$$00000033  c_w.l(libinit2.o)
    0x08000324   0x08000324   0x00000002   Code   RO         5074    .ARM.Collect$$libshutdown$$00000000  c_w.l(libshutdown.o)
    0x08000326   0x08000326   0x00000000   Code   RO         5092    .ARM.Collect$$libshutdown$$00000002  c_w.l(libshutdown2.o)
    0x08000326   0x08000326   0x00000000   Code   RO         5094    .ARM.Collect$$libshutdown$$00000004  c_w.l(libshutdown2.o)
    0x08000326   0x08000326   0x00000000   Code   RO         5097    .ARM.Collect$$libshutdown$$00000007  c_w.l(libshutdown2.o)
    0x08000326   0x08000326   0x00000000   Code   RO         5100    .ARM.Collect$$libshutdown$$0000000A  c_w.l(libshutdown2.o)
    0x08000326   0x08000326   0x00000000   Code   RO         5102    .ARM.Collect$$libshutdown$$0000000C  c_w.l(libshutdown2.o)
    0x08000326   0x08000326   0x00000000   Code   RO         5105    .ARM.Collect$$libshutdown$$0000000F  c_w.l(libshutdown2.o)
    0x08000326   0x08000326   0x00000002   Code   RO         5106    .ARM.Collect$$libshutdown$$00000010  c_w.l(libshutdown2.o)
    0x08000328   0x08000328   0x00000000   Code   RO         4852    .ARM.Collect$$rtentry$$00000000  c_w.l(__rtentry.o)
    0x08000328   0x08000328   0x00000000   Code   RO         4897    .ARM.Collect$$rtentry$$00000002  c_w.l(__rtentry2.o)
    0x08000328   0x08000328   0x00000006   Code   RO         4909    .ARM.Collect$$rtentry$$00000004  c_w.l(__rtentry4.o)
    0x0800032e   0x0800032e   0x00000000   Code   RO         4899    .ARM.Collect$$rtentry$$00000009  c_w.l(__rtentry2.o)
    0x0800032e   0x0800032e   0x00000004   Code   RO         4900    .ARM.Collect$$rtentry$$0000000A  c_w.l(__rtentry2.o)
    0x08000332   0x08000332   0x00000000   Code   RO         4902    .ARM.Collect$$rtentry$$0000000C  c_w.l(__rtentry2.o)
    0x08000332   0x08000332   0x00000008   Code   RO         4903    .ARM.Collect$$rtentry$$0000000D  c_w.l(__rtentry2.o)
    0x0800033a   0x0800033a   0x00000002   Code   RO         5035    .ARM.Collect$$rtexit$$00000000  c_w.l(rtexit.o)
    0x0800033c   0x0800033c   0x00000000   Code   RO         5050    .ARM.Collect$$rtexit$$00000002  c_w.l(rtexit2.o)
    0x0800033c   0x0800033c   0x00000004   Code   RO         5051    .ARM.Collect$$rtexit$$00000003  c_w.l(rtexit2.o)
    0x08000340   0x08000340   0x00000006   Code   RO         5052    .ARM.Collect$$rtexit$$00000004  c_w.l(rtexit2.o)
    0x08000346   0x08000346   0x00000002   PAD
    0x08000348   0x08000348   0x00000040   Code   RO            4    .text               startup_stm32h750xx.o
    0x08000388   0x08000388   0x00000002   Code   RO         4753    .text               c_w.l(use_no_semi_2.o)
    0x0800038a   0x0800038a   0x000000ee   Code   RO         4755    .text               c_w.l(lludivv7m.o)
    0x08000478   0x08000478   0x00000018   Code   RO         4759    .text               c_w.l(noretval__2printf.o)
    0x08000490   0x08000490   0x00000068   Code   RO         4761    .text               c_w.l(__printf.o)
    0x080004f8   0x080004f8   0x00000078   Code   RO         4763    .text               c_w.l(_printf_dec.o)
    0x08000570   0x08000570   0x00000058   Code   RO         4768    .text               c_w.l(_printf_hex_int.o)
    0x080005c8   0x080005c8   0x0000004e   Code   RO         4812    .text               c_w.l(rt_memclr_w.o)
    0x08000616   0x08000616   0x00000006   Code   RO         4814    .text               c_w.l(heapauxi.o)
    0x0800061c   0x0800061c   0x00000002   Code   RO         4850    .text               c_w.l(use_no_semi.o)
    0x0800061e   0x0800061e   0x000000b2   Code   RO         4859    .text               c_w.l(_printf_intcommon.o)
    0x080006d0   0x080006d0   0x00000024   Code   RO         4863    .text               c_w.l(_printf_char_file.o)
    0x080006f4   0x080006f4   0x00000030   Code   RO         4925    .text               c_w.l(_printf_char_common.o)
    0x08000724   0x08000724   0x00000008   Code   RO         4954    .text               c_w.l(ferror.o)
    0x0800072c   0x0800072c   0x00000008   Code   RO         4967    .text               c_w.l(libspace.o)
    0x08000734   0x08000734   0x0000004a   Code   RO         4970    .text               c_w.l(sys_stackheap_outer.o)
    0x0800077e   0x0800077e   0x00000012   Code   RO         4974    .text               c_w.l(exit.o)
    0x08000790   0x08000790   0x00000004   Code   RO          438    i.BusFault_Handler  stm32h7xx_it.o
    0x08000794   0x08000794   0x00000024   Code   RO         3368    i.DCMI_DMAError     stm32h7xx_hal_dcmi.o
    0x080007b8   0x080007b8   0x000000c4   Code   RO         3369    i.DCMI_DMAXferCplt  stm32h7xx_hal_dcmi.o
    0x0800087c   0x0800087c   0x00000010   Code   RO         4698    i.DCMI_IRQHandler   ova5640_dcmi.o
    0x0800088c   0x0800088c   0x00000010   Code   RO         4699    i.DMA2_Stream1_IRQHandler  ova5640_dcmi.o
    0x0800089c   0x0800089c   0x0000001c   Code   RO         3980    i.DMA2_Stream3_IRQHandler  mlx90640.o
    0x080008b8   0x080008b8   0x000000ec   Code   RO         1187    i.DMA_CalcBaseAndBitshift  stm32h7xx_hal_dma.o
    0x080009a4   0x080009a4   0x000000c4   Code   RO         1188    i.DMA_CalcDMAMUXChannelBaseAndMask  stm32h7xx_hal_dma.o
    0x08000a68   0x08000a68   0x00000098   Code   RO         1189    i.DMA_CalcDMAMUXRequestGenBaseAndMask  stm32h7xx_hal_dma.o
    0x08000b00   0x08000b00   0x000000ae   Code   RO         1190    i.DMA_CheckFifoParam  stm32h7xx_hal_dma.o
    0x08000bae   0x08000bae   0x00000002   PAD
    0x08000bb0   0x08000bb0   0x000000ec   Code   RO         3297    i.DMA_MultiBufferSetConfig  stm32h7xx_hal_dma_ex.o
    0x08000c9c   0x08000c9c   0x00000274   Code   RO         1191    i.DMA_SetConfig     stm32h7xx_hal_dma.o
    0x08000f10   0x08000f10   0x00000048   Code   RO         3981    i.DMA_Start         mlx90640.o
    0x08000f58   0x08000f58   0x00000002   Code   RO          439    i.DebugMon_Handler  stm32h7xx_it.o
    0x08000f5a   0x08000f5a   0x00000002   Code   RO         3375    i.HAL_DCMI_ErrorCallback  stm32h7xx_hal_dcmi.o
    0x08000f5c   0x08000f5c   0x00000014   Code   RO         4700    i.HAL_DCMI_FrameEventCallback  ova5640_dcmi.o
    0x08000f70   0x08000f70   0x000000b4   Code   RO         3379    i.HAL_DCMI_IRQHandler  stm32h7xx_hal_dcmi.o
    0x08001024   0x08001024   0x000000a0   Code   RO         3380    i.HAL_DCMI_Init     stm32h7xx_hal_dcmi.o
    0x080010c4   0x080010c4   0x00000002   Code   RO         3381    i.HAL_DCMI_LineEventCallback  stm32h7xx_hal_dcmi.o
    0x080010c6   0x080010c6   0x00000002   PAD
    0x080010c8   0x080010c8   0x0000036c   Code   RO         4701    i.HAL_DCMI_MspInit  ova5640_dcmi.o
    0x08001434   0x08001434   0x00000120   Code   RO         3385    i.HAL_DCMI_Start_DMA  stm32h7xx_hal_dcmi.o
    0x08001554   0x08001554   0x00000090   Code   RO         3386    i.HAL_DCMI_Stop     stm32h7xx_hal_dcmi.o
    0x080015e4   0x080015e4   0x00000002   Code   RO         3388    i.HAL_DCMI_VsyncEventCallback  stm32h7xx_hal_dcmi.o
    0x080015e6   0x080015e6   0x00000002   PAD
    0x080015e8   0x080015e8   0x000000d0   Code   RO         3298    i.HAL_DMAEx_ChangeMemory  stm32h7xx_hal_dma_ex.o
    0x080016b8   0x080016b8   0x00000538   Code   RO         3305    i.HAL_DMAEx_MultiBufferStart_IT  stm32h7xx_hal_dma_ex.o
    0x08001bf0   0x08001bf0   0x000004dc   Code   RO         1192    i.HAL_DMA_Abort     stm32h7xx_hal_dma.o
    0x080020cc   0x080020cc   0x00000398   Code   RO         1193    i.HAL_DMA_Abort_IT  stm32h7xx_hal_dma.o
    0x08002464   0x08002464   0x00000006   Code   RO         1195    i.HAL_DMA_GetError  stm32h7xx_hal_dma.o
    0x0800246a   0x0800246a   0x00000002   PAD
    0x0800246c   0x0800246c   0x00000af8   Code   RO         1197    i.HAL_DMA_IRQHandler  stm32h7xx_hal_dma.o
    0x08002f64   0x08002f64   0x00000520   Code   RO         1198    i.HAL_DMA_Init      stm32h7xx_hal_dma.o
    0x08003484   0x08003484   0x000003e0   Code   RO         1202    i.HAL_DMA_Start_IT  stm32h7xx_hal_dma.o
    0x08003864   0x08003864   0x00000014   Code   RO          743    i.HAL_EnableCompensationCell  stm32h7xx_hal.o
    0x08003878   0x08003878   0x00000178   Code   RO         1303    i.HAL_GPIO_DeInit   stm32h7xx_hal_gpio.o
    0x080039f0   0x080039f0   0x000001fc   Code   RO         1306    i.HAL_GPIO_Init     stm32h7xx_hal_gpio.o
    0x08003bec   0x08003bec   0x00000010   Code   RO         1308    i.HAL_GPIO_ReadPin  stm32h7xx_hal_gpio.o
    0x08003bfc   0x08003bfc   0x0000000c   Code   RO         1310    i.HAL_GPIO_WritePin  stm32h7xx_hal_gpio.o
    0x08003c08   0x08003c08   0x0000000c   Code   RO          747    i.HAL_GetREVID      stm32h7xx_hal.o
    0x08003c14   0x08003c14   0x0000000c   Code   RO          748    i.HAL_GetTick       stm32h7xx_hal.o
    0x08003c20   0x08003c20   0x00000018   Code   RO          754    i.HAL_IncTick       stm32h7xx_hal.o
    0x08003c38   0x08003c38   0x00000060   Code   RO          755    i.HAL_Init          stm32h7xx_hal.o
    0x08003c98   0x08003c98   0x00000058   Code   RO          756    i.HAL_InitTick      stm32h7xx_hal.o
    0x08003cf0   0x08003cf0   0x0000005c   Code   RO         1042    i.HAL_MPU_ConfigRegion  stm32h7xx_hal_cortex.o
    0x08003d4c   0x08003d4c   0x0000002c   Code   RO         1043    i.HAL_MPU_Disable   stm32h7xx_hal_cortex.o
    0x08003d78   0x08003d78   0x00000040   Code   RO         1044    i.HAL_MPU_Enable    stm32h7xx_hal_cortex.o
    0x08003db8   0x08003db8   0x00000002   Code   RO          758    i.HAL_MspInit       stm32h7xx_hal.o
    0x08003dba   0x08003dba   0x00000028   Code   RO         1047    i.HAL_NVIC_EnableIRQ  stm32h7xx_hal_cortex.o
    0x08003de2   0x08003de2   0x0000007a   Code   RO         1053    i.HAL_NVIC_SetPriority  stm32h7xx_hal_cortex.o
    0x08003e5c   0x08003e5c   0x00000028   Code   RO         1054    i.HAL_NVIC_SetPriorityGrouping  stm32h7xx_hal_cortex.o
    0x08003e84   0x08003e84   0x00000060   Code   RO         1636    i.HAL_PWREx_ConfigSupply  stm32h7xx_hal_pwr_ex.o
    0x08003ee4   0x08003ee4   0x000000ca   Code   RO         1892    i.HAL_QSPI_AutoPolling  stm32h7xx_hal_qspi.o
    0x08003fae   0x08003fae   0x000000a4   Code   RO         1895    i.HAL_QSPI_Command  stm32h7xx_hal_qspi.o
    0x08004052   0x08004052   0x00000028   Code   RO         1897    i.HAL_QSPI_DeInit   stm32h7xx_hal_qspi.o
    0x0800407a   0x0800407a   0x00000002   PAD
    0x0800407c   0x0800407c   0x000000b0   Code   RO         1904    i.HAL_QSPI_Init     stm32h7xx_hal_qspi.o
    0x0800412c   0x0800412c   0x000000ac   Code   RO         1905    i.HAL_QSPI_MemoryMapped  stm32h7xx_hal_qspi.o
    0x080041d8   0x080041d8   0x00000038   Code   RO          550    i.HAL_QSPI_MspDeInit  sys.o
    0x08004210   0x08004210   0x000000e8   Code   RO          551    i.HAL_QSPI_MspInit  sys.o
    0x080042f8   0x080042f8   0x00000004   Code   RO         1914    i.HAL_QSPI_SetTimeout  stm32h7xx_hal_qspi.o
    0x080042fc   0x080042fc   0x00000024   Code   RO         2245    i.HAL_RCCEx_GetD3PCLK1Freq  stm32h7xx_hal_rcc_ex.o
    0x08004320   0x08004320   0x00000230   Code   RO         2247    i.HAL_RCCEx_GetPLL2ClockFreq  stm32h7xx_hal_rcc_ex.o
    0x08004550   0x08004550   0x00000230   Code   RO         2248    i.HAL_RCCEx_GetPLL3ClockFreq  stm32h7xx_hal_rcc_ex.o
    0x08004780   0x08004780   0x00000d68   Code   RO         2254    i.HAL_RCCEx_PeriphCLKConfig  stm32h7xx_hal_rcc_ex.o
    0x080054e8   0x080054e8   0x00000320   Code   RO         2130    i.HAL_RCC_ClockConfig  stm32h7xx_hal_rcc.o
    0x08005808   0x08005808   0x0000004c   Code   RO         2135    i.HAL_RCC_GetHCLKFreq  stm32h7xx_hal_rcc.o
    0x08005854   0x08005854   0x00000024   Code   RO         2137    i.HAL_RCC_GetPCLK1Freq  stm32h7xx_hal_rcc.o
    0x08005878   0x08005878   0x00000024   Code   RO         2138    i.HAL_RCC_GetPCLK2Freq  stm32h7xx_hal_rcc.o
    0x0800589c   0x0800589c   0x0000022c   Code   RO         2139    i.HAL_RCC_GetSysClockFreq  stm32h7xx_hal_rcc.o
    0x08005ac8   0x08005ac8   0x00000858   Code   RO         2142    i.HAL_RCC_OscConfig  stm32h7xx_hal_rcc.o
    0x08006320   0x08006320   0x0000017c   Code   RO         2963    i.HAL_SPI_Abort     stm32h7xx_hal_spi.o
    0x0800649c   0x0800649c   0x00000002   Code   RO         2970    i.HAL_SPI_ErrorCallback  stm32h7xx_hal_spi.o
    0x0800649e   0x0800649e   0x00000002   PAD
    0x080064a0   0x080064a0   0x000002a0   Code   RO         2974    i.HAL_SPI_Init      stm32h7xx_hal_spi.o
    0x08006740   0x08006740   0x00000118   Code   RO         3656    i.HAL_SPI_MspInit   spi.o
    0x08006858   0x08006858   0x000002f6   Code   RO         2984    i.HAL_SPI_TransmitReceive  stm32h7xx_hal_spi.o
    0x08006b4e   0x08006b4e   0x00000002   PAD
    0x08006b50   0x08006b50   0x000001f4   Code   RO         2987    i.HAL_SPI_Transmit_DMA  stm32h7xx_hal_spi.o
    0x08006d44   0x08006d44   0x0000005c   Code   RO           13    i.HAL_SPI_TxCpltCallback  main.o
    0x08006da0   0x08006da0   0x00000002   Code   RO         2990    i.HAL_SPI_TxHalfCpltCallback  stm32h7xx_hal_spi.o
    0x08006da2   0x08006da2   0x00000002   PAD
    0x08006da4   0x08006da4   0x00000014   Code   RO          763    i.HAL_SYSCFG_CompensationCodeSelect  stm32h7xx_hal.o
    0x08006db8   0x08006db8   0x00000034   Code   RO         1058    i.HAL_SYSTICK_Config  stm32h7xx_hal_cortex.o
    0x08006dec   0x08006dec   0x00000002   Code   RO         2424    i.HAL_UARTEx_RxEventCallback  stm32h7xx_hal_uart.o
    0x08006dee   0x08006dee   0x00000002   Code   RO         2848    i.HAL_UARTEx_RxFifoFullCallback  stm32h7xx_hal_uart_ex.o
    0x08006df0   0x08006df0   0x00000002   Code   RO         2852    i.HAL_UARTEx_TxFifoEmptyCallback  stm32h7xx_hal_uart_ex.o
    0x08006df2   0x08006df2   0x00000002   Code   RO         2853    i.HAL_UARTEx_WakeupCallback  stm32h7xx_hal_uart_ex.o
    0x08006df4   0x08006df4   0x00000002   Code   RO         2440    i.HAL_UART_ErrorCallback  stm32h7xx_hal_uart.o
    0x08006df6   0x08006df6   0x00000002   PAD
    0x08006df8   0x08006df8   0x00000494   Code   RO         2443    i.HAL_UART_IRQHandler  stm32h7xx_hal_uart.o
    0x0800728c   0x0800728c   0x00000078   Code   RO         2444    i.HAL_UART_Init     stm32h7xx_hal_uart.o
    0x08007304   0x08007304   0x000000e0   Code   RO          652    i.HAL_UART_MspInit  usart.o
    0x080073e4   0x080073e4   0x0000005c   Code   RO         2449    i.HAL_UART_Receive_IT  stm32h7xx_hal_uart.o
    0x08007440   0x08007440   0x0000009c   Code   RO          653    i.HAL_UART_RxCpltCallback  usart.o
    0x080074dc   0x080074dc   0x00000002   Code   RO         2456    i.HAL_UART_TxCpltCallback  stm32h7xx_hal_uart.o
    0x080074de   0x080074de   0x00000004   Code   RO          440    i.HardFault_Handler  stm32h7xx_it.o
    0x080074e2   0x080074e2   0x00000002   PAD
    0x080074e4   0x080074e4   0x00000068   Code   RO         3534    i.LCD_Clear         lcd.o
    0x0800754c   0x0800754c   0x0000006c   Code   RO         3537    i.LCD_Fill_BUF      lcd.o
    0x080075b8   0x080075b8   0x00000044   Code   RO         3539    i.LCD_GPIOInit      lcd.o
    0x080075fc   0x080075fc   0x00000264   Code   RO         3540    i.LCD_Init          lcd.o
    0x08007860   0x08007860   0x0000002c   Code   RO         3541    i.LCD_RESET         lcd.o
    0x0800788c   0x0800788c   0x00000058   Code   RO         3543    i.LCD_SetWindows    lcd.o
    0x080078e4   0x080078e4   0x00000030   Code   RO         3544    i.LCD_WR_DATA       lcd.o
    0x08007914   0x08007914   0x00000034   Code   RO         3545    i.LCD_WR_REG        lcd.o
    0x08007948   0x08007948   0x00000010   Code   RO         3546    i.LCD_WriteRAM_Prepare  lcd.o
    0x08007958   0x08007958   0x00000014   Code   RO         3547    i.LCD_WriteReg      lcd.o
    0x0800796c   0x0800796c   0x00000084   Code   RO         3548    i.LCD_direction     lcd.o
    0x080079f0   0x080079f0   0x00000038   Code   RO         3549    i.Lcd_WriteData_16Bit  lcd.o
    0x08007a28   0x08007a28   0x00000004   Code   RO          441    i.MemManage_Handler  stm32h7xx_it.o
    0x08007a2c   0x08007a2c   0x00000002   Code   RO          442    i.NMI_Handler       stm32h7xx_it.o
    0x08007a2e   0x08007a2e   0x00000002   Code   RO          443    i.PendSV_Handler    stm32h7xx_it.o
    0x08007a30   0x08007a30   0x000001e8   Code   RO         1921    i.QSPI_Config       stm32h7xx_hal_qspi.o
    0x08007c18   0x08007c18   0x0000004c   Code   RO         1926    i.QSPI_WaitFlagStateUntilTimeout  stm32h7xx_hal_qspi.o
    0x08007c64   0x08007c64   0x00000164   Code   RO         2257    i.RCCEx_PLL2_Config  stm32h7xx_hal_rcc_ex.o
    0x08007dc8   0x08007dc8   0x00000164   Code   RO         2258    i.RCCEx_PLL3_Config  stm32h7xx_hal_rcc_ex.o
    0x08007f2c   0x08007f2c   0x00000092   Code   RO         2993    i.SPI_AbortTransfer  stm32h7xx_hal_spi.o
    0x08007fbe   0x08007fbe   0x000000fc   Code   RO         2994    i.SPI_CloseTransfer  stm32h7xx_hal_spi.o
    0x080080ba   0x080080ba   0x00000030   Code   RO         2996    i.SPI_DMAError      stm32h7xx_hal_spi.o
    0x080080ea   0x080080ea   0x0000000e   Code   RO         2998    i.SPI_DMAHalfTransmitCplt  stm32h7xx_hal_spi.o
    0x080080f8   0x080080f8   0x0000002e   Code   RO         3002    i.SPI_DMATransmitCplt  stm32h7xx_hal_spi.o
    0x08008126   0x08008126   0x00000002   PAD
    0x08008128   0x08008128   0x000000a0   Code   RO         3986    i.SPI_DMA_Init      mlx90640.o
    0x080081c8   0x080081c8   0x0000001a   Code   RO         3005    i.SPI_GetPacketSize  stm32h7xx_hal_spi.o
    0x080081e2   0x080081e2   0x00000042   Code   RO         3012    i.SPI_WaitOnFlagUntilTimeout  stm32h7xx_hal_spi.o
    0x08008224   0x08008224   0x00000002   Code   RO          444    i.SVC_Handler       stm32h7xx_it.o
    0x08008226   0x08008226   0x00000008   Code   RO          445    i.SysTick_Handler   stm32h7xx_it.o
    0x0800822e   0x0800822e   0x00000002   PAD
    0x08008230   0x08008230   0x000000fc   Code   RO          402    i.SystemInit        system_stm32h7xx.o
    0x0800832c   0x0800832c   0x000000f8   Code   RO         2458    i.UART_AdvFeatureConfig  stm32h7xx_hal_uart.o
    0x08008424   0x08008424   0x000000ea   Code   RO         2459    i.UART_CheckIdleState  stm32h7xx_hal_uart.o
    0x0800850e   0x0800850e   0x00000018   Code   RO         2460    i.UART_DMAAbortOnError  stm32h7xx_hal_uart.o
    0x08008526   0x08008526   0x00000002   PAD
    0x08008528   0x08008528   0x0000006c   Code   RO         2470    i.UART_EndRxTransfer  stm32h7xx_hal_uart.o
    0x08008594   0x08008594   0x00000030   Code   RO         2471    i.UART_EndTransmit_IT  stm32h7xx_hal_uart.o
    0x080085c4   0x080085c4   0x00000104   Code   RO         2473    i.UART_RxISR_16BIT  stm32h7xx_hal_uart.o
    0x080086c8   0x080086c8   0x000001fc   Code   RO         2474    i.UART_RxISR_16BIT_FIFOEN  stm32h7xx_hal_uart.o
    0x080088c4   0x080088c4   0x00000104   Code   RO         2475    i.UART_RxISR_8BIT   stm32h7xx_hal_uart.o
    0x080089c8   0x080089c8   0x000001f8   Code   RO         2476    i.UART_RxISR_8BIT_FIFOEN  stm32h7xx_hal_uart.o
    0x08008bc0   0x08008bc0   0x0000058c   Code   RO         2477    i.UART_SetConfig    stm32h7xx_hal_uart.o
    0x0800914c   0x0800914c   0x0000015c   Code   RO         2479    i.UART_Start_Receive_IT  stm32h7xx_hal_uart.o
    0x080092a8   0x080092a8   0x000000a2   Code   RO         2484    i.UART_WaitOnFlagUntilTimeout  stm32h7xx_hal_uart.o
    0x0800934a   0x0800934a   0x00000002   PAD
    0x0800934c   0x0800934c   0x00000010   Code   RO          654    i.USART1_IRQHandler  usart.o
    0x0800935c   0x0800935c   0x00000004   Code   RO          446    i.UsageFault_Handler  stm32h7xx_it.o
    0x08009360   0x08009360   0x00000010   Code   RO         1060    i.__NVIC_GetPriorityGrouping  stm32h7xx_hal_cortex.o
    0x08009370   0x08009370   0x00000028   Code   RO         1061    i.__NVIC_SetPriority  stm32h7xx_hal_cortex.o
    0x08009398   0x08009398   0x00000004   Code   RO          656    i._sys_exit         usart.o
    0x0800939c   0x0800939c   0x00000082   Code   RO         4409    i.atk_mc5640_auto_focus_continuance  ova5640.o
    0x0800941e   0x0800941e   0x00000002   PAD
    0x08009420   0x08009420   0x000000c0   Code   RO         4410    i.atk_mc5640_auto_focus_init  ova5640.o
    0x080094e0   0x080094e0   0x0000002c   Code   RO         4702    i.atk_mc5640_dcmi_init  ova5640_dcmi.o
    0x0800950c   0x0800950c   0x0000005c   Code   RO         4703    i.atk_mc5640_dcmi_start  ova5640_dcmi.o
    0x08009568   0x08009568   0x00000048   Code   RO         4412    i.atk_mc5640_exit_power_down  ova5640.o
    0x080095b0   0x080095b0   0x0000001a   Code   RO         4413    i.atk_mc5640_get_chip_id  ova5640.o
    0x080095ca   0x080095ca   0x00000002   PAD
    0x080095cc   0x080095cc   0x000000b4   Code   RO         4414    i.atk_mc5640_get_frame  ova5640.o
    0x08009680   0x08009680   0x00000054   Code   RO         4416    i.atk_mc5640_get_output_size  ova5640.o
    0x080096d4   0x080096d4   0x000000a4   Code   RO         4418    i.atk_mc5640_hw_init  ova5640.o
    0x08009778   0x08009778   0x00000030   Code   RO         4419    i.atk_mc5640_hw_reset  ova5640.o
    0x080097a8   0x080097a8   0x00000040   Code   RO         4420    i.atk_mc5640_init   ova5640.o
    0x080097e8   0x080097e8   0x00000024   Code   RO         4421    i.atk_mc5640_init_reg  ova5640.o
    0x0800980c   0x0800980c   0x0000001e   Code   RO         4424    i.atk_mc5640_read_reg  ova5640.o
    0x0800982a   0x0800982a   0x00000022   Code   RO         4621    i.atk_mc5640_sccb_2_phase_read  sccb.o
    0x0800984c   0x0800984c   0x00000028   Code   RO         4622    i.atk_mc5640_sccb_2_phase_write  sccb.o
    0x08009874   0x08009874   0x00000030   Code   RO         4623    i.atk_mc5640_sccb_3_phase_write  sccb.o
    0x080098a4   0x080098a4   0x0000000a   Code   RO         4624    i.atk_mc5640_sccb_delay  sccb.o
    0x080098ae   0x080098ae   0x00000002   PAD
    0x080098b0   0x080098b0   0x0000008c   Code   RO         4625    i.atk_mc5640_sccb_init  sccb.o
    0x0800993c   0x0800993c   0x00000098   Code   RO         4626    i.atk_mc5640_sccb_read_byte  sccb.o
    0x080099d4   0x080099d4   0x00000030   Code   RO         4627    i.atk_mc5640_sccb_set_sda_input  sccb.o
    0x08009a04   0x08009a04   0x0000002c   Code   RO         4628    i.atk_mc5640_sccb_set_sda_output  sccb.o
    0x08009a30   0x08009a30   0x0000004c   Code   RO         4629    i.atk_mc5640_sccb_start  sccb.o
    0x08009a7c   0x08009a7c   0x00000040   Code   RO         4630    i.atk_mc5640_sccb_stop  sccb.o
    0x08009abc   0x08009abc   0x00000098   Code   RO         4631    i.atk_mc5640_sccb_write_byte  sccb.o
    0x08009b54   0x08009b54   0x0000019c   Code   RO         4425    i.atk_mc5640_set_brightness  ova5640.o
    0x08009cf0   0x08009cf0   0x000001f6   Code   RO         4426    i.atk_mc5640_set_color_saturation  ova5640.o
    0x08009ee6   0x08009ee6   0x000001f6   Code   RO         4427    i.atk_mc5640_set_contrast  ova5640.o
    0x0800a0dc   0x0800a0dc   0x000002d8   Code   RO         4428    i.atk_mc5640_set_exposure_level  ova5640.o
    0x0800a3b4   0x0800a3b4   0x0000029a   Code   RO         4429    i.atk_mc5640_set_hue  ova5640.o
    0x0800a64e   0x0800a64e   0x00000252   Code   RO         4431    i.atk_mc5640_set_light_mode  ova5640.o
    0x0800a8a0   0x0800a8a0   0x00000100   Code   RO         4432    i.atk_mc5640_set_mirror_flip  ova5640.o
    0x0800a9a0   0x0800a9a0   0x0000005c   Code   RO         4433    i.atk_mc5640_set_output_format  ova5640.o
    0x0800a9fc   0x0800a9fc   0x00000088   Code   RO         4434    i.atk_mc5640_set_output_size  ova5640.o
    0x0800aa84   0x0800aa84   0x00000146   Code   RO         4436    i.atk_mc5640_set_sharpness_level  ova5640.o
    0x0800abca   0x0800abca   0x0000011e   Code   RO         4437    i.atk_mc5640_set_special_effect  ova5640.o
    0x0800ace8   0x0800ace8   0x0000005c   Code   RO         4438    i.atk_mc5640_set_test_pattern  ova5640.o
    0x0800ad44   0x0800ad44   0x0000002c   Code   RO         4439    i.atk_mc5640_sw_reset  ova5640.o
    0x0800ad70   0x0800ad70   0x00000012   Code   RO         4440    i.atk_mc5640_write_reg  ova5640.o
    0x0800ad82   0x0800ad82   0x00000002   PAD
    0x0800ad84   0x0800ad84   0x0000000c   Code   RO          609    i.delay_init        delay.o
    0x0800ad90   0x0800ad90   0x00000012   Code   RO          610    i.delay_ms          delay.o
    0x0800ada2   0x0800ada2   0x00000002   PAD
    0x0800ada4   0x0800ada4   0x00000048   Code   RO          611    i.delay_us          delay.o
    0x0800adec   0x0800adec   0x0000001c   Code   RO          516    i.demo_reset_lcd    ova5640_demo.o
    0x0800ae08   0x0800ae08   0x000001d4   Code   RO          517    i.demo_run          ova5640_demo.o
    0x0800afdc   0x0800afdc   0x0000001c   Code   RO          658    i.fputc             usart.o
    0x0800aff8   0x0800aff8   0x00000058   Code   RO           14    i.main              main.o
    0x0800b050   0x0800b050   0x00000060   Code   RO         3657    i.spi2_init         spi.o
    0x0800b0b0   0x0800b0b0   0x00000044   Code   RO         3658    i.spi2_read_write_byte  spi.o
    0x0800b0f4   0x0800b0f4   0x00000044   Code   RO         3659    i.spi2_set_speed    spi.o
    0x0800b138   0x0800b138   0x00000140   Code   RO          552    i.sys_cache_enable  sys.o
    0x0800b278   0x0800b278   0x00000150   Code   RO          553    i.sys_qspi_enable_memmapmode  sys.o
    0x0800b3c8   0x0800b3c8   0x00000178   Code   RO          554    i.sys_stm32_clock_init  sys.o
    0x0800b540   0x0800b540   0x00000038   Code   RO          659    i.usart_init        usart.o
    0x0800b578   0x0800b578   0x0000000a   Code   RO         5045    x$fpl$fpinit        fz_wv.l(fpinit.o)
    0x0800b582   0x0800b582   0x00000010   Data   RO          403    .constdata          system_stm32h7xx.o
    0x0800b592   0x0800b592   0x00000008   Data   RO         1204    .constdata          stm32h7xx_hal_dma.o
    0x0800b59a   0x0800b59a   0x00000018   Data   RO         2485    .constdata          stm32h7xx_hal_uart.o
    0x0800b5b2   0x0800b5b2   0x00001481   Data   RO         4442    .constdata          ova5640.o
    0x0800ca33   0x0800ca33   0x00000028   Data   RO         4769    .constdata          c_w.l(_printf_hex_int.o)
    0x0800ca5b   0x0800ca5b   0x00000001   PAD
    0x0800ca5c   0x0800ca5c   0x00000020   Data   RO         5107    Region$$Table       anon$$obj.o


    Execution Region RW_IRAM1 (Exec base: 0x20000000, Load base: 0x0800ca7c, Size: 0x00000000, Max: 0x00020000, ABSOLUTE)

    **** No section assigned to this execution region ****


    Execution Region RW_IRAM2 (Exec base: 0x24000000, Load base: 0x0800ca7c, Size: 0x0000fff8, Max: 0x00080000, ABSOLUTE)

    Exec Addr    Load Addr    Size         Type   Attr      Idx    E Section Name        Object

    0x24000000   0x0800ca7c   0x00000004   Data   RW           16    .data               main.o
    0x24000004   0x0800ca80   0x00000008   Data   RW          404    .data               system_stm32h7xx.o
    0x2400000c   0x0800ca88   0x00000004   Data   RW          520    .data               ova5640_demo.o
    0x24000010   0x0800ca8c   0x00000004   Data   RW          612    .data               delay.o
    0x24000014   0x0800ca90   0x00000007   Data   RW          661    .data               usart.o
    0x2400001b   0x0800ca97   0x00000001   PAD
    0x2400001c   0x0800ca98   0x00000009   Data   RW          777    .data               stm32h7xx_hal.o
    0x24000025   0x0800caa1   0x00000003   PAD
    0x24000028        -       0x000000c0   Zero   RW          555    .bss                sys.o
    0x240000e8        -       0x0000015c   Zero   RW          660    .bss                usart.o
    0x24000244        -       0x00000088   Zero   RW         3660    .bss                spi.o
    0x240002cc        -       0x0000000c   Zero   RW         4441    .bss                ova5640.o
    0x240002d8        -       0x000000cc   Zero   RW         4704    .bss                ova5640_dcmi.o
    0x240003a4        -       0x00000060   Zero   RW         4968    .bss                c_w.l(libspace.o)
    0x24000404   0x0800caa1   0x000000fc   PAD
    0x24000500        -       0x00000600   Zero   RW         3988    .ARM.__AT_0x24000500  mlx90640.o
    0x24000b00        -       0x00003200   Zero   RW           15    .bss                main.o
    0x24003d00        -       0x00001900   Zero   RW          519    .bss                ova5640_demo.o
    0x24005600        -       0x0000190e   Zero   RW         3550    .bss                lcd.o
    0x24006f0e   0x0800caa1   0x00000002   PAD
    0x24006f10        -       0x00008ae4   Zero   RW         3989    .bss                mlx90640.o
    0x2400f9f4   0x0800caa1   0x00000004   PAD
    0x2400f9f8        -       0x00000200   Zero   RW            2    HEAP                startup_stm32h750xx.o
    0x2400fbf8        -       0x00000400   Zero   RW            1    STACK               startup_stm32h750xx.o



  Load Region LR$$.ARM.__AT_0x30000000 (Base: 0x30000000, Size: 0x00000000, Max: 0x00025800, ABSOLUTE)

    Execution Region ER$$.ARM.__AT_0x30000000 (Exec base: 0x30000000, Load base: 0x30000000, Size: 0x00025800, Max: 0x00025800, ABSOLUTE, UNINIT)

    Exec Addr    Load Addr    Size         Type   Attr      Idx    E Section Name        Object

    0x30000000        -       0x00025800   Zero   RW          518    .ARM.__AT_0x30000000  ova5640_demo.o


==============================================================================

Image component sizes


      Code (inc. data)   RO Data    RW Data    ZI Data      Debug   Object Name

       102         10          0          4          0       1995   delay.o
      1348         72          0          0       6414       9809   lcd.o
       180         50          0          4      12800    1298011   main.o
       260         46          0          0      37092       3964   mlx90640.o
      5680        140       5249          0         12      19650   ova5640.o
      1064         64          0          0        204       4936   ova5640_dcmi.o
       496        126          0          4     160000       2045   ova5640_demo.o
       808         38          0          0          0       6878   sccb.o
       512         52          0          0        136       3126   spi.o
        64         26        664          0       1536        980   startup_stm32h750xx.o
       274         58          0          9          0      24519   stm32h7xx_hal.o
       510         38          0          0          0      42441   stm32h7xx_hal_cortex.o
      1010         24          0          0          0       7047   stm32h7xx_hal_dcmi.o
      8668        168          8          0          0      14073   stm32h7xx_hal_dma.o
      1780         40          0          0          0       3709   stm32h7xx_hal_dma_ex.o
       912        100          0          0          0       3789   stm32h7xx_hal_gpio.o
        96          6          0          0          0        797   stm32h7xx_hal_pwr_ex.o
      1322          8          0          0          0       7722   stm32h7xx_hal_qspi.o
      3640        114          0          0          0       7060   stm32h7xx_hal_rcc.o
      5300        108          0          0          0       7429   stm32h7xx_hal_rcc_ex.o
      2912         32          0          0          0      11153   stm32h7xx_hal_spi.o
      5514        204         24          0          0      37758   stm32h7xx_hal_uart.o
         6          0          0          0          0       2297   stm32h7xx_hal_uart_ex.o
        32          0          0          0          0       4338   stm32h7xx_it.o
      1320         66          0          0        192      40787   sys.o
       252         40         16          8          0       1562   system_stm32h7xx.o
       484         62          0          7        348       5741   usart.o

    ----------------------------------------------------------------------
     44584       1692       5993         40     218740    1573616   Object Totals
         0          0         32          0          0          0   (incl. Generated)
        38          0          0          4          6          0   (incl. Padding)

    ----------------------------------------------------------------------

      Code (inc. data)   RO Data    RW Data    ZI Data      Debug   Library Member Name

         8          0          0          0          0         68   __main.o
       104          0          0          0          0         84   __printf.o
         0          0          0          0          0          0   __rtentry.o
        12          0          0          0          0          0   __rtentry2.o
         6          0          0          0          0          0   __rtentry4.o
        52          8          0          0          0          0   __scatter.o
        26          0          0          0          0          0   __scatter_copy.o
        28          0          0          0          0          0   __scatter_zi.o
        48          6          0          0          0         96   _printf_char_common.o
        36          4          0          0          0         80   _printf_char_file.o
         6          0          0          0          0          0   _printf_d.o
       120         16          0          0          0         92   _printf_dec.o
        88          4         40          0          0         88   _printf_hex_int.o
       178          0          0          0          0         88   _printf_intcommon.o
         0          0          0          0          0          0   _printf_percent.o
         4          0          0          0          0          0   _printf_percent_end.o
         6          0          0          0          0          0   _printf_x.o
        18          0          0          0          0         80   exit.o
         8          0          0          0          0         68   ferror.o
         6          0          0          0          0        152   heapauxi.o
         2          0          0          0          0          0   libinit.o
         6          0          0          0          0          0   libinit2.o
         2          0          0          0          0          0   libshutdown.o
         2          0          0          0          0          0   libshutdown2.o
         8          4          0          0         96         68   libspace.o
       238          0          0          0          0        100   lludivv7m.o
        24          4          0          0          0         84   noretval__2printf.o
        78          0          0          0          0         80   rt_memclr_w.o
         2          0          0          0          0          0   rtexit.o
        10          0          0          0          0          0   rtexit2.o
        74          0          0          0          0         80   sys_stackheap_outer.o
         2          0          0          0          0         68   use_no_semi.o
         2          0          0          0          0         68   use_no_semi_2.o
        10          0          0          0          0        116   fpinit.o

    ----------------------------------------------------------------------
      1218         46         41          0        348       1560   Library Totals
         4          0          1          0        252          0   (incl. Padding)

    ----------------------------------------------------------------------

      Code (inc. data)   RO Data    RW Data    ZI Data      Debug   Library Name

      1204         46         40          0         96       1444   c_w.l
        10          0          0          0          0        116   fz_wv.l

    ----------------------------------------------------------------------
      1218         46         41          0        348       1560   Library Totals

    ----------------------------------------------------------------------

==============================================================================


      Code (inc. data)   RO Data    RW Data    ZI Data      Debug   

     45802       1738       6034         40     219088    1556400   Grand Totals
     45802       1738       6034         40     219088    1556400   ELF Image Totals
     45802       1738       6034         40          0          0   ROM Totals

==============================================================================

    Total RO  Size (Code + RO Data)                51836 (  50.62kB)
    Total RW  Size (RW Data + ZI Data)            219128 ( 213.99kB)
    Total ROM Size (Code + RO Data + RW Data)      51876 (  50.66kB)

==============================================================================

