<html>
<body>
<pre>
<h1>礦ision Build Log</h1>
<h2>Tool Versions:</h2>
IDE-Version: μVision V5.24.2.0
Copyright (C) 2017 ARM Ltd and ARM Germany GmbH. All rights reserved.
License Information: 1 liangyishi, 1, LIC=03C6R-KPU0P-KP8ZY-I6QZ8-8MH3T-E693V
 
Tool Versions:
Toolchain:       MDK-ARM Plus  Version: 5.24.1
Toolchain Path:  C:\Keil_v5\ARM\ARMCC\Bin
C Compiler:      Armcc.exe V5.06 update 5 (build 528)
Assembler:       Armasm.exe V5.06 update 5 (build 528)
Linker/Locator:  ArmLink.exe V5.06 update 5 (build 528)
Library Manager: ArmAr.exe V5.06 update 5 (build 528)
Hex Converter:   FromElf.exe V5.06 update 5 (build 528)
CPU DLL:         SARMCM3.DLL V5.24.1
Dialog DLL:      DCM.DLL V1.16.0.0
Target DLL:      CMSIS_AGDI.dll V1.28.3.0
Dialog DLL:      TCM.DLL V1.32.0.0
 
<h2>Project:</h2>
E:\902项目_杨脪\热成像仪\MLX90640_32F446RE\stm32-f446-re-thermal-imaging-master\2.Software\Naxida_EyesV1.0\MDK-ARM\Naxida_Eyes.uvprojx
Project File Date:  10/31/2024

<h2>Output:</h2>
*** Using Compiler 'V5.06 update 5 (build 528)', folder: 'C:\Keil_v5\ARM\ARMCC\Bin'
Rebuild target 'Naxida_Eyes'
assembling startup_stm32f446xx.s...
compiling dma.c...
compiling stm32f4xx_hal_msp.c...
compiling gpio.c...
compiling adc.c...
compiling user_diskio.c...
compiling fatfs.c...
compiling spi.c...
compiling stm32f4xx_it.c...
compiling i2c.c...
compiling tim.c...
compiling usart.c...
compiling usb_device.c...
compiling main.c...
compiling usbd_desc.c...
compiling stm32f4xx_hal_flash.c...
compiling stm32f4xx_hal_flash_ramfunc.c...
compiling stm32f4xx_hal_gpio.c...
compiling usbd_storage_if.c...
compiling stm32f4xx_hal_pcd_ex.c...
compiling stm32f4xx_hal_flash_ex.c...
compiling stm32f4xx_hal_pcd.c...
compiling usbd_conf.c...
compiling stm32f4xx_hal_rcc.c...
compiling stm32f4xx_hal_dma_ex.c...
compiling stm32f4xx_ll_usb.c...
compiling stm32f4xx_hal_rcc_ex.c...
compiling stm32f4xx_hal_dma.c...
compiling stm32f4xx_ll_adc.c...
compiling stm32f4xx_hal_pwr.c...
compiling stm32f4xx_hal_cortex.c...
compiling stm32f4xx_hal_pwr_ex.c...
compiling stm32f4xx_hal.c...
compiling stm32f4xx_hal_i2c_ex.c...
compiling stm32f4xx_hal_adc_ex.c...
compiling stm32f4xx_hal_exti.c...
compiling stm32f4xx_hal_adc.c...
compiling stm32f4xx_hal_tim_ex.c...
compiling stm32f4xx_hal_spi.c...
compiling stm32f4xx_hal_uart.c...
compiling stm32f4xx_hal_tim.c...
compiling stm32f4xx_hal_i2c.c...
compiling system_stm32f4xx.c...
compiling diskio.c...
compiling ff_gen_drv.c...
compiling z_application.c...
compiling syscall.c...
compiling usbd_ioreq.c...
compiling usbd_msc_data.c...
compiling usbd_core.c...
compiling usbd_msc_bot.c...
compiling usbd_ctlreq.c...
compiling usbd_msc.c...
compiling usbd_msc_scsi.c...
compiling ff.c...
compiling z_calculation.c...
compiling lcd_init.c...
compiling z_system.c...
compiling w25qxx.c...
compiling vl53l0x_platform.c...
compiling vl53l0x_i2c.c...
compiling bmp.c...
compiling vl53l0x_api_ranging.c...
compiling vl53l0x_api_strings.c...
compiling vl53l0x_api_calibration.c...
compiling lcd.c...
compiling vl53l0x_api_core.c...
compiling vl53l0x_api.c...
compiling vl53l0x.c...
compiling vl53l0x_gen.c...
compiling MLX90640_SWI2C_Driver.c...
compiling MLX90640_API.c...
compiling mlx90640.c...
linking...
Program Size: Code=62448 RO-data=18928 RW-data=1288 ZI-data=47280  
FromELF: creating hex file...
"Naxida_Eyes\Naxida_Eyes.axf" - 0 Error(s), 0 Warning(s).

<h2>Software Packages used:</h2>

Package Vendor: ARM
                http://www.keil.com/pack/ARM.CMSIS.5.0.1.pack
                ARM.CMSIS.5.0.1
                CMSIS (Cortex Microcontroller Software Interface Standard)
   * Component: CORE Version: 5.0.1

Package Vendor: Keil
                http://www.keil.com/pack/Keil.STM32F4xx_DFP.2.14.0.pack
                Keil.STM32F4xx_DFP.2.14.0
                STMicroelectronics STM32F4 Series Device Support, Drivers and Examples

<h2>Collection of Component include folders:</h2>
  .\RTE\_Naxida_Eyes
  C:\Keil_v5\ARM\PACK\ARM\CMSIS\5.0.1\CMSIS\Include
  C:\Keil_v5\ARM\PACK\Keil\STM32F4xx_DFP\2.14.0\Drivers\CMSIS\Device\ST\STM32F4xx\Include

<h2>Collection of Component Files used:</h2>

   * Component: ARM::CMSIS:CORE:5.0.1
Build Time Elapsed:  00:00:35
</pre>
</body>
</html>
