Component: ARM Compiler 5.06 update 5 (build 528) Tool: armlink [4d35e2]

==============================================================================

Section Cross References

    main.o(i.main) refers to _printf_pad.o(.text) for _printf_pre_padding
    main.o(i.main) refers to _printf_percent.o(.ARM.Collect$$_printf_percent$$00000000) for _printf_percent
    main.o(i.main) refers to _printf_x.o(.ARM.Collect$$_printf_percent$$0000000C) for _printf_x
    main.o(i.main) refers to _printf_hex_int.o(.text) for _printf_longlong_hex
    main.o(i.main) refers to sys.o(i.Cache_Enable) for Cache_Enable
    main.o(i.main) refers to stm32f7xx_hal.o(i.HAL_Init) for HAL_Init
    main.o(i.main) refers to sys.o(i.Stm32_Clock_Init) for Stm32_Clock_Init
    main.o(i.main) refers to delay.o(i.delay_init) for delay_init
    main.o(i.main) refers to usart.o(i.uart_init) for uart_init
    main.o(i.main) refers to led.o(i.LED_Init) for LED_Init
    main.o(i.main) refers to lcd.o(i.LCD_Init) for LCD_Init
    main.o(i.main) refers to noretval__2sprintf.o(.text) for __2sprintf
    main.o(i.main) refers to lcd.o(i.LCD_Clear) for LCD_Clear
    main.o(i.main) refers to lcd.o(i.LCD_ShowString) for LCD_ShowString
    main.o(i.main) refers to stm32f7xx_hal_gpio.o(i.HAL_GPIO_TogglePin) for HAL_GPIO_TogglePin
    main.o(i.main) refers to delay.o(i.delay_ms) for delay_ms
    main.o(i.main) refers to lcd.o(.data) for POINT_COLOR
    main.o(i.main) refers to lcd.o(.bss) for lcddev
    stm32f7xx_it.o(i.SysTick_Handler) refers to stm32f7xx_hal.o(i.HAL_IncTick) for HAL_IncTick
    system_stm32f7xx.o(i.SystemCoreClockUpdate) refers to system_stm32f7xx.o(.data) for SystemCoreClock
    system_stm32f7xx.o(i.SystemCoreClockUpdate) refers to system_stm32f7xx.o(.constdata) for AHBPrescTable
    delay.o(i.delay_init) refers to stm32f7xx_hal_cortex.o(i.HAL_SYSTICK_CLKSourceConfig) for HAL_SYSTICK_CLKSourceConfig
    delay.o(i.delay_init) refers to delay.o(.data) for fac_us
    delay.o(i.delay_ms) refers to delay.o(i.delay_us) for delay_us
    delay.o(i.delay_us) refers to delay.o(.data) for fac_us
    sys.o(i.Cache_Enable) refers to sys.o(i.SCB_EnableDCache) for SCB_EnableDCache
    sys.o(i.QSPI_Enable_Memmapmode) refers to stm32f7xx_hal_gpio.o(i.HAL_GPIO_Init) for HAL_GPIO_Init
    sys.o(i.Stm32_Clock_Init) refers to stm32f7xx_hal_rcc.o(i.HAL_RCC_OscConfig) for HAL_RCC_OscConfig
    sys.o(i.Stm32_Clock_Init) refers to sys.o(i.QSPI_Enable_Memmapmode) for QSPI_Enable_Memmapmode
    sys.o(i.Stm32_Clock_Init) refers to stm32f7xx_hal_pwr_ex.o(i.HAL_PWREx_EnableOverDrive) for HAL_PWREx_EnableOverDrive
    sys.o(i.Stm32_Clock_Init) refers to stm32f7xx_hal_rcc.o(i.HAL_RCC_ClockConfig) for HAL_RCC_ClockConfig
    usart.o(.rev16_text) refers (Special) to use_no_semi_2.o(.text) for __use_no_semihosting
    usart.o(.revsh_text) refers (Special) to use_no_semi_2.o(.text) for __use_no_semihosting
    usart.o(.rrx_text) refers (Special) to use_no_semi_2.o(.text) for __use_no_semihosting
    usart.o(i.HAL_UART_MspInit) refers (Special) to use_no_semi_2.o(.text) for __use_no_semihosting
    usart.o(i.HAL_UART_MspInit) refers to stm32f7xx_hal_gpio.o(i.HAL_GPIO_Init) for HAL_GPIO_Init
    usart.o(i.HAL_UART_MspInit) refers to stm32f7xx_hal_cortex.o(i.HAL_NVIC_EnableIRQ) for HAL_NVIC_EnableIRQ
    usart.o(i.HAL_UART_MspInit) refers to stm32f7xx_hal_cortex.o(i.HAL_NVIC_SetPriority) for HAL_NVIC_SetPriority
    usart.o(i.HAL_UART_RxCpltCallback) refers (Special) to use_no_semi_2.o(.text) for __use_no_semihosting
    usart.o(i.HAL_UART_RxCpltCallback) refers to usart.o(.data) for USART_RX_STA
    usart.o(i.HAL_UART_RxCpltCallback) refers to usart.o(.bss) for USART_RX_BUF
    usart.o(i.USART1_IRQHandler) refers (Special) to use_no_semi_2.o(.text) for __use_no_semihosting
    usart.o(i.USART1_IRQHandler) refers to stm32f7xx_hal_uart.o(i.HAL_UART_IRQHandler) for HAL_UART_IRQHandler
    usart.o(i.USART1_IRQHandler) refers to stm32f7xx_hal_uart.o(i.HAL_UART_GetState) for HAL_UART_GetState
    usart.o(i.USART1_IRQHandler) refers to stm32f7xx_hal_uart.o(i.HAL_UART_Receive_IT) for HAL_UART_Receive_IT
    usart.o(i.USART1_IRQHandler) refers to usart.o(.bss) for UART1_Handler
    usart.o(i.USART1_IRQHandler) refers to usart.o(.data) for aRxBuffer
    usart.o(i._sys_exit) refers (Special) to use_no_semi_2.o(.text) for __use_no_semihosting
    usart.o(i.fputc) refers (Special) to use_no_semi_2.o(.text) for __use_no_semihosting
    usart.o(i.uart_init) refers (Special) to use_no_semi_2.o(.text) for __use_no_semihosting
    usart.o(i.uart_init) refers to stm32f7xx_hal_uart.o(i.HAL_UART_Init) for HAL_UART_Init
    usart.o(i.uart_init) refers to stm32f7xx_hal_uart.o(i.HAL_UART_Receive_IT) for HAL_UART_Receive_IT
    usart.o(i.uart_init) refers to usart.o(.bss) for UART1_Handler
    usart.o(i.uart_init) refers to usart.o(.data) for aRxBuffer
    usart.o(.bss) refers (Special) to use_no_semi_2.o(.text) for __use_no_semihosting
[...]
    ../clib/printf.c                         0x00000000   Number         0  _printf_hex_int_ptr.o ABSOLUTE
    ../clib/printf.c                         0x00000000   Number         0  _printf_hex_int_ll.o ABSOLUTE
    ../clib/printf.c                         0x00000000   Number         0  _printf_hex_int.o ABSOLUTE
    ../clib/printf.c                         0x00000000   Number         0  _printf_hex_ll.o ABSOLUTE
    ../clib/printf.c                         0x00000000   Number         0  _printf_pad.o ABSOLUTE
    ../clib/printf.c                         0x00000000   Number         0  __printf.o ABSOLUTE
    ../clib/printf.c                         0x00000000   Number         0  noretval__2sprintf.o ABSOLUTE
    ../clib/printf.c                         0x00000000   Number         0  noretval__2printf.o ABSOLUTE
    ../clib/printf.c                         0x00000000   Number         0  __2sprintf.o ABSOLUTE
    ../clib/printf.c                         0x00000000   Number         0  __2printf.o ABSOLUTE
    ../clib/printf.c                         0x00000000   Number         0  _printf_hex_ptr.o ABSOLUTE
    ../clib/printf_percent.s                 0x00000000   Number         0  _printf_percent_end.o ABSOLUTE
    ../clib/printf_percent.s                 0x00000000   Number         0  _printf_percent.o ABSOLUTE
    ../clib/printf_percent.s                 0x00000000   Number         0  _printf_x.o ABSOLUTE
    ../clib/signal.c                         0x00000000   Number         0  defsig_pvfn_inner.o ABSOLUTE
    ../clib/signal.c                         0x00000000   Number         0  defsig_rtred_inner.o ABSOLUTE
    ../clib/signal.c                         0x00000000   Number         0  defsig_rtmem_formal.o ABSOLUTE
    ../clib/signal.c                         0x00000000   Number         0  defsig_stak_inner.o ABSOLUTE
    ../clib/signal.c                         0x00000000   Number         0  defsig_cppl_inner.o ABSOLUTE
    ../clib/signal.c                         0x00000000   Number         0  defsig_fpe_outer.o ABSOLUTE
    ../clib/signal.c                         0x00000000   Number         0  defsig_fpe_formal.o ABSOLUTE
    ../clib/signal.c                         0x00000000   Number         0  defsig_general.o ABSOLUTE
    ../clib/signal.c                         0x00000000   Number         0  defsig_segv_inner.o ABSOLUTE
    ../clib/signal.c                         0x00000000   Number         0  defsig_fpe_inner.o ABSOLUTE
    ../clib/signal.c                         0x00000000   Number         0  __raise.o ABSOLUTE
    ../clib/signal.c                         0x00000000   Number         0  defsig_other.o ABSOLUTE
    ../clib/signal.c                         0x00000000   Number         0  defsig_exit.o ABSOLUTE
    ../clib/signal.c                         0x00000000   Number         0  defsig_abrt_inner.o ABSOLUTE
    ../clib/signal.c                         0x00000000   Number         0  defsig_rtmem_inner.o ABSOLUTE
    ../clib/signal.c                         0x00000000   Number         0  defsig_rtmem_outer.o ABSOLUTE
    ../clib/signal.s                         0x00000000   Number         0  defsig.o ABSOLUTE
    ../clib/stdio.c                          0x00000000   Number         0  ferror.o ABSOLUTE
    ../clib/stdio.c                          0x00000000   Number         0  ferror_locked.o ABSOLUTE
    ../clib/stdlib.c                         0x00000000   Number         0  exit.o ABSOLUTE
    ../fplib/fpinit.s                        0x00000000   Number         0  fpinit.o ABSOLUTE
    ..\COER\startup_stm32f750xx.s            0x00000000   Number         0  startup_stm32f750xx.o ABSOLUTE
    ..\HALLIB\Src\stm32f7xx_hal.c            0x00000000   Number         0  stm32f7xx_hal.o ABSOLUTE
    ..\HALLIB\Src\stm32f7xx_hal_cortex.c     0x00000000   Number         0  stm32f7xx_hal_cortex.o ABSOLUTE
    ..\HALLIB\Src\stm32f7xx_hal_dma.c        0x00000000   Number         0  stm32f7xx_hal_dma.o ABSOLUTE
    ..\HALLIB\Src\stm32f7xx_hal_dma_ex.c     0x00000000   Number         0  stm32f7xx_hal_dma_ex.o ABSOLUTE
    ..\HALLIB\Src\stm32f7xx_hal_gpio.c       0x00000000   Number         0  stm32f7xx_hal_gpio.o ABSOLUTE
    ..\HALLIB\Src\stm32f7xx_hal_pwr.c        0x00000000   Number         0  stm32f7xx_hal_pwr.o ABSOLUTE
    ..\HALLIB\Src\stm32f7xx_hal_pwr_ex.c     0x00000000   Number         0  stm32f7xx_hal_pwr_ex.o ABSOLUTE
    ..\HALLIB\Src\stm32f7xx_hal_rcc.c        0x00000000   Number         0  stm32f7xx_hal_rcc.o ABSOLUTE
    ..\HALLIB\Src\stm32f7xx_hal_rcc_ex.c     0x00000000   Number         0  stm32f7xx_hal_rcc_ex.o ABSOLUTE
    ..\HALLIB\Src\stm32f7xx_hal_sram.c       0x00000000   Number         0  stm32f7xx_hal_sram.o ABSOLUTE
    ..\HALLIB\Src\stm32f7xx_hal_tim.c        0x00000000   Number         0  stm32f7xx_hal_tim.o ABSOLUTE
    ..\HALLIB\Src\stm32f7xx_hal_tim_ex.c     0x00000000   Number         0  stm32f7xx_hal_tim_ex.o ABSOLUTE
    ..\HALLIB\Src\stm32f7xx_hal_uart.c       0x00000000   Number         0  stm32f7xx_hal_uart.o ABSOLUTE
    ..\HALLIB\Src\stm32f7xx_hal_uart_ex.c    0x00000000   Number         0  stm32f7xx_hal_uart_ex.o ABSOLUTE
    ..\HALLIB\Src\stm32f7xx_ll_fmc.c         0x00000000   Number         0  stm32f7xx_ll_fmc.o ABSOLUTE
    ..\HARDWARE\KEY\key.c                    0x00000000   Number         0  key.o ABSOLUTE
    ..\HARDWARE\LCD\lcd.c                    0x00000000   Number         0  lcd.o ABSOLUTE
    ..\HARDWARE\LED\led.c                    0x00000000   Number         0  led.o ABSOLUTE
    ..\SYSTEM\delay\delay.c                  0x00000000   Number         0  delay.o ABSOLUTE
    ..\SYSTEM\sys\sys.c                      0x00000000   Number         0  sys.o ABSOLUTE
    ..\SYSTEM\usart\usart.c                  0x00000000   Number         0  usart.o ABSOLUTE
    ..\\HALLIB\\Src\\stm32f7xx_hal.c         0x00000000   Number         0  stm32f7xx_hal.o ABSOLUTE
    ..\\HALLIB\\Src\\stm32f7xx_hal_cortex.c  0x00000000   Number         0  stm32f7xx_hal_cortex.o ABSOLUTE
    ..\\HALLIB\\Src\\stm32f7xx_hal_dma.c     0x00000000   Number         0  stm32f7xx_hal_dma.o ABSOLUTE
    ..\\HALLIB\\Src\\stm32f7xx_hal_dma_ex.c  0x00000000   Number         0  stm32f7xx_hal_dma_ex.o ABSOLUTE
    ..\\HALLIB\\Src\\stm32f7xx_hal_gpio.c    0x00000000   Number         0  stm32f7xx_hal_gpio.o ABSOLUTE
    ..\\HALLIB\\Src\\stm32f7xx_hal_pwr.c     0x00000000   Number         0  stm32f7xx_hal_pwr.o ABSOLUTE
    ..\\HALLIB\\Src\\stm32f7xx_hal_pwr_ex.c  0x00000000   Number         0  stm32f7xx_hal_pwr_ex.o ABSOLUTE
    ..\\HALLIB\\Src\\stm32f7xx_hal_rcc.c     0x00000000   Number         0  stm32f7xx_hal_rcc.o ABSOLUTE
    ..\\HALLIB\\Src\\stm32f7xx_hal_rcc_ex.c  0x00000000   Number         0  stm32f7xx_hal_rcc_ex.o ABSOLUTE
    ..\\HALLIB\\Src\\stm32f7xx_hal_sram.c    0x00000000   Number         0  stm32f7xx_hal_sram.o ABSOLUTE
    ..\\HALLIB\\Src\\stm32f7xx_hal_tim.c     0x00000000   Number         0  stm32f7xx_hal_tim.o ABSOLUTE
    ..\\HALLIB\\Src\\stm32f7xx_hal_tim_ex.c  0x00000000   Number         0  stm32f7xx_hal_tim_ex.o ABSOLUTE
    ..\\HALLIB\\Src\\stm32f7xx_hal_uart.c    0x00000000   Number         0  stm32f7xx_hal_uart.o ABSOLUTE
    ..\\HALLIB\\Src\\stm32f7xx_hal_uart_ex.c 0x00000000   Number         0  stm32f7xx_hal_uart_ex.o ABSOLUTE
    ..\\HALLIB\\Src\\stm32f7xx_ll_fmc.c      0x00000000   Number         0  stm32f7xx_ll_fmc.o ABSOLUTE
    ..\\HARDWARE\\KEY\\key.c                 0x00000000   Number         0  key.o ABSOLUTE
    ..\\HARDWARE\\LCD\\lcd.c                 0x00000000   Number         0  lcd.o ABSOLUTE
    ..\\HARDWARE\\LED\\led.c                 0x00000000   Number         0  led.o ABSOLUTE
    ..\\SYSTEM\\delay\\delay.c               0x00000000   Number         0  delay.o ABSOLUTE
    ..\\SYSTEM\\sys\\sys.c                   0x00000000   Number         0  sys.o ABSOLUTE
    ..\\SYSTEM\\usart\\usart.c               0x00000000   Number         0  usart.o ABSOLUTE
    dc.s                                     0x00000000   Number         0  dc.o ABSOLUTE
    main.c                                   0x00000000   Number         0  main.o ABSOLUTE
    main.c                                   0x00000000   Number         0  main.o ABSOLUTE
    stm32f7xx_it.c                           0x00000000   Number         0  stm32f7xx_it.o ABSOLUTE
    stm32f7xx_it.c                           0x00000000   Number         0  stm32f7xx_it.o ABSOLUTE
    system_stm32f7xx.c                       0x00000000   Number         0  system_stm32f7xx.o ABSOLUTE
    system_stm32f7xx.c                       0x00000000   Number         0  system_stm32f7xx.o ABSOLUTE
    RESET                                    0x08000000   Section      456  startup_stm32f750xx.o(RESET)
    !!!main                                  0x080001c8   Section        8  __main.o(!!!main)
    !!!scatter                               0x080001d0   Section       52  __scatter.o(!!!scatter)
    !!handler_copy                           0x08000204   Section       26  __scatter_copy.o(!!handler_copy)
    !!handler_zi                             0x08000220   Section       28  __scatter_zi.o(!!handler_zi)
    .ARM.Collect$$libinit$$00000000          0x0800023c   Section        2  libinit.o(.ARM.Collect$$libinit$$00000000)
    .ARM.Collect$$libinit$$00000001          0x0800023e   Section        4  libinit2.o(.ARM.Collect$$libinit$$00000001)
    .ARM.Collect$$libinit$$00000004          0x08000242   Section        0  libinit2.o(.ARM.Collect$$libinit$$00000004)
    .ARM.Collect$$libinit$$0000000A          0x08000242   Section        0  libinit2.o(.ARM.Collect$$libinit$$0000000A)
    .ARM.Collect$$libinit$$0000000C          0x08000242   Section        0  libinit2.o(.ARM.Collect$$libinit$$0000000C)
    .ARM.Collect$$libinit$$0000000E          0x08000242   Section        0  libinit2.o(.ARM.Collect$$libinit$$0000000E)
    .ARM.Collect$$libinit$$00000011          0x08000242   Section        0  libinit2.o(.ARM.Collect$$libinit$$00000011)
    .ARM.Collect$$libinit$$00000013          0x08000242   Section        0  libinit2.o(.ARM.Collect$$libinit$$00000013)
    .ARM.Collect$$libinit$$00000015          0x08000242   Section        0  libinit2.o(.ARM.Collect$$libinit$$00000015)
    .ARM.Collect$$libinit$$00000017          0x08000242   Section        0  libinit2.o(.ARM.Collect$$libinit$$00000017)
    .ARM.Collect$$libinit$$00000019          0x08000242   Section        0  libinit2.o(.ARM.Collect$$libinit$$00000019)
    .ARM.Collect$$libinit$$0000001B          0x08000242   Section        0  libinit2.o(.ARM.Collect$$libinit$$0000001B)
    .ARM.Collect$$libinit$$0000001D          0x08000242   Section        0  libinit2.o(.ARM.Collect$$libinit$$0000001D)
    .ARM.Collect$$libinit$$0000001F          0x08000242   Section        0  libinit2.o(.ARM.Collect$$libinit$$0000001F)
    .ARM.Collect$$libinit$$00000021          0x08000242   Section        0  libinit2.o(.ARM.Collect$$libinit$$00000021)
    .ARM.Collect$$libinit$$00000023          0x08000242   Section        0  libinit2.o(.ARM.Collect$$libinit$$00000023)
    .ARM.Collect$$libinit$$00000025          0x08000242   Section        0  libinit2.o(.ARM.Collect$$libinit$$00000025)
    .ARM.Collect$$libinit$$0000002C          0x08000242   Section        0  libinit2.o(.ARM.Collect$$libinit$$0000002C)
    .ARM.Collect$$libinit$$0000002E          0x08000242   Section        0  libinit2.o(.ARM.Collect$$libinit$$0000002E)
    .ARM.Collect$$libinit$$00000030          0x08000242   Section        0  libinit2.o(.ARM.Collect$$libinit$$00000030)
    .ARM.Collect$$libinit$$00000032          0x08000242   Section        0  libinit2.o(.ARM.Collect$$libinit$$00000032)
    .ARM.Collect$$libinit$$00000033          0x08000242   Section        2  libinit2.o(.ARM.Collect$$libinit$$00000033)
    .ARM.Collect$$libshutdown$$00000000      0x08000244   Section        2  libshutdown.o(.ARM.Collect$$libshutdown$$00000000)
    .ARM.Collect$$libshutdown$$00000002      0x08000246   Section        0  libshutdown2.o(.ARM.Collect$$libshutdown$$00000002)
    .ARM.Collect$$libshutdown$$00000004      0x08000246   Section        0  libshutdown2.o(.ARM.Collect$$libshutdown$$00000004)
    .ARM.Collect$$libshutdown$$00000007      0x08000246   Section        0  libshutdown2.o(.ARM.Collect$$libshutdown$$00000007)
    .ARM.Collect$$libshutdown$$0000000A      0x08000246   Section        0  libshutdown2.o(.ARM.Collect$$libshutdown$$0000000A)
    .ARM.Collect$$libshutdown$$0000000C      0x08000246   Section        0  libshutdown2.o(.ARM.Collect$$libshutdown$$0000000C)
    .ARM.Collect$$libshutdown$$0000000F      0x08000246   Section        0  libshutdown2.o(.ARM.Collect$$libshutdown$$0000000F)
    .ARM.Collect$$libshutdown$$00000010      0x08000246   Section        2  libshutdown2.o(.ARM.Collect$$libshutdown$$00000010)
    .ARM.Collect$$rtentry$$00000000          0x08000248   Section        0  __rtentry.o(.ARM.Collect$$rtentry$$00000000)
    .ARM.Collect$$rtentry$$00000002          0x08000248   Section        0  __rtentry2.o(.ARM.Collect$$rtentry$$00000002)
    .ARM.Collect$$rtentry$$00000004          0x08000248   Section        6  __rtentry4.o(.ARM.Collect$$rtentry$$00000004)
    .ARM.Collect$$rtentry$$00000009          0x0800024e   Section        0  __rtentry2.o(.ARM.Collect$$rtentry$$00000009)
    .ARM.Collect$$rtentry$$0000000A          0x0800024e   Section        4  __rtentry2.o(.ARM.Collect$$rtentry$$0000000A)
    .ARM.Collect$$rtentry$$0000000C          0x08000252   Section        0  __rtentry2.o(.ARM.Collect$$rtentry$$0000000C)
    .ARM.Collect$$rtentry$$0000000D          0x08000252   Section        8  __rtentry2.o(.ARM.Collect$$rtentry$$0000000D)
    .ARM.Collect$$rtexit$$00000000           0x0800025a   Section        2  rtexit.o(.ARM.Collect$$rtexit$$00000000)
    .ARM.Collect$$rtexit$$00000002           0x0800025c   Section        0  rtexit2.o(.ARM.Collect$$rtexit$$00000002)
    .ARM.Collect$$rtexit$$00000003           0x0800025c   Section        4  rtexit2.o(.ARM.Collect$$rtexit$$00000003)
    .ARM.Collect$$rtexit$$00000004           0x08000260   Section        6  rtexit2.o(.ARM.Collect$$rtexit$$00000004)
    .text                                    0x08000268   Section       64  startup_stm32f750xx.o(.text)
    $v0                                      0x08000268   Number         0  startup_stm32f750xx.o(.text)
    .text                                    0x080002a8   Section        2  use_no_semi_2.o(.text)
    .text                                    0x080002aa   Section      238  lludivv7m.o(.text)
    .text                                    0x08000398   Section        0  heapauxi.o(.text)
    .text                                    0x0800039e   Section        2  use_no_semi.o(.text)
    .text                                    0x080003a0   Section       74  sys_stackheap_outer.o(.text)
    .text                                    0x080003ea   Section        0  exit.o(.text)
    .text                                    0x080003fc   Section        8  libspace.o(.text)
    i.Cache_Enable                           0x08000468   Section        0  sys.o(i.Cache_Enable)
    i.HAL_GPIO_Init                          0x080004e0   Section        0  stm32f7xx_hal_gpio.o(i.HAL_GPIO_Init)
    i.HAL_GPIO_TogglePin                     0x080006f8   Section        0  stm32f7xx_hal_gpio.o(i.HAL_GPIO_TogglePin)
    i.HAL_GPIO_WritePin                      0x0800070a   Section        0  stm32f7xx_hal_gpio.o(i.HAL_GPIO_WritePin)
    i.HAL_GetTick                            0x08000718   Section        0  stm32f7xx_hal.o(i.HAL_GetTick)
    i.HAL_IncTick                            0x08000724   Section        0  stm32f7xx_hal.o(i.HAL_IncTick)
    i.HAL_Init                               0x0800073c   Section        0  stm32f7xx_hal.o(i.HAL_Init)
    i.HAL_InitTick                           0x08000764   Section        0  stm32f7xx_hal.o(i.HAL_InitTick)
    i.HAL_MPU_ConfigRegion                   0x080007b0   Section        0  stm32f7xx_hal_cortex.o(i.HAL_MPU_ConfigRegion)
    i.HAL_MPU_Disable                        0x0800080c   Section        0  stm32f7xx_hal_cortex.o(i.HAL_MPU_Disable)
    i.HAL_MPU_Enable                         0x08000838   Section        0  stm32f7xx_hal_cortex.o(i.HAL_MPU_Enable)
    i.HAL_MspInit                            0x08000878   Section        0  stm32f7xx_hal.o(i.HAL_MspInit)
    i.HAL_NVIC_EnableIRQ                     0x0800087a   Section        0  stm32f7xx_hal_cortex.o(i.HAL_NVIC_EnableIRQ)
    i.HAL_NVIC_SetPriority                   0x08000894   Section        0  stm32f7xx_hal_cortex.o(i.HAL_NVIC_SetPriority)
    i.HAL_NVIC_SetPriorityGrouping           0x08000910   Section        0  stm32f7xx_hal_cortex.o(i.HAL_NVIC_SetPriorityGrouping)
    i.HAL_RCC_ClockConfig                    0x08000938   Section        0  stm32f7xx_hal_rcc.o(i.HAL_RCC_ClockConfig)
    i.HAL_RCC_GetHCLKFreq                    0x08000ac8   Section        0  stm32f7xx_hal_rcc.o(i.HAL_RCC_GetHCLKFreq)
    i.HAL_RCC_GetPCLK1Freq                   0x08000ad4   Section        0  stm32f7xx_hal_rcc.o(i.HAL_RCC_GetPCLK1Freq)
    i.HAL_RCC_GetPCLK2Freq                   0x08000af4   Section        0  stm32f7xx_hal_rcc.o(i.HAL_RCC_GetPCLK2Freq)
    i.HAL_RCC_GetSysClockFreq                0x08000b14   Section        0  stm32f7xx_hal_rcc.o(i.HAL_RCC_GetSysClockFreq)
    i.HAL_RCC_OscConfig                      0x08000bc4   Section        0  stm32f7xx_hal_rcc.o(i.HAL_RCC_OscConfig)
    i.HAL_SYSTICK_CLKSourceConfig            0x08001078   Section        0  stm32f7xx_hal_cortex.o(i.HAL_SYSTICK_CLKSourceConfig)
    i.HAL_SYSTICK_Config                     0x080010a0   Section        0  stm32f7xx_hal_cortex.o(i.HAL_SYSTICK_Config)
    i.HAL_UART_MspInit                       0x080010d4   Section        0  usart.o(i.HAL_UART_MspInit)
    i.HAL_UART_RxCpltCallback                0x08001168   Section        0  usart.o(i.HAL_UART_RxCpltCallback)
    i.NVIC_GetPriorityGrouping               0x080011f0   Section        0  stm32f7xx_hal_cortex.o(i.NVIC_GetPriorityGrouping)
    NVIC_GetPriorityGrouping                 0x080011f1   Thumb Code    10  stm32f7xx_hal_cortex.o(i.NVIC_GetPriorityGrouping)
    i.NVIC_SetPriority                       0x08001200   Section        0  stm32f7xx_hal_cortex.o(i.NVIC_SetPriority)
    NVIC_SetPriority                         0x08001201   Thumb Code    32  stm32f7xx_hal_cortex.o(i.NVIC_SetPriority)
    i.QSPI_Enable_Memmapmode                 0x08001228   Section        0  sys.o(i.QSPI_Enable_Memmapmode)
    i.SCB_EnableDCache                       0x080014a0   Section        0  sys.o(i.SCB_EnableDCache)
    SCB_EnableDCache                         0x080014a1   Thumb Code   148  sys.o(i.SCB_EnableDCache)
    i.Stm32_Clock_Init                       0x0800153c   Section        0  sys.o(i.Stm32_Clock_Init)
    i.SystemInit                             0x080015f4   Section        0  system_stm32f7xx.o(i.SystemInit)
    i.USART1_IRQHandler                      0x08001658   Section        0  usart.o(i.USART1_IRQHandler)
    i._sys_exit                              0x080016a8   Section        0  usart.o(i._sys_exit)
    i.delay_init                             0x080016ac   Section        0  delay.o(i.delay_init)
    i.delay_ms                               0x080016c0   Section        0  delay.o(i.delay_ms)
    i.delay_us                               0x080016d8   Section        0  delay.o(i.delay_us)
    i.fputc                                  0x08001720   Section        0  usart.o(i.fputc)
    i.main                                   0x0800173c   Section        0  main.o(i.main)
    i.uart_init                              0x080018e8   Section        0  usart.o(i.uart_init)
    x$fpl$fpinit                             0x08001920   Section       10  fpinit.o(x$fpl$fpinit)
    $v0                                      0x08001920   Number         0  fpinit.o(x$fpl$fpinit)
    .constdata                               0x0800192a   Section       24  system_stm32f7xx.o(.constdata)
    .data                                    0x20010000   Section        4  system_stm32f7xx.o(.data)
    .data                                    0x20010004   Section        4  delay.o(.data)
    fac_us                                   0x20010004   Data           4  delay.o(.data)
    .data                                    0x20010008   Section        7  usart.o(.data)
    .data                                    0x20010010   Section        9  stm32f7xx_hal.o(.data)
    .data                                    0x2001001c   Section        8  lcd.o(.data)
    .bss                                     0x20010024   Section      328  usart.o(.bss)
    .bss                                     0x2001016c   Section       90  lcd.o(.bss)
    .bss                                     0x200101c8   Section       96  libspace.o(.bss)
    HEAP                                     0x20010228   Section      512  startup_stm32f750xx.o(HEAP)
    Heap_Mem                                 0x20010228   Data         512  startup_stm32f750xx.o(HEAP)
    STACK                                    0x20010428   Section     1024  startup_stm32f750xx.o(STACK)
    Stack_Mem                                0x20010428   Data        1024  startup_stm32f750xx.o(STACK)
    __initial_sp                             0x20010828   Data           0  startup_stm32f750xx.o(STACK)
    .ARM.Collect$$_printf_percent$$00000000  0x90000000   Section        0  _printf_percent.o(.ARM.Collect$$_printf_percent$$00000000)
    .ARM.Collect$$_printf_percent$$0000000C  0x90000000   Section        6  _printf_x.o(.ARM.Collect$$_printf_percent$$0000000C)
    .ARM.Collect$$_printf_percent$$00000017  0x90000006   Section        4  _printf_percent_end.o(.ARM.Collect$$_printf_percent$$00000017)
    .text                                    0x9000000c   Section        0  noretval__2printf.o(.text)
    .text                                    0x90000024   Section        0  noretval__2sprintf.o(.text)
    .text                                    0x9000004c   Section        0  _printf_pad.o(.text)
    .text                                    0x9000009c   Section        0  _printf_hex_int.o(.text)
    .text                                    0x900000f4   Section        0  __printf_flags_wp.o(.text)
    .text                                    0x9000022c   Section        0  _printf_intcommon.o(.text)
    .text                                    0x900002e0   Section        0  _printf_char_common.o(.text)
    _printf_input_char                       0x900002e1   Thumb Code    10  _printf_char_common.o(.text)
    .text                                    0x90000310   Section        0  _sputc.o(.text)
    .text                                    0x9000031c   Section        0  _printf_char_file.o(.text)
    .text                                    0x90000340   Section        0  ferror.o(.text)
    i.BusFault_Handler                       0x900003d4   Section        0  stm32f7xx_it.o(i.BusFault_Handler)
    i.DebugMon_Handler                       0x900003d8   Section        0  stm32f7xx_it.o(i.DebugMon_Handler)
    i.FMC_NORSRAM_Extended_Timing_Init       0x900003dc   Section        0  stm32f7xx_ll_fmc.o(i.FMC_NORSRAM_Extended_Timing_Init)
    i.FMC_NORSRAM_Init                       0x90000424   Section        0  stm32f7xx_ll_fmc.o(i.FMC_NORSRAM_Init)
    i.FMC_NORSRAM_Timing_Init                0x900004a4   Section        0  stm32f7xx_ll_fmc.o(i.FMC_NORSRAM_Timing_Init)
    i.HAL_DMA_Abort_IT                       0x90000506   Section        0  stm32f7xx_hal_dma.o(i.HAL_DMA_Abort_IT)
    i.HAL_PWREx_EnableOverDrive              0x90000530   Section        0  stm32f7xx_hal_pwr_ex.o(i.HAL_PWREx_EnableOverDrive)
    i.HAL_SRAM_Init                          0x900005c0   Section        0  stm32f7xx_hal_sram.o(i.HAL_SRAM_Init)
    i.HAL_SRAM_MspInit                       0x90000618   Section        0  lcd.o(i.HAL_SRAM_MspInit)
    i.HAL_UART_ErrorCallback                 0x900006b0   Section        0  stm32f7xx_hal_uart.o(i.HAL_UART_ErrorCallback)
    i.HAL_UART_GetState                      0x900006b2   Section        0  stm32f7xx_hal_uart.o(i.HAL_UART_GetState)
    i.HAL_UART_IRQHandler                    0x900006c0   Section        0  stm32f7xx_hal_uart.o(i.HAL_UART_IRQHandler)
    i.HAL_UART_Init                          0x90000834   Section        0  stm32f7xx_hal_uart.o(i.HAL_UART_Init)
    i.HAL_UART_Receive_IT                    0x900008a8   Section        0  stm32f7xx_hal_uart.o(i.HAL_UART_Receive_IT)
    i.HAL_UART_TxCpltCallback                0x9000098c   Section        0  stm32f7xx_hal_uart.o(i.HAL_UART_TxCpltCallback)
    i.HardFault_Handler                      0x9000098e   Section        0  stm32f7xx_it.o(i.HardFault_Handler)
    i.LCD_Clear                              0x90000994   Section        0  lcd.o(i.LCD_Clear)
    i.LCD_Display_Dir                        0x900009c8   Section        0  lcd.o(i.LCD_Display_Dir)
    i.LCD_Fast_DrawPoint                     0x90000b40   Section        0  lcd.o(i.LCD_Fast_DrawPoint)
    i.LCD_Init                               0x90000c54   Section        0  lcd.o(i.LCD_Init)
    i.LCD_MPU_Config                         0x900032fc   Section        0  lcd.o(i.LCD_MPU_Config)
    i.LCD_RD_DATA                            0x9000334c   Section        0  lcd.o(i.LCD_RD_DATA)
    i.LCD_SSD_BackLightSet                   0x90003360   Section        0  lcd.o(i.LCD_SSD_BackLightSet)
    i.LCD_Scan_Dir                           0x900033b0   Section        0  lcd.o(i.LCD_Scan_Dir)
    i.LCD_SetCursor                          0x90003630   Section        0  lcd.o(i.LCD_SetCursor)
    i.LCD_ShowChar                           0x90003774   Section        0  lcd.o(i.LCD_ShowChar)
    i.LCD_ShowString                         0x900038b0   Section        0  lcd.o(i.LCD_ShowString)
    i.LCD_WR_DATA                            0x90003918   Section        0  lcd.o(i.LCD_WR_DATA)
    i.LCD_WR_REG                             0x90003930   Section        0  lcd.o(i.LCD_WR_REG)
    i.LCD_WriteRAM_Prepare                   0x90003948   Section        0  lcd.o(i.LCD_WriteRAM_Prepare)
    i.LCD_WriteReg                           0x9000395c   Section        0  lcd.o(i.LCD_WriteReg)
    i.LED_Init                               0x9000396c   Section        0  led.o(i.LED_Init)
    i.NMI_Handler                            0x900039c4   Section        0  stm32f7xx_it.o(i.NMI_Handler)
    i.PendSV_Handler                         0x900039c6   Section        0  stm32f7xx_it.o(i.PendSV_Handler)
    i.SVC_Handler                            0x900039c8   Section        0  stm32f7xx_it.o(i.SVC_Handler)
    i.SysTick_Handler                        0x900039ca   Section        0  stm32f7xx_it.o(i.SysTick_Handler)
    i.UART_AdvFeatureConfig                  0x900039d2   Section        0  stm32f7xx_hal_uart.o(i.UART_AdvFeatureConfig)
    i.UART_CheckIdleState                    0x90003aca   Section        0  stm32f7xx_hal_uart.o(i.UART_CheckIdleState)
    i.UART_DMAAbortOnError                   0x90003b12   Section        0  stm32f7xx_hal_uart.o(i.UART_DMAAbortOnError)
    UART_DMAAbortOnError                     0x90003b13   Thumb Code    24  stm32f7xx_hal_uart.o(i.UART_DMAAbortOnError)
    i.UART_EndRxTransfer                     0x90003b2a   Section        0  stm32f7xx_hal_uart.o(i.UART_EndRxTransfer)
    UART_EndRxTransfer                       0x90003b2b   Thumb Code    34  stm32f7xx_hal_uart.o(i.UART_EndRxTransfer)
    i.UART_EndTransmit_IT                    0x90003b4c   Section        0  stm32f7xx_hal_uart.o(i.UART_EndTransmit_IT)
    UART_EndTransmit_IT                      0x90003b4d   Thumb Code    32  stm32f7xx_hal_uart.o(i.UART_EndTransmit_IT)
    i.UART_RxISR_16BIT                       0x90003b6c   Section        0  stm32f7xx_hal_uart.o(i.UART_RxISR_16BIT)
    UART_RxISR_16BIT                         0x90003b6d   Thumb Code   108  stm32f7xx_hal_uart.o(i.UART_RxISR_16BIT)
    i.UART_RxISR_8BIT                        0x90003bd8   Section        0  stm32f7xx_hal_uart.o(i.UART_RxISR_8BIT)
    UART_RxISR_8BIT                          0x90003bd9   Thumb Code   104  stm32f7xx_hal_uart.o(i.UART_RxISR_8BIT)
    i.UART_SetConfig                         0x90003c40   Section        0  stm32f7xx_hal_uart.o(i.UART_SetConfig)
    i.UART_WaitOnFlagUntilTimeout            0x90003fe4   Section        0  stm32f7xx_hal_uart.o(i.UART_WaitOnFlagUntilTimeout)
    i.UsageFault_Handler                     0x9000404c   Section        0  stm32f7xx_it.o(i.UsageFault_Handler)
    i._is_digit                              0x90004050   Section        0  __printf_wp.o(i._is_digit)
    .constdata                               0x9000405e   Section    18240  lcd.o(.constdata)
    .constdata                               0x9000879e   Section       40  _printf_hex_int.o(.constdata)
    uc_hextab                                0x9000879e   Data          20  _printf_hex_int.o(.constdata)
    lc_hextab                                0x900087b2   Data          20  _printf_hex_int.o(.constdata)
    .constdata                               0x900087c6   Section       17  __printf_flags_wp.o(.constdata)
    maptable                                 0x900087c6   Data          17  __printf_flags_wp.o(.constdata)

    Global Symbols

    Symbol Name                              Value     Ov Type        Size  Object(Section)

    BuildAttributes$$THM_ISAv4$E$P$D$K$B$S$7EM$VFPv5_D16$PE$PLD8$A:L22UL41UL21$X:L11$S22US41US21$IEEE1$IW$USESV6$~STKCKD$USESV7$~SHL$OSPACE$ROPI$EBA8$UX$STANDARDLIB$REQ8$PRES8$EABIv2 0x00000000   Number         0  anon$$obj.o ABSOLUTE
    __ARM_use_no_argv                        0x00000000   Number         0  main.o ABSOLUTE
    _printf_flags                            0x00000000   Number         0  printf_stubs.o ABSOLUTE
    _printf_return_value                     0x00000000   Number         0  printf_stubs.o ABSOLUTE
    _printf_sizespec                         0x00000000   Number         0  printf_stubs.o ABSOLUTE
    _printf_widthprec                        0x00000000   Number         0  printf_stubs.o ABSOLUTE
    __ARM_exceptions_init                     - Undefined Weak Reference
    __alloca_initialize                       - Undefined Weak Reference
    __arm_preinit_                            - Undefined Weak Reference
    __cpp_initialize__aeabi_                  - Undefined Weak Reference
    __cxa_finalize                            - Undefined Weak Reference
    __rt_locale                               - Undefined Weak Reference
    __sigvec_lookup                           - Undefined Weak Reference
    _atexit_init                              - Undefined Weak Reference
    _call_atexit_fns                          - Undefined Weak Reference
    _clock_init                               - Undefined Weak Reference
    _fp_trap_init                             - Undefined Weak Reference
    _fp_trap_shutdown                         - Undefined Weak Reference
    _get_lc_collate                           - Undefined Weak Reference
    _get_lc_ctype                             - Undefined Weak Reference
    _get_lc_monetary                          - Undefined Weak Reference
    _get_lc_numeric                           - Undefined Weak Reference
    _get_lc_time                              - Undefined Weak Reference
    _getenv_init                              - Undefined Weak Reference
    _handle_redirection                       - Undefined Weak Reference
    _init_alloc                               - Undefined Weak Reference
    _init_user_alloc                          - Undefined Weak Reference
    _initio                                   - Undefined Weak Reference
    _mutex_acquire                            - Undefined Weak Reference
    _mutex_release                            - Undefined Weak Reference
    _printf_truncate_unsigned                 - Undefined Weak Reference
    _rand_init                                - Undefined Weak Reference
    _signal_finish                            - Undefined Weak Reference
    _signal_init                              - Undefined Weak Reference
    _terminate_alloc                          - Undefined Weak Reference
    _terminate_user_alloc                     - Undefined Weak Reference
    _terminateio                              - Undefined Weak Reference
    __Vectors_Size                           0x000001c8   Number         0  startup_stm32f750xx.o ABSOLUTE
    __Vectors                                0x08000000   Data           4  startup_stm32f750xx.o(RESET)
    __Vectors_End                            0x080001c8   Data           0  startup_stm32f750xx.o(RESET)
    __main                                   0x080001c9   Thumb Code     8  __main.o(!!!main)
    __scatterload                            0x080001d1   Thumb Code     0  __scatter.o(!!!scatter)
    __scatterload_rt2                        0x080001d1   Thumb Code    44  __scatter.o(!!!scatter)
    __scatterload_rt2_thumb_only             0x080001d1   Thumb Code     0  __scatter.o(!!!scatter)
    __scatterload_null                       0x080001df   Thumb Code     0  __scatter.o(!!!scatter)
    __scatterload_copy                       0x08000205   Thumb Code    26  __scatter_copy.o(!!handler_copy)
    __scatterload_zeroinit                   0x08000221   Thumb Code    28  __scatter_zi.o(!!handler_zi)
    __rt_lib_init                            0x0800023d   Thumb Code     0  libinit.o(.ARM.Collect$$libinit$$00000000)
    __rt_lib_init_fp_1                       0x0800023f   Thumb Code     0  libinit2.o(.ARM.Collect$$libinit$$00000001)
    __rt_lib_init_alloca_1                   0x08000243   Thumb Code     0  libinit2.o(.ARM.Collect$$libinit$$0000002E)
    __rt_lib_init_argv_1                     0x08000243   Thumb Code     0  libinit2.o(.ARM.Collect$$libinit$$0000002C)
    __rt_lib_init_atexit_1                   0x08000243   Thumb Code     0  libinit2.o(.ARM.Collect$$libinit$$0000001B)
    __rt_lib_init_clock_1                    0x08000243   Thumb Code     0  libinit2.o(.ARM.Collect$$libinit$$00000021)
    __rt_lib_init_cpp_1                      0x08000243   Thumb Code     0  libinit2.o(.ARM.Collect$$libinit$$00000032)
    __rt_lib_init_exceptions_1               0x08000243   Thumb Code     0  libinit2.o(.ARM.Collect$$libinit$$00000030)
    __rt_lib_init_fp_trap_1                  0x08000243   Thumb Code     0  libinit2.o(.ARM.Collect$$libinit$$0000001F)
    __rt_lib_init_getenv_1                   0x08000243   Thumb Code     0  libinit2.o(.ARM.Collect$$libinit$$00000023)
    __rt_lib_init_heap_1                     0x08000243   Thumb Code     0  libinit2.o(.ARM.Collect$$libinit$$0000000A)
    __rt_lib_init_lc_collate_1               0x08000243   Thumb Code     0  libinit2.o(.ARM.Collect$$libinit$$00000011)
    __rt_lib_init_lc_ctype_1                 0x08000243   Thumb Code     0  libinit2.o(.ARM.Collect$$libinit$$00000013)
    __rt_lib_init_lc_monetary_1              0x08000243   Thumb Code     0  libinit2.o(.ARM.Collect$$libinit$$00000015)
    __rt_lib_init_lc_numeric_1               0x08000243   Thumb Code     0  libinit2.o(.ARM.Collect$$libinit$$00000017)
    __rt_lib_init_lc_time_1                  0x08000243   Thumb Code     0  libinit2.o(.ARM.Collect$$libinit$$00000019)
    __rt_lib_init_preinit_1                  0x08000243   Thumb Code     0  libinit2.o(.ARM.Collect$$libinit$$00000004)
    __rt_lib_init_rand_1                     0x08000243   Thumb Code     0  libinit2.o(.ARM.Collect$$libinit$$0000000E)
    __rt_lib_init_return                     0x08000243   Thumb Code     0  libinit2.o(.ARM.Collect$$libinit$$00000033)
    __rt_lib_init_signal_1                   0x08000243   Thumb Code     0  libinit2.o(.ARM.Collect$$libinit$$0000001D)
    __rt_lib_init_stdio_1                    0x08000243   Thumb Code     0  libinit2.o(.ARM.Collect$$libinit$$00000025)
    __rt_lib_init_user_alloc_1               0x08000243   Thumb Code     0  libinit2.o(.ARM.Collect$$libinit$$0000000C)
    __rt_lib_shutdown                        0x08000245   Thumb Code     0  libshutdown.o(.ARM.Collect$$libshutdown$$00000000)
    __rt_lib_shutdown_cpp_1                  0x08000247   Thumb Code     0  libshutdown2.o(.ARM.Collect$$libshutdown$$00000002)
    __rt_lib_shutdown_fp_trap_1              0x08000247   Thumb Code     0  libshutdown2.o(.ARM.Collect$$libshutdown$$00000007)
    __rt_lib_shutdown_heap_1                 0x08000247   Thumb Code     0  libshutdown2.o(.ARM.Collect$$libshutdown$$0000000F)
    __rt_lib_shutdown_return                 0x08000247   Thumb Code     0  libshutdown2.o(.ARM.Collect$$libshutdown$$00000010)
    __rt_lib_shutdown_signal_1               0x08000247   Thumb Code     0  libshutdown2.o(.ARM.Collect$$libshutdown$$0000000A)
    __rt_lib_shutdown_stdio_1                0x08000247   Thumb Code     0  libshutdown2.o(.ARM.Collect$$libshutdown$$00000004)
    __rt_lib_shutdown_user_alloc_1           0x08000247   Thumb Code     0  libshutdown2.o(.ARM.Collect$$libshutdown$$0000000C)
    __rt_entry                               0x08000249   Thumb Code     0  __rtentry.o(.ARM.Collect$$rtentry$$00000000)
    __rt_entry_presh_1                       0x08000249   Thumb Code     0  __rtentry2.o(.ARM.Collect$$rtentry$$00000002)
    __rt_entry_sh                            0x08000249   Thumb Code     0  __rtentry4.o(.ARM.Collect$$rtentry$$00000004)
    __rt_entry_li                            0x0800024f   Thumb Code     0  __rtentry2.o(.ARM.Collect$$rtentry$$0000000A)
    __rt_entry_postsh_1                      0x0800024f   Thumb Code     0  __rtentry2.o(.ARM.Collect$$rtentry$$00000009)
    __rt_entry_main                          0x08000253   Thumb Code     0  __rtentry2.o(.ARM.Collect$$rtentry$$0000000D)
    __rt_entry_postli_1                      0x08000253   Thumb Code     0  __rtentry2.o(.ARM.Collect$$rtentry$$0000000C)
    __rt_exit                                0x0800025b   Thumb Code     0  rtexit.o(.ARM.Collect$$rtexit$$00000000)
    __rt_exit_ls                             0x0800025d   Thumb Code     0  rtexit2.o(.ARM.Collect$$rtexit$$00000003)
    __rt_exit_prels_1                        0x0800025d   Thumb Code     0  rtexit2.o(.ARM.Collect$$rtexit$$00000002)
    __rt_exit_exit                           0x08000261   Thumb Code     0  rtexit2.o(.ARM.Collect$$rtexit$$00000004)
    Reset_Handler                            0x08000269   Thumb Code     8  startup_stm32f750xx.o(.text)
    MemManage_Handler                        0x08000275   Thumb Code     2  startup_stm32f750xx.o(.text)
    ADC_IRQHandler                           0x08000283   Thumb Code     0  startup_stm32f750xx.o(.text)
    CAN1_RX0_IRQHandler                      0x08000283   Thumb Code     0  startup_stm32f750xx.o(.text)
    CAN1_RX1_IRQHandler                      0x08000283   Thumb Code     0  startup_stm32f750xx.o(.text)
    CAN1_SCE_IRQHandler                      0x08000283   Thumb Code     0  startup_stm32f750xx.o(.text)
    CAN1_TX_IRQHandler                       0x08000283   Thumb Code     0  startup_stm32f750xx.o(.text)
    CAN2_RX0_IRQHandler                      0x08000283   Thumb Code     0  startup_stm32f750xx.o(.text)
    CAN2_RX1_IRQHandler                      0x08000283   Thumb Code     0  startup_stm32f750xx.o(.text)
    CAN2_SCE_IRQHandler                      0x08000283   Thumb Code     0  startup_stm32f750xx.o(.text)
    CAN2_TX_IRQHandler                       0x08000283   Thumb Code     0  startup_stm32f750xx.o(.text)
    CEC_IRQHandler                           0x08000283   Thumb Code     0  startup_stm32f750xx.o(.text)
    CRYP_IRQHandler                          0x08000283   Thumb Code     0  startup_stm32f750xx.o(.text)
    DCMI_IRQHandler                          0x08000283   Thumb Code     0  startup_stm32f750xx.o(.text)
    DMA1_Stream0_IRQHandler                  0x08000283   Thumb Code     0  startup_stm32f750xx.o(.text)
    DMA1_Stream1_IRQHandler                  0x08000283   Thumb Code     0  startup_stm32f750xx.o(.text)
    DMA1_Stream2_IRQHandler                  0x08000283   Thumb Code     0  startup_stm32f750xx.o(.text)
    DMA1_Stream3_IRQHandler                  0x08000283   Thumb Code     0  startup_stm32f750xx.o(.text)
    DMA1_Stream4_IRQHandler                  0x08000283   Thumb Code     0  startup_stm32f750xx.o(.text)
    DMA1_Stream5_IRQHandler                  0x08000283   Thumb Code     0  startup_stm32f750xx.o(.text)
    DMA1_Stream6_IRQHandler                  0x08000283   Thumb Code     0  startup_stm32f750xx.o(.text)
    DMA1_Stream7_IRQHandler                  0x08000283   Thumb Code     0  startup_stm32f750xx.o(.text)
    DMA2D_IRQHandler                         0x08000283   Thumb Code     0  startup_stm32f750xx.o(.text)
    DMA2_Stream0_IRQHandler                  0x08000283   Thumb Code     0  startup_stm32f750xx.o(.text)
    DMA2_Stream1_IRQHandler                  0x08000283   Thumb Code     0  startup_stm32f750xx.o(.text)
    DMA2_Stream2_IRQHandler                  0x08000283   Thumb Code     0  startup_stm32f750xx.o(.text)
    DMA2_Stream3_IRQHandler                  0x08000283   Thumb Code     0  startup_stm32f750xx.o(.text)
    DMA2_Stream4_IRQHandler                  0x08000283   Thumb Code     0  startup_stm32f750xx.o(.text)
    DMA2_Stream5_IRQHandler                  0x08000283   Thumb Code     0  startup_stm32f750xx.o(.text)
    DMA2_Stream6_IRQHandler                  0x08000283   Thumb Code     0  startup_stm32f750xx.o(.text)
    DMA2_Stream7_IRQHandler                  0x08000283   Thumb Code     0  startup_stm32f750xx.o(.text)
    ETH_IRQHandler                           0x08000283   Thumb Code     0  startup_stm32f750xx.o(.text)
    ETH_WKUP_IRQHandler                      0x08000283   Thumb Code     0  startup_stm32f750xx.o(.text)
    EXTI0_IRQHandler                         0x08000283   Thumb Code     0  startup_stm32f750xx.o(.text)
    EXTI15_10_IRQHandler                     0x08000283   Thumb Code     0  startup_stm32f750xx.o(.text)
    EXTI1_IRQHandler                         0x08000283   Thumb Code     0  startup_stm32f750xx.o(.text)
    EXTI2_IRQHandler                         0x08000283   Thumb Code     0  startup_stm32f750xx.o(.text)
    EXTI3_IRQHandler                         0x08000283   Thumb Code     0  startup_stm32f750xx.o(.text)
    EXTI4_IRQHandler                         0x08000283   Thumb Code     0  startup_stm32f750xx.o(.text)
    EXTI9_5_IRQHandler                       0x08000283   Thumb Code     0  startup_stm32f750xx.o(.text)
    FLASH_IRQHandler                         0x08000283   Thumb Code     0  startup_stm32f750xx.o(.text)
    FMC_IRQHandler                           0x08000283   Thumb Code     0  startup_stm32f750xx.o(.text)
    FPU_IRQHandler                           0x08000283   Thumb Code     0  startup_stm32f750xx.o(.text)
    HASH_RNG_IRQHandler                      0x08000283   Thumb Code     0  startup_stm32f750xx.o(.text)
    I2C1_ER_IRQHandler                       0x08000283   Thumb Code     0  startup_stm32f750xx.o(.text)
    I2C1_EV_IRQHandler                       0x08000283   Thumb Code     0  startup_stm32f750xx.o(.text)
    I2C2_ER_IRQHandler                       0x08000283   Thumb Code     0  startup_stm32f750xx.o(.text)
    I2C2_EV_IRQHandler                       0x08000283   Thumb Code     0  startup_stm32f750xx.o(.text)
    I2C3_ER_IRQHandler                       0x08000283   Thumb Code     0  startup_stm32f750xx.o(.text)
    I2C3_EV_IRQHandler                       0x08000283   Thumb Code     0  startup_stm32f750xx.o(.text)
    I2C4_ER_IRQHandler                       0x08000283   Thumb Code     0  startup_stm32f750xx.o(.text)
    I2C4_EV_IRQHandler                       0x08000283   Thumb Code     0  startup_stm32f750xx.o(.text)
    LPTIM1_IRQHandler                        0x08000283   Thumb Code     0  startup_stm32f750xx.o(.text)
    LTDC_ER_IRQHandler                       0x08000283   Thumb Code     0  startup_stm32f750xx.o(.text)
    LTDC_IRQHandler                          0x08000283   Thumb Code     0  startup_stm32f750xx.o(.text)
    OTG_FS_IRQHandler                        0x08000283   Thumb Code     0  startup_stm32f750xx.o(.text)
    OTG_FS_WKUP_IRQHandler                   0x08000283   Thumb Code     0  startup_stm32f750xx.o(.text)
    OTG_HS_EP1_IN_IRQHandler                 0x08000283   Thumb Code     0  startup_stm32f750xx.o(.text)
    OTG_HS_EP1_OUT_IRQHandler                0x08000283   Thumb Code     0  startup_stm32f750xx.o(.text)
    OTG_HS_IRQHandler                        0x08000283   Thumb Code     0  startup_stm32f750xx.o(.text)
    OTG_HS_WKUP_IRQHandler                   0x08000283   Thumb Code     0  startup_stm32f750xx.o(.text)
    PVD_IRQHandler                           0x08000283   Thumb Code     0  startup_stm32f750xx.o(.text)
    QUADSPI_IRQHandler                       0x08000283   Thumb Code     0  startup_stm32f750xx.o(.text)
    RCC_IRQHandler                           0x08000283   Thumb Code     0  startup_stm32f750xx.o(.text)
    RTC_Alarm_IRQHandler                     0x08000283   Thumb Code     0  startup_stm32f750xx.o(.text)
    RTC_WKUP_IRQHandler                      0x08000283   Thumb Code     0  startup_stm32f750xx.o(.text)
    SAI1_IRQHandler                          0x08000283   Thumb Code     0  startup_stm32f750xx.o(.text)
    SAI2_IRQHandler                          0x08000283   Thumb Code     0  startup_stm32f750xx.o(.text)
    SDMMC1_IRQHandler                        0x08000283   Thumb Code     0  startup_stm32f750xx.o(.text)
    SPDIF_RX_IRQHandler                      0x08000283   Thumb Code     0  startup_stm32f750xx.o(.text)
    SPI1_IRQHandler                          0x08000283   Thumb Code     0  startup_stm32f750xx.o(.text)
    SPI2_IRQHandler                          0x08000283   Thumb Code     0  startup_stm32f750xx.o(.text)
    SPI3_IRQHandler                          0x08000283   Thumb Code     0  startup_stm32f750xx.o(.text)
    SPI4_IRQHandler                          0x08000283   Thumb Code     0  startup_stm32f750xx.o(.text)
    SPI5_IRQHandler                          0x08000283   Thumb Code     0  startup_stm32f750xx.o(.text)
    SPI6_IRQHandler                          0x08000283   Thumb Code     0  startup_stm32f750xx.o(.text)
    TAMP_STAMP_IRQHandler                    0x08000283   Thumb Code     0  startup_stm32f750xx.o(.text)
    TIM1_BRK_TIM9_IRQHandler                 0x08000283   Thumb Code     0  startup_stm32f750xx.o(.text)
    TIM1_CC_IRQHandler                       0x08000283   Thumb Code     0  startup_stm32f750xx.o(.text)
    TIM1_TRG_COM_TIM11_IRQHandler            0x08000283   Thumb Code     0  startup_stm32f750xx.o(.text)
    TIM1_UP_TIM10_IRQHandler                 0x08000283   Thumb Code     0  startup_stm32f750xx.o(.text)
    TIM2_IRQHandler                          0x08000283   Thumb Code     0  startup_stm32f750xx.o(.text)
    TIM3_IRQHandler                          0x08000283   Thumb Code     0  startup_stm32f750xx.o(.text)
    TIM4_IRQHandler                          0x08000283   Thumb Code     0  startup_stm32f750xx.o(.text)
    TIM5_IRQHandler                          0x08000283   Thumb Code     0  startup_stm32f750xx.o(.text)
    TIM6_DAC_IRQHandler                      0x08000283   Thumb Code     0  startup_stm32f750xx.o(.text)
    TIM7_IRQHandler                          0x08000283   Thumb Code     0  startup_stm32f750xx.o(.text)
    TIM8_BRK_TIM12_IRQHandler                0x08000283   Thumb Code     0  startup_stm32f750xx.o(.text)
    TIM8_CC_IRQHandler                       0x08000283   Thumb Code     0  startup_stm32f750xx.o(.text)
    TIM8_TRG_COM_TIM14_IRQHandler            0x08000283   Thumb Code     0  startup_stm32f750xx.o(.text)
    TIM8_UP_TIM13_IRQHandler                 0x08000283   Thumb Code     0  startup_stm32f750xx.o(.text)
    UART4_IRQHandler                         0x08000283   Thumb Code     0  startup_stm32f750xx.o(.text)
    UART5_IRQHandler                         0x08000283   Thumb Code     0  startup_stm32f750xx.o(.text)
    UART7_IRQHandler                         0x08000283   Thumb Code     0  startup_stm32f750xx.o(.text)
    UART8_IRQHandler                         0x08000283   Thumb Code     0  startup_stm32f750xx.o(.text)
    USART2_IRQHandler                        0x08000283   Thumb Code     0  startup_stm32f750xx.o(.text)
    USART3_IRQHandler                        0x08000283   Thumb Code     0  startup_stm32f750xx.o(.text)
    USART6_IRQHandler                        0x08000283   Thumb Code     0  startup_stm32f750xx.o(.text)
    WWDG_IRQHandler                          0x08000283   Thumb Code     0  startup_stm32f750xx.o(.text)
    __user_initial_stackheap                 0x08000285   Thumb Code     0  startup_stm32f750xx.o(.text)
    __use_no_semihosting                     0x080002a9   Thumb Code     2  use_no_semi_2.o(.text)
    __aeabi_uldivmod                         0x080002ab   Thumb Code     0  lludivv7m.o(.text)
    _ll_udiv                                 0x080002ab   Thumb Code   238  lludivv7m.o(.text)
    __use_two_region_memory                  0x08000399   Thumb Code     2  heapauxi.o(.text)
    __rt_heap_escrow$2region                 0x0800039b   Thumb Code     2  heapauxi.o(.text)
    __rt_heap_expand$2region                 0x0800039d   Thumb Code     2  heapauxi.o(.text)
    __I$use$semihosting                      0x0800039f   Thumb Code     0  use_no_semi.o(.text)
    __use_no_semihosting_swi                 0x0800039f   Thumb Code     2  use_no_semi.o(.text)
    __user_setup_stackheap                   0x080003a1   Thumb Code    74  sys_stackheap_outer.o(.text)
    exit                                     0x080003eb   Thumb Code    18  exit.o(.text)
    __user_libspace                          0x080003fd   Thumb Code     8  libspace.o(.text)
    __user_perproc_libspace                  0x080003fd   Thumb Code     0  libspace.o(.text)
    __user_perthread_libspace                0x080003fd   Thumb Code     0  libspace.o(.text)
    Long Thumb to Thumb Veneer to HAL_PWREx_EnableOverDrive 0x08000405   Thumb Code    10  anon$$obj.o(Veneer$$Code)
    Long Thumb to Thumb Veneer to HAL_UART_IRQHandler 0x0800040f   Thumb Code    10  anon$$obj.o(Veneer$$Code)
    Long Thumb to Thumb Veneer to HAL_UART_GetState 0x08000419   Thumb Code    10  anon$$obj.o(Veneer$$Code)
    Long Thumb to Thumb Veneer to HAL_UART_Receive_IT 0x08000423   Thumb Code    10  anon$$obj.o(Veneer$$Code)
    Long Thumb to Thumb Veneer to LED_Init   0x0800042d   Thumb Code    10  anon$$obj.o(Veneer$$Code)
    Long Thumb to Thumb Veneer to LCD_Init   0x08000437   Thumb Code    10  anon$$obj.o(Veneer$$Code)
    Long Thumb to Thumb Veneer to __2sprintf 0x08000441   Thumb Code    10  anon$$obj.o(Veneer$$Code)
    Long Thumb to Thumb Veneer to LCD_Clear  0x0800044b   Thumb Code    10  anon$$obj.o(Veneer$$Code)
    Long Thumb to Thumb Veneer to LCD_ShowString 0x08000455   Thumb Code    10  anon$$obj.o(Veneer$$Code)
    Long Thumb to Thumb Veneer to HAL_UART_Init 0x0800045f   Thumb Code    10  anon$$obj.o(Veneer$$Code)
    Cache_Enable                             0x08000469   Thumb Code   112  sys.o(i.Cache_Enable)
    HAL_GPIO_Init                            0x080004e1   Thumb Code   484  stm32f7xx_hal_gpio.o(i.HAL_GPIO_Init)
    HAL_GPIO_TogglePin                       0x080006f9   Thumb Code    18  stm32f7xx_hal_gpio.o(i.HAL_GPIO_TogglePin)
    HAL_GPIO_WritePin                        0x0800070b   Thumb Code    12  stm32f7xx_hal_gpio.o(i.HAL_GPIO_WritePin)
    HAL_GetTick                              0x08000719   Thumb Code     6  stm32f7xx_hal.o(i.HAL_GetTick)
    HAL_IncTick                              0x08000725   Thumb Code    16  stm32f7xx_hal.o(i.HAL_IncTick)
    HAL_Init                                 0x0800073d   Thumb Code    34  stm32f7xx_hal.o(i.HAL_Init)
    HAL_InitTick                             0x08000765   Thumb Code    64  stm32f7xx_hal.o(i.HAL_InitTick)
    HAL_MPU_ConfigRegion                     0x080007b1   Thumb Code    88  stm32f7xx_hal_cortex.o(i.HAL_MPU_ConfigRegion)
    HAL_MPU_Disable                          0x0800080d   Thumb Code    38  stm32f7xx_hal_cortex.o(i.HAL_MPU_Disable)
    HAL_MPU_Enable                           0x08000839   Thumb Code    58  stm32f7xx_hal_cortex.o(i.HAL_MPU_Enable)
    HAL_MspInit                              0x08000879   Thumb Code     2  stm32f7xx_hal.o(i.HAL_MspInit)
    HAL_NVIC_EnableIRQ                       0x0800087b   Thumb Code    26  stm32f7xx_hal_cortex.o(i.HAL_NVIC_EnableIRQ)
    HAL_NVIC_SetPriority                     0x08000895   Thumb Code   124  stm32f7xx_hal_cortex.o(i.HAL_NVIC_SetPriority)
    HAL_NVIC_SetPriorityGrouping             0x08000911   Thumb Code    32  stm32f7xx_hal_cortex.o(i.HAL_NVIC_SetPriorityGrouping)
    HAL_RCC_ClockConfig                      0x08000939   Thumb Code   382  stm32f7xx_hal_rcc.o(i.HAL_RCC_ClockConfig)
    HAL_RCC_GetHCLKFreq                      0x08000ac9   Thumb Code     6  stm32f7xx_hal_rcc.o(i.HAL_RCC_GetHCLKFreq)
    HAL_RCC_GetPCLK1Freq                     0x08000ad5   Thumb Code    22  stm32f7xx_hal_rcc.o(i.HAL_RCC_GetPCLK1Freq)
    HAL_RCC_GetPCLK2Freq                     0x08000af5   Thumb Code    22  stm32f7xx_hal_rcc.o(i.HAL_RCC_GetPCLK2Freq)
    HAL_RCC_GetSysClockFreq                  0x08000b15   Thumb Code   162  stm32f7xx_hal_rcc.o(i.HAL_RCC_GetSysClockFreq)
    HAL_RCC_OscConfig                        0x08000bc5   Thumb Code  1200  stm32f7xx_hal_rcc.o(i.HAL_RCC_OscConfig)
    HAL_SYSTICK_CLKSourceConfig              0x08001079   Thumb Code    40  stm32f7xx_hal_cortex.o(i.HAL_SYSTICK_CLKSourceConfig)
    HAL_SYSTICK_Config                       0x080010a1   Thumb Code    52  stm32f7xx_hal_cortex.o(i.HAL_SYSTICK_Config)
    HAL_UART_MspInit                         0x080010d5   Thumb Code   136  usart.o(i.HAL_UART_MspInit)
    HAL_UART_RxCpltCallback                  0x08001169   Thumb Code   120  usart.o(i.HAL_UART_RxCpltCallback)
    QSPI_Enable_Memmapmode                   0x08001229   Thumb Code   594  sys.o(i.QSPI_Enable_Memmapmode)
    Stm32_Clock_Init                         0x0800153d   Thumb Code   174  sys.o(i.Stm32_Clock_Init)
    SystemInit                               0x080015f5   Thumb Code    82  system_stm32f7xx.o(i.SystemInit)
    USART1_IRQHandler                        0x08001659   Thumb Code    66  usart.o(i.USART1_IRQHandler)
    _sys_exit                                0x080016a9   Thumb Code     4  usart.o(i._sys_exit)
    delay_init                               0x080016ad   Thumb Code    16  delay.o(i.delay_init)
    delay_ms                                 0x080016c1   Thumb Code    24  delay.o(i.delay_ms)
    delay_us                                 0x080016d9   Thumb Code    68  delay.o(i.delay_us)
    fputc                                    0x08001721   Thumb Code    22  usart.o(i.fputc)
    main                                     0x0800173d   Thumb Code   346  main.o(i.main)
    uart_init                                0x080018e9   Thumb Code    44  usart.o(i.uart_init)
    _fp_init                                 0x08001921   Thumb Code    10  fpinit.o(x$fpl$fpinit)
    __fplib_config_fpu_vfp                   0x08001929   Thumb Code     0  fpinit.o(x$fpl$fpinit)
    __fplib_config_pureend_doubles           0x08001929   Thumb Code     0  fpinit.o(x$fpl$fpinit)
    AHBPrescTable                            0x0800192a   Data          16  system_stm32f7xx.o(.constdata)
    APBPrescTable                            0x0800193a   Data           8  system_stm32f7xx.o(.constdata)
    Region$$Table$$Base                      0x08001944   Number         0  anon$$obj.o(Region$$Table)
    Region$$Table$$Limit                     0x08001964   Number         0  anon$$obj.o(Region$$Table)
    SystemCoreClock                          0x20010000   Data           4  system_stm32f7xx.o(.data)
    __stdout                                 0x20010008   Data           4  usart.o(.data)
    USART_RX_STA                             0x2001000c   Data           2  usart.o(.data)
    aRxBuffer                                0x2001000e   Data           1  usart.o(.data)
    uwTick                                   0x20010010   Data           4  stm32f7xx_hal.o(.data)
    uwTickPrio                               0x20010014   Data           4  stm32f7xx_hal.o(.data)
    uwTickFreq                               0x20010018   Data           1  stm32f7xx_hal.o(.data)
    POINT_COLOR                              0x2001001c   Data           4  lcd.o(.data)
    BACK_COLOR                               0x20010020   Data           4  lcd.o(.data)
    USART_RX_BUF                             0x20010024   Data         200  usart.o(.bss)
    UART1_Handler                            0x200100ec   Data         128  usart.o(.bss)
    SRAM_Handler                             0x2001016c   Data          76  lcd.o(.bss)
    lcddev                                   0x200101b8   Data          14  lcd.o(.bss)
    __libspace_start                         0x200101c8   Data          96  libspace.o(.bss)
    __temporary_stack_top$libspace           0x20010228   Data           0  libspace.o(.bss)
    _printf_percent                          0x90000001   Thumb Code     0  _printf_percent.o(.ARM.Collect$$_printf_percent$$00000000)
    _printf_x                                0x90000001   Thumb Code     0  _printf_x.o(.ARM.Collect$$_printf_percent$$0000000C)
    _printf_percent_end                      0x90000007   Thumb Code     0  _printf_percent_end.o(.ARM.Collect$$_printf_percent$$00000017)
    __2printf                                0x9000000d   Thumb Code    20  noretval__2printf.o(.text)
    __2sprintf                               0x90000025   Thumb Code    34  noretval__2sprintf.o(.text)
    _printf_pre_padding                      0x9000004d   Thumb Code    44  _printf_pad.o(.text)
    _printf_post_padding                     0x90000079   Thumb Code    34  _printf_pad.o(.text)
    _printf_int_hex                          0x9000009d   Thumb Code    84  _printf_hex_int.o(.text)
    _printf_longlong_hex                     0x9000009d   Thumb Code     0  _printf_hex_int.o(.text)
    __printf                                 0x900000f5   Thumb Code   308  __printf_flags_wp.o(.text)
    _printf_int_common                       0x9000022d   Thumb Code   178  _printf_intcommon.o(.text)
    _printf_char_common                      0x900002eb   Thumb Code    32  _printf_char_common.o(.text)
    _sputc                                   0x90000311   Thumb Code    10  _sputc.o(.text)
    _printf_char_file                        0x9000031d   Thumb Code    32  _printf_char_file.o(.text)
    ferror                                   0x90000341   Thumb Code     8  ferror.o(.text)
    Long Thumb to Thumb Veneer to HAL_GetTick 0x90000349   Thumb Code    10  anon$$obj.o(Veneer$$Code)
    Long Thumb to Thumb Veneer to HAL_GPIO_Init 0x90000353   Thumb Code    10  anon$$obj.o(Veneer$$Code)
    Long Thumb to Thumb Veneer to HAL_UART_MspInit 0x9000035d   Thumb Code    10  anon$$obj.o(Veneer$$Code)
    Long Thumb to Thumb Veneer to delay_ms   0x90000367   Thumb Code    10  anon$$obj.o(Veneer$$Code)
    Long Thumb to Thumb Veneer to delay_us   0x90000371   Thumb Code    10  anon$$obj.o(Veneer$$Code)
    Long Thumb to Thumb Veneer to HAL_GPIO_WritePin 0x9000037b   Thumb Code    10  anon$$obj.o(Veneer$$Code)
    Long Thumb to Thumb Veneer to HAL_MPU_Disable 0x90000385   Thumb Code    10  anon$$obj.o(Veneer$$Code)
    Long Thumb to Thumb Veneer to HAL_MPU_ConfigRegion 0x9000038f   Thumb Code    10  anon$$obj.o(Veneer$$Code)
    Long Thumb to Thumb Veneer to HAL_MPU_Enable 0x90000399   Thumb Code    10  anon$$obj.o(Veneer$$Code)
    Long Thumb to Thumb Veneer to HAL_IncTick 0x900003a3   Thumb Code    10  anon$$obj.o(Veneer$$Code)
    Long Thumb to Thumb Veneer to HAL_UART_RxCpltCallback 0x900003ad   Thumb Code    10  anon$$obj.o(Veneer$$Code)
    Long Thumb to Thumb Veneer to HAL_RCC_GetPCLK1Freq 0x900003b7   Thumb Code    10  anon$$obj.o(Veneer$$Code)
    Long Thumb to Thumb Veneer to HAL_RCC_GetPCLK2Freq 0x900003c1   Thumb Code    10  anon$$obj.o(Veneer$$Code)
    Long Thumb to Thumb Veneer to HAL_RCC_GetSysClockFreq 0x900003cb   Thumb Code    10  anon$$obj.o(Veneer$$Code)
    BusFault_Handler                         0x900003d5   Thumb Code     4  stm32f7xx_it.o(i.BusFault_Handler)
    DebugMon_Handler                         0x900003d9   Thumb Code     2  stm32f7xx_it.o(i.DebugMon_Handler)
    FMC_NORSRAM_Extended_Timing_Init         0x900003dd   Thumb Code    66  stm32f7xx_ll_fmc.o(i.FMC_NORSRAM_Extended_Timing_Init)
    FMC_NORSRAM_Init                         0x90000425   Thumb Code   124  stm32f7xx_ll_fmc.o(i.FMC_NORSRAM_Init)
    FMC_NORSRAM_Timing_Init                  0x900004a5   Thumb Code    98  stm32f7xx_ll_fmc.o(i.FMC_NORSRAM_Timing_Init)
    HAL_DMA_Abort_IT                         0x90000507   Thumb Code    40  stm32f7xx_hal_dma.o(i.HAL_DMA_Abort_IT)
    HAL_PWREx_EnableOverDrive                0x90000531   Thumb Code   136  stm32f7xx_hal_pwr_ex.o(i.HAL_PWREx_EnableOverDrive)
    HAL_SRAM_Init                            0x900005c1   Thumb Code    88  stm32f7xx_hal_sram.o(i.HAL_SRAM_Init)
    HAL_SRAM_MspInit                         0x90000619   Thumb Code   140  lcd.o(i.HAL_SRAM_MspInit)
    HAL_UART_ErrorCallback                   0x900006b1   Thumb Code     2  stm32f7xx_hal_uart.o(i.HAL_UART_ErrorCallback)
    HAL_UART_GetState                        0x900006b3   Thumb Code    12  stm32f7xx_hal_uart.o(i.HAL_UART_GetState)
    HAL_UART_IRQHandler                      0x900006c1   Thumb Code   366  stm32f7xx_hal_uart.o(i.HAL_UART_IRQHandler)
    HAL_UART_Init                            0x90000835   Thumb Code   116  stm32f7xx_hal_uart.o(i.HAL_UART_Init)
    HAL_UART_Receive_IT                      0x900008a9   Thumb Code   218  stm32f7xx_hal_uart.o(i.HAL_UART_Receive_IT)
    HAL_UART_TxCpltCallback                  0x9000098d   Thumb Code     2  stm32f7xx_hal_uart.o(i.HAL_UART_TxCpltCallback)
    HardFault_Handler                        0x9000098f   Thumb Code     4  stm32f7xx_it.o(i.HardFault_Handler)
    LCD_Clear                                0x90000995   Thumb Code    42  lcd.o(i.LCD_Clear)
    LCD_Display_Dir                          0x900009c9   Thumb Code   372  lcd.o(i.LCD_Display_Dir)
    LCD_Fast_DrawPoint                       0x90000b41   Thumb Code   268  lcd.o(i.LCD_Fast_DrawPoint)
    LCD_Init                                 0x90000c55   Thumb Code  9884  lcd.o(i.LCD_Init)
    LCD_MPU_Config                           0x900032fd   Thumb Code    80  lcd.o(i.LCD_MPU_Config)
    LCD_RD_DATA                              0x9000334d   Thumb Code    14  lcd.o(i.LCD_RD_DATA)
    LCD_SSD_BackLightSet                     0x90003361   Thumb Code    72  lcd.o(i.LCD_SSD_BackLightSet)
    LCD_Scan_Dir                             0x900033b1   Thumb Code   636  lcd.o(i.LCD_Scan_Dir)
    LCD_SetCursor                            0x90003631   Thumb Code   318  lcd.o(i.LCD_SetCursor)
    LCD_ShowChar                             0x90003775   Thumb Code   288  lcd.o(i.LCD_ShowChar)
    LCD_ShowString                           0x900038b1   Thumb Code   102  lcd.o(i.LCD_ShowString)
    LCD_WR_DATA                              0x90003919   Thumb Code    18  lcd.o(i.LCD_WR_DATA)
    LCD_WR_REG                               0x90003931   Thumb Code    18  lcd.o(i.LCD_WR_REG)
    LCD_WriteRAM_Prepare                     0x90003949   Thumb Code    10  lcd.o(i.LCD_WriteRAM_Prepare)
    LCD_WriteReg                             0x9000395d   Thumb Code    10  lcd.o(i.LCD_WriteReg)
    LED_Init                                 0x9000396d   Thumb Code    78  led.o(i.LED_Init)
    NMI_Handler                              0x900039c5   Thumb Code     2  stm32f7xx_it.o(i.NMI_Handler)
    PendSV_Handler                           0x900039c7   Thumb Code     2  stm32f7xx_it.o(i.PendSV_Handler)
    SVC_Handler                              0x900039c9   Thumb Code     2  stm32f7xx_it.o(i.SVC_Handler)
    SysTick_Handler                          0x900039cb   Thumb Code     8  stm32f7xx_it.o(i.SysTick_Handler)
    UART_AdvFeatureConfig                    0x900039d3   Thumb Code   248  stm32f7xx_hal_uart.o(i.UART_AdvFeatureConfig)
    UART_CheckIdleState                      0x90003acb   Thumb Code    72  stm32f7xx_hal_uart.o(i.UART_CheckIdleState)
    UART_SetConfig                           0x90003c41   Thumb Code   884  stm32f7xx_hal_uart.o(i.UART_SetConfig)
    UART_WaitOnFlagUntilTimeout              0x90003fe5   Thumb Code   104  stm32f7xx_hal_uart.o(i.UART_WaitOnFlagUntilTimeout)
    UsageFault_Handler                       0x9000404d   Thumb Code     4  stm32f7xx_it.o(i.UsageFault_Handler)
    _is_digit                                0x90004051   Thumb Code    14  __printf_wp.o(i._is_digit)
    asc2_1206                                0x9000405e   Data        1140  lcd.o(.constdata)
    asc2_1608                                0x900044d2   Data        1520  lcd.o(.constdata)
    asc2_2412                                0x90004ac2   Data        3420  lcd.o(.constdata)
    asc2_3216                                0x9000581e   Data       12160  lcd.o(.constdata)



==============================================================================

Memory Map of the image

  Image Entry point : 0x080001c9

  Load Region LR_m_stmflash (Base: 0x08000000, Size: 0x00001988, Max: 0x00010000, ABSOLUTE)

    Execution Region ER_m_stmflash (Exec base: 0x08000000, Load base: 0x08000000, Size: 0x00001964, Max: 0x00010000, ABSOLUTE)

    Exec Addr    Load Addr    Size         Type   Attr      Idx    E Section Name        Object

    0x08000000   0x08000000   0x000001c8   Data   RO          682    RESET               startup_stm32f750xx.o
    0x080001c8   0x080001c8   0x00000008   Code   RO         3583  * !!!main             c_w.l(__main.o)
    0x080001d0   0x080001d0   0x00000034   Code   RO         3763    !!!scatter          c_w.l(__scatter.o)
    0x08000204   0x08000204   0x0000001a   Code   RO         3765    !!handler_copy      c_w.l(__scatter_copy.o)
    0x0800021e   0x0800021e   0x00000002   PAD
    0x08000220   0x08000220   0x0000001c   Code   RO         3767    !!handler_zi        c_w.l(__scatter_zi.o)
    0x0800023c   0x0800023c   0x00000002   Code   RO         3637    .ARM.Collect$$libinit$$00000000  c_w.l(libinit.o)
    0x0800023e   0x0800023e   0x00000004   Code   RO         3649    .ARM.Collect$$libinit$$00000001  c_w.l(libinit2.o)
    0x08000242   0x08000242   0x00000000   Code   RO         3652    .ARM.Collect$$libinit$$00000004  c_w.l(libinit2.o)
    0x08000242   0x08000242   0x00000000   Code   RO         3655    .ARM.Collect$$libinit$$0000000A  c_w.l(libinit2.o)
    0x08000242   0x08000242   0x00000000   Code   RO         3657    .ARM.Collect$$libinit$$0000000C  c_w.l(libinit2.o)
    0x08000242   0x08000242   0x00000000   Code   RO         3659    .ARM.Collect$$libinit$$0000000E  c_w.l(libinit2.o)
    0x08000242   0x08000242   0x00000000   Code   RO         3662    .ARM.Collect$$libinit$$00000011  c_w.l(libinit2.o)
    0x08000242   0x08000242   0x00000000   Code   RO         3664    .ARM.Collect$$libinit$$00000013  c_w.l(libinit2.o)
    0x08000242   0x08000242   0x00000000   Code   RO         3666    .ARM.Collect$$libinit$$00000015  c_w.l(libinit2.o)
    0x08000242   0x08000242   0x00000000   Code   RO         3668    .ARM.Collect$$libinit$$00000017  c_w.l(libinit2.o)
    0x08000242   0x08000242   0x00000000   Code   RO         3670    .ARM.Collect$$libinit$$00000019  c_w.l(libinit2.o)
    0x08000242   0x08000242   0x00000000   Code   RO         3672    .ARM.Collect$$libinit$$0000001B  c_w.l(libinit2.o)
    0x08000242   0x08000242   0x00000000   Code   RO         3674    .ARM.Collect$$libinit$$0000001D  c_w.l(libinit2.o)
    0x08000242   0x08000242   0x00000000   Code   RO         3676    .ARM.Collect$$libinit$$0000001F  c_w.l(libinit2.o)
    0x08000242   0x08000242   0x00000000   Code   RO         3678    .ARM.Collect$$libinit$$00000021  c_w.l(libinit2.o)
    0x08000242   0x08000242   0x00000000   Code   RO         3680    .ARM.Collect$$libinit$$00000023  c_w.l(libinit2.o)
    0x08000242   0x08000242   0x00000000   Code   RO         3682    .ARM.Collect$$libinit$$00000025  c_w.l(libinit2.o)
    0x08000242   0x08000242   0x00000000   Code   RO         3686    .ARM.Collect$$libinit$$0000002C  c_w.l(libinit2.o)
    0x08000242   0x08000242   0x00000000   Code   RO         3688    .ARM.Collect$$libinit$$0000002E  c_w.l(libinit2.o)
    0x08000242   0x08000242   0x00000000   Code   RO         3690    .ARM.Collect$$libinit$$00000030  c_w.l(libinit2.o)
    0x08000242   0x08000242   0x00000000   Code   RO         3692    .ARM.Collect$$libinit$$00000032  c_w.l(libinit2.o)
    0x08000242   0x08000242   0x00000002   Code   RO         3693    .ARM.Collect$$libinit$$00000033  c_w.l(libinit2.o)
    0x08000244   0x08000244   0x00000002   Code   RO         3719    .ARM.Collect$$libshutdown$$00000000  c_w.l(libshutdown.o)
    0x08000246   0x08000246   0x00000000   Code   RO         3746    .ARM.Collect$$libshutdown$$00000002  c_w.l(libshutdown2.o)
    0x08000246   0x08000246   0x00000000   Code   RO         3748    .ARM.Collect$$libshutdown$$00000004  c_w.l(libshutdown2.o)
    0x08000246   0x08000246   0x00000000   Code   RO         3751    .ARM.Collect$$libshutdown$$00000007  c_w.l(libshutdown2.o)
    0x08000246   0x08000246   0x00000000   Code   RO         3754    .ARM.Collect$$libshutdown$$0000000A  c_w.l(libshutdown2.o)
    0x08000246   0x08000246   0x00000000   Code   RO         3756    .ARM.Collect$$libshutdown$$0000000C  c_w.l(libshutdown2.o)
    0x08000246   0x08000246   0x00000000   Code   RO         3759    .ARM.Collect$$libshutdown$$0000000F  c_w.l(libshutdown2.o)
    0x08000246   0x08000246   0x00000002   Code   RO         3760    .ARM.Collect$$libshutdown$$00000010  c_w.l(libshutdown2.o)
    0x08000248   0x08000248   0x00000000   Code   RO         3587    .ARM.Collect$$rtentry$$00000000  c_w.l(__rtentry.o)
    0x08000248   0x08000248   0x00000000   Code   RO         3602    .ARM.Collect$$rtentry$$00000002  c_w.l(__rtentry2.o)
    0x08000248   0x08000248   0x00000006   Code   RO         3614    .ARM.Collect$$rtentry$$00000004  c_w.l(__rtentry4.o)
    0x0800024e   0x0800024e   0x00000000   Code   RO         3604    .ARM.Collect$$rtentry$$00000009  c_w.l(__rtentry2.o)
    0x0800024e   0x0800024e   0x00000004   Code   RO         3605    .ARM.Collect$$rtentry$$0000000A  c_w.l(__rtentry2.o)
    0x08000252   0x08000252   0x00000000   Code   RO         3607    .ARM.Collect$$rtentry$$0000000C  c_w.l(__rtentry2.o)
    0x08000252   0x08000252   0x00000008   Code   RO         3608    .ARM.Collect$$rtentry$$0000000D  c_w.l(__rtentry2.o)
    0x0800025a   0x0800025a   0x00000002   Code   RO         3641    .ARM.Collect$$rtexit$$00000000  c_w.l(rtexit.o)
    0x0800025c   0x0800025c   0x00000000   Code   RO         3695    .ARM.Collect$$rtexit$$00000002  c_w.l(rtexit2.o)
    0x0800025c   0x0800025c   0x00000004   Code   RO         3696    .ARM.Collect$$rtexit$$00000003  c_w.l(rtexit2.o)
    0x08000260   0x08000260   0x00000006   Code   RO         3697    .ARM.Collect$$rtexit$$00000004  c_w.l(rtexit2.o)
    0x08000266   0x08000266   0x00000002   PAD
    0x08000268   0x08000268   0x00000040   Code   RO          683    .text               startup_stm32f750xx.o
    0x080002a8   0x080002a8   0x00000002   Code   RO         3522    .text               c_w.l(use_no_semi_2.o)
    0x080002aa   0x080002aa   0x000000ee   Code   RO         3524    .text               c_w.l(lludivv7m.o)
    0x08000398   0x08000398   0x00000006   Code   RO         3581    .text               c_w.l(heapauxi.o)
    0x0800039e   0x0800039e   0x00000002   Code   RO         3585    .text               c_w.l(use_no_semi.o)
    0x080003a0   0x080003a0   0x0000004a   Code   RO         3624    .text               c_w.l(sys_stackheap_outer.o)
    0x080003ea   0x080003ea   0x00000012   Code   RO         3626    .text               c_w.l(exit.o)
    0x080003fc   0x080003fc   0x00000008   Code   RO         3638    .text               c_w.l(libspace.o)
    0x08000404   0x08000404   0x0000000a   Ven    RO         3769    Veneer$$Code        anon$$obj.o
    0x0800040e   0x0800040e   0x0000000a   Ven    RO         3770    Veneer$$Code        anon$$obj.o
    0x08000418   0x08000418   0x0000000a   Ven    RO         3771    Veneer$$Code        anon$$obj.o
    0x08000422   0x08000422   0x0000000a   Ven    RO         3772    Veneer$$Code        anon$$obj.o
    0x0800042c   0x0800042c   0x0000000a   Ven    RO         3773    Veneer$$Code        anon$$obj.o
    0x08000436   0x08000436   0x0000000a   Ven    RO         3774    Veneer$$Code        anon$$obj.o
    0x08000440   0x08000440   0x0000000a   Ven    RO         3775    Veneer$$Code        anon$$obj.o
    0x0800044a   0x0800044a   0x0000000a   Ven    RO         3776    Veneer$$Code        anon$$obj.o
    0x08000454   0x08000454   0x0000000a   Ven    RO         3777    Veneer$$Code        anon$$obj.o
    0x0800045e   0x0800045e   0x0000000a   Ven    RO         3778    Veneer$$Code        anon$$obj.o
    0x08000468   0x08000468   0x00000078   Code   RO          552    i.Cache_Enable      sys.o
    0x080004e0   0x080004e0   0x00000218   Code   RO         1178    i.HAL_GPIO_Init     stm32f7xx_hal_gpio.o
    0x080006f8   0x080006f8   0x00000012   Code   RO         1181    i.HAL_GPIO_TogglePin  stm32f7xx_hal_gpio.o
    0x0800070a   0x0800070a   0x0000000c   Code   RO         1182    i.HAL_GPIO_WritePin  stm32f7xx_hal_gpio.o
    0x08000716   0x08000716   0x00000002   PAD
    0x08000718   0x08000718   0x0000000c   Code   RO          705    i.HAL_GetTick       stm32f7xx_hal.o
    0x08000724   0x08000724   0x00000018   Code   RO          711    i.HAL_IncTick       stm32f7xx_hal.o
    0x0800073c   0x0800073c   0x00000028   Code   RO          712    i.HAL_Init          stm32f7xx_hal.o
    0x08000764   0x08000764   0x0000004c   Code   RO          713    i.HAL_InitTick      stm32f7xx_hal.o
    0x080007b0   0x080007b0   0x0000005c   Code   RO          888    i.HAL_MPU_ConfigRegion  stm32f7xx_hal_cortex.o
    0x0800080c   0x0800080c   0x0000002c   Code   RO          889    i.HAL_MPU_Disable   stm32f7xx_hal_cortex.o
    0x08000838   0x08000838   0x00000040   Code   RO          890    i.HAL_MPU_Enable    stm32f7xx_hal_cortex.o
    0x08000878   0x08000878   0x00000002   Code   RO          715    i.HAL_MspInit       stm32f7xx_hal.o
    0x0800087a   0x0800087a   0x0000001a   Code   RO          893    i.HAL_NVIC_EnableIRQ  stm32f7xx_hal_cortex.o
    0x08000894   0x08000894   0x0000007c   Code   RO          899    i.HAL_NVIC_SetPriority  stm32f7xx_hal_cortex.o
    0x08000910   0x08000910   0x00000028   Code   RO          900    i.HAL_NVIC_SetPriorityGrouping  stm32f7xx_hal_cortex.o
    0x08000938   0x08000938   0x00000190   Code   RO         1458    i.HAL_RCC_ClockConfig  stm32f7xx_hal_rcc.o
    0x08000ac8   0x08000ac8   0x0000000c   Code   RO         1463    i.HAL_RCC_GetHCLKFreq  stm32f7xx_hal_rcc.o
    0x08000ad4   0x08000ad4   0x00000020   Code   RO         1465    i.HAL_RCC_GetPCLK1Freq  stm32f7xx_hal_rcc.o
    0x08000af4   0x08000af4   0x00000020   Code   RO         1466    i.HAL_RCC_GetPCLK2Freq  stm32f7xx_hal_rcc.o
    0x08000b14   0x08000b14   0x000000b0   Code   RO         1467    i.HAL_RCC_GetSysClockFreq  stm32f7xx_hal_rcc.o
    0x08000bc4   0x08000bc4   0x000004b4   Code   RO         1470    i.HAL_RCC_OscConfig  stm32f7xx_hal_rcc.o
    0x08001078   0x08001078   0x00000028   Code   RO          902    i.HAL_SYSTICK_CLKSourceConfig  stm32f7xx_hal_cortex.o
    0x080010a0   0x080010a0   0x00000034   Code   RO          904    i.HAL_SYSTICK_Config  stm32f7xx_hal_cortex.o
    0x080010d4   0x080010d4   0x00000094   Code   RO          618    i.HAL_UART_MspInit  usart.o
    0x08001168   0x08001168   0x00000088   Code   RO          619    i.HAL_UART_RxCpltCallback  usart.o
    0x080011f0   0x080011f0   0x00000010   Code   RO          906    i.NVIC_GetPriorityGrouping  stm32f7xx_hal_cortex.o
    0x08001200   0x08001200   0x00000028   Code   RO          907    i.NVIC_SetPriority  stm32f7xx_hal_cortex.o
    0x08001228   0x08001228   0x00000278   Code   RO          555    i.QSPI_Enable_Memmapmode  sys.o
    0x080014a0   0x080014a0   0x0000009c   Code   RO          556    i.SCB_EnableDCache  sys.o
    0x0800153c   0x0800153c   0x000000b8   Code   RO          557    i.Stm32_Clock_Init  sys.o
    0x080015f4   0x080015f4   0x00000064   Code   RO          362    i.SystemInit        system_stm32f7xx.o
    0x08001658   0x08001658   0x00000050   Code   RO          620    i.USART1_IRQHandler  usart.o
    0x080016a8   0x080016a8   0x00000004   Code   RO          621    i._sys_exit         usart.o
    0x080016ac   0x080016ac   0x00000014   Code   RO          513    i.delay_init        delay.o
    0x080016c0   0x080016c0   0x00000018   Code   RO          514    i.delay_ms          delay.o
    0x080016d8   0x080016d8   0x00000048   Code   RO          515    i.delay_us          delay.o
    0x08001720   0x08001720   0x0000001c   Code   RO          622    i.fputc             usart.o
    0x0800173c   0x0800173c   0x000001ac   Code   RO            4    i.main              main.o
    0x080018e8   0x080018e8   0x00000038   Code   RO          623    i.uart_init         usart.o
    0x08001920   0x08001920   0x0000000a   Code   RO         3707    x$fpl$fpinit        fz_wv.l(fpinit.o)
    0x0800192a   0x0800192a   0x00000018   Data   RO          363    .constdata          system_stm32f7xx.o
    0x08001942   0x08001942   0x00000002   PAD
    0x08001944   0x08001944   0x00000020   Data   RO         3761    Region$$Table       anon$$obj.o


    Execution Region RW_m_stmsram (Exec base: 0x20010000, Load base: 0x08001964, Size: 0x00000828, Max: 0x00040000, ABSOLUTE)

    Exec Addr    Load Addr    Size         Type   Attr      Idx    E Section Name        Object

    0x20010000   0x08001964   0x00000004   Data   RW          364    .data               system_stm32f7xx.o
    0x20010004   0x08001968   0x00000004   Data   RW          516    .data               delay.o
    0x20010008   0x0800196c   0x00000007   Data   RW          625    .data               usart.o
    0x2001000f   0x08001973   0x00000001   PAD
    0x20010010   0x08001974   0x00000009   Data   RW          719    .data               stm32f7xx_hal.o
    0x20010019   0x0800197d   0x00000003   PAD
    0x2001001c   0x08001980   0x00000008   Data   RW         3331    .data               lcd.o
    0x20010024        -       0x00000148   Zero   RW          624    .bss                usart.o
    0x2001016c        -       0x0000005a   Zero   RW         3329    .bss                lcd.o
    0x200101c6   0x08001988   0x00000002   PAD
    0x200101c8        -       0x00000060   Zero   RW         3639    .bss                c_w.l(libspace.o)
    0x20010228        -       0x00000200   Zero   RW          681    HEAP                startup_stm32f750xx.o
    0x20010428        -       0x00000400   Zero   RW          680    STACK               startup_stm32f750xx.o



  Load Region LR_m_qspiflash (Base: 0x90000000, Size: 0x000087d8, Max: 0x00800000, ABSOLUTE)

    Execution Region ER_m_qspiflash (Exec base: 0x90000000, Load base: 0x90000000, Size: 0x000087d8, Max: 0x00800000, ABSOLUTE)

    Exec Addr    Load Addr    Size         Type   Attr      Idx    E Section Name        Object

    0x90000000   0x90000000   0x00000000   Code   RO         3580    .ARM.Collect$$_printf_percent$$00000000  c_w.l(_printf_percent.o)
    0x90000000   0x90000000   0x00000006   Code   RO         3579    .ARM.Collect$$_printf_percent$$0000000C  c_w.l(_printf_x.o)
    0x90000006   0x90000006   0x00000004   Code   RO         3600    .ARM.Collect$$_printf_percent$$00000017  c_w.l(_printf_percent_end.o)
    0x9000000a   0x9000000a   0x00000002   PAD
    0x9000000c   0x9000000c   0x00000018   Code   RO         3530    .text               c_w.l(noretval__2printf.o)
    0x90000024   0x90000024   0x00000028   Code   RO         3532    .text               c_w.l(noretval__2sprintf.o)
    0x9000004c   0x9000004c   0x0000004e   Code   RO         3536    .text               c_w.l(_printf_pad.o)
    0x9000009a   0x9000009a   0x00000002   PAD
    0x9000009c   0x9000009c   0x00000058   Code   RO         3541    .text               c_w.l(_printf_hex_int.o)
    0x900000f4   0x900000f4   0x00000138   Code   RO         3571    .text               c_w.l(__printf_flags_wp.o)
    0x9000022c   0x9000022c   0x000000b2   Code   RO         3592    .text               c_w.l(_printf_intcommon.o)
    0x900002de   0x900002de   0x00000002   PAD
    0x900002e0   0x900002e0   0x00000030   Code   RO         3594    .text               c_w.l(_printf_char_common.o)
    0x90000310   0x90000310   0x0000000a   Code   RO         3596    .text               c_w.l(_sputc.o)
    0x9000031a   0x9000031a   0x00000002   PAD
    0x9000031c   0x9000031c   0x00000024   Code   RO         3598    .text               c_w.l(_printf_char_file.o)
    0x90000340   0x90000340   0x00000008   Code   RO         3620    .text               c_w.l(ferror.o)
    0x90000348   0x90000348   0x0000000a   Ven    RO         3779    Veneer$$Code        anon$$obj.o
    0x90000352   0x90000352   0x0000000a   Ven    RO         3780    Veneer$$Code        anon$$obj.o
    0x9000035c   0x9000035c   0x0000000a   Ven    RO         3781    Veneer$$Code        anon$$obj.o
    0x90000366   0x90000366   0x0000000a   Ven    RO         3782    Veneer$$Code        anon$$obj.o
    0x90000370   0x90000370   0x0000000a   Ven    RO         3783    Veneer$$Code        anon$$obj.o
    0x9000037a   0x9000037a   0x0000000a   Ven    RO         3784    Veneer$$Code        anon$$obj.o
    0x90000384   0x90000384   0x0000000a   Ven    RO         3785    Veneer$$Code        anon$$obj.o
    0x9000038e   0x9000038e   0x0000000a   Ven    RO         3786    Veneer$$Code        anon$$obj.o
    0x90000398   0x90000398   0x0000000a   Ven    RO         3787    Veneer$$Code        anon$$obj.o
    0x900003a2   0x900003a2   0x0000000a   Ven    RO         3788    Veneer$$Code        anon$$obj.o
    0x900003ac   0x900003ac   0x0000000a   Ven    RO         3789    Veneer$$Code        anon$$obj.o
    0x900003b6   0x900003b6   0x0000000a   Ven    RO         3790    Veneer$$Code        anon$$obj.o
    0x900003c0   0x900003c0   0x0000000a   Ven    RO         3791    Veneer$$Code        anon$$obj.o
    0x900003ca   0x900003ca   0x0000000a   Ven    RO         3792    Veneer$$Code        anon$$obj.o
    0x900003d4   0x900003d4   0x00000004   Code   RO          289    i.BusFault_Handler  stm32f7xx_it.o
    0x900003d8   0x900003d8   0x00000002   Code   RO          290    i.DebugMon_Handler  stm32f7xx_it.o
    0x900003da   0x900003da   0x00000002   PAD
    0x900003dc   0x900003dc   0x00000048   Code   RO         3099    i.FMC_NORSRAM_Extended_Timing_Init  stm32f7xx_ll_fmc.o
    0x90000424   0x90000424   0x00000080   Code   RO         3100    i.FMC_NORSRAM_Init  stm32f7xx_ll_fmc.o
    0x900004a4   0x900004a4   0x00000062   Code   RO         3101    i.FMC_NORSRAM_Timing_Init  stm32f7xx_ll_fmc.o
    0x90000506   0x90000506   0x00000028   Code   RO         1032    i.HAL_DMA_Abort_IT  stm32f7xx_hal_dma.o
    0x9000052e   0x9000052e   0x00000002   PAD
    0x90000530   0x90000530   0x00000090   Code   RO         1371    i.HAL_PWREx_EnableOverDrive  stm32f7xx_hal_pwr_ex.o
    0x900005c0   0x900005c0   0x00000058   Code   RO         2975    i.HAL_SRAM_Init     stm32f7xx_hal_sram.o
    0x90000618   0x90000618   0x00000098   Code   RO         3296    i.HAL_SRAM_MspInit  lcd.o
    0x900006b0   0x900006b0   0x00000002   Code   RO         1641    i.HAL_UART_ErrorCallback  stm32f7xx_hal_uart.o
    0x900006b2   0x900006b2   0x0000000c   Code   RO         1643    i.HAL_UART_GetState  stm32f7xx_hal_uart.o
    0x900006be   0x900006be   0x00000002   PAD
    0x900006c0   0x900006c0   0x00000174   Code   RO         1644    i.HAL_UART_IRQHandler  stm32f7xx_hal_uart.o
    0x90000834   0x90000834   0x00000074   Code   RO         1645    i.HAL_UART_Init     stm32f7xx_hal_uart.o
    0x900008a8   0x900008a8   0x000000e4   Code   RO         1650    i.HAL_UART_Receive_IT  stm32f7xx_hal_uart.o
    0x9000098c   0x9000098c   0x00000002   Code   RO         1656    i.HAL_UART_TxCpltCallback  stm32f7xx_hal_uart.o
    0x9000098e   0x9000098e   0x00000004   Code   RO          291    i.HardFault_Handler  stm32f7xx_it.o
    0x90000992   0x90000992   0x00000002   PAD
    0x90000994   0x90000994   0x00000034   Code   RO         3298    i.LCD_Clear         lcd.o
    0x900009c8   0x900009c8   0x00000178   Code   RO         3302    i.LCD_Display_Dir   lcd.o
    0x90000b40   0x90000b40   0x00000114   Code   RO         3307    i.LCD_Fast_DrawPoint  lcd.o
    0x90000c54   0x90000c54   0x000026a8   Code   RO         3309    i.LCD_Init          lcd.o
    0x900032fc   0x900032fc   0x00000050   Code   RO         3310    i.LCD_MPU_Config    lcd.o
    0x9000334c   0x9000334c   0x00000014   Code   RO         3312    i.LCD_RD_DATA       lcd.o
    0x90003360   0x90003360   0x00000050   Code   RO         3315    i.LCD_SSD_BackLightSet  lcd.o
    0x900033b0   0x900033b0   0x00000280   Code   RO         3316    i.LCD_Scan_Dir      lcd.o
    0x90003630   0x90003630   0x00000144   Code   RO         3317    i.LCD_SetCursor     lcd.o
    0x90003774   0x90003774   0x0000013c   Code   RO         3319    i.LCD_ShowChar      lcd.o
    0x900038b0   0x900038b0   0x00000066   Code   RO         3321    i.LCD_ShowString    lcd.o
    0x90003916   0x90003916   0x00000002   PAD
    0x90003918   0x90003918   0x00000018   Code   RO         3323    i.LCD_WR_DATA       lcd.o
    0x90003930   0x90003930   0x00000018   Code   RO         3324    i.LCD_WR_REG        lcd.o
    0x90003948   0x90003948   0x00000014   Code   RO         3326    i.LCD_WriteRAM_Prepare  lcd.o
    0x9000395c   0x9000395c   0x00000010   Code   RO         3327    i.LCD_WriteReg      lcd.o
    0x9000396c   0x9000396c   0x00000058   Code   RO         3241    i.LED_Init          led.o
    0x900039c4   0x900039c4   0x00000002   Code   RO          292    i.NMI_Handler       stm32f7xx_it.o
    0x900039c6   0x900039c6   0x00000002   Code   RO          293    i.PendSV_Handler    stm32f7xx_it.o
    0x900039c8   0x900039c8   0x00000002   Code   RO          294    i.SVC_Handler       stm32f7xx_it.o
    0x900039ca   0x900039ca   0x00000008   Code   RO          295    i.SysTick_Handler   stm32f7xx_it.o
    0x900039d2   0x900039d2   0x000000f8   Code   RO         1658    i.UART_AdvFeatureConfig  stm32f7xx_hal_uart.o
    0x90003aca   0x90003aca   0x00000048   Code   RO         1659    i.UART_CheckIdleState  stm32f7xx_hal_uart.o
    0x90003b12   0x90003b12   0x00000018   Code   RO         1660    i.UART_DMAAbortOnError  stm32f7xx_hal_uart.o
    0x90003b2a   0x90003b2a   0x00000022   Code   RO         1670    i.UART_EndRxTransfer  stm32f7xx_hal_uart.o
    0x90003b4c   0x90003b4c   0x00000020   Code   RO         1671    i.UART_EndTransmit_IT  stm32f7xx_hal_uart.o
    0x90003b6c   0x90003b6c   0x0000006c   Code   RO         1673    i.UART_RxISR_16BIT  stm32f7xx_hal_uart.o
    0x90003bd8   0x90003bd8   0x00000068   Code   RO         1674    i.UART_RxISR_8BIT   stm32f7xx_hal_uart.o
    0x90003c40   0x90003c40   0x000003a4   Code   RO         1675    i.UART_SetConfig    stm32f7xx_hal_uart.o
    0x90003fe4   0x90003fe4   0x00000068   Code   RO         1678    i.UART_WaitOnFlagUntilTimeout  stm32f7xx_hal_uart.o
    0x9000404c   0x9000404c   0x00000004   Code   RO          296    i.UsageFault_Handler  stm32f7xx_it.o
    0x90004050   0x90004050   0x0000000e   Code   RO         3569    i._is_digit         c_w.l(__printf_wp.o)
    0x9000405e   0x9000405e   0x00004740   Data   RO         3330    .constdata          lcd.o
    0x9000879e   0x9000879e   0x00000028   Data   RO         3542    .constdata          c_w.l(_printf_hex_int.o)
    0x900087c6   0x900087c6   0x00000011   Data   RO         3572    .constdata          c_w.l(__printf_flags_wp.o)


==============================================================================

Image component sizes


      Code (inc. data)   RO Data    RW Data    ZI Data      Debug   Object Name

       116          8          0          4          0       2607   delay.o
     12398        186      18240          8         90      22592   lcd.o
        88         10          0          0          0       1187   led.o
       428         94          0          0          0     809443   main.o
        64         26        456          0       1536        952   startup_stm32f750xx.o
       154         32          0          9          0       9911   stm32f7xx_hal.o
       538         38          0          0          0      40123   stm32f7xx_hal_cortex.o
        40          0          0          0          0       1367   stm32f7xx_hal_dma.o
       566         52          0          0          0       3517   stm32f7xx_hal_gpio.o
       144          8          0          0          0       1504   stm32f7xx_hal_pwr_ex.o
      1856         70          0          0          0       6392   stm32f7xx_hal_rcc.o
        88          0          0          0          0       1436   stm32f7xx_hal_sram.o
      2390         64          0          0          0      13744   stm32f7xx_hal_uart.o
        28          0          0          0          0       4910   stm32f7xx_it.o
       298         10          0          0          0       3264   stm32f7xx_ll_fmc.o
      1092         64          0          0          0      35950   sys.o
       100         18         24          4          0       1591   system_stm32f7xx.o
       452         60          0          7        328       6737   usart.o

    ----------------------------------------------------------------------
     21092        740      18754         36       1956     967227   Object Totals
       240          0         32          0          0          0   (incl. Generated)
        12          0          2          4          2          0   (incl. Padding)

    ----------------------------------------------------------------------

      Code (inc. data)   RO Data    RW Data    ZI Data      Debug   Library Member Name

         8          0          0          0          0         68   __main.o
       312          4         17          0          0         92   __printf_flags_wp.o
        14          0          0          0          0         68   __printf_wp.o
         0          0          0          0          0          0   __rtentry.o
        12          0          0          0          0          0   __rtentry2.o
         6          0          0          0          0          0   __rtentry4.o
        52          8          0          0          0          0   __scatter.o
        26          0          0          0          0          0   __scatter_copy.o
        28          0          0          0          0          0   __scatter_zi.o
        48          6          0          0          0         96   _printf_char_common.o
        36          4          0          0          0         80   _printf_char_file.o
        88          4         40          0          0         88   _printf_hex_int.o
       178          0          0          0          0         88   _printf_intcommon.o
        78          0          0          0          0        108   _printf_pad.o
         0          0          0          0          0          0   _printf_percent.o
         4          0          0          0          0          0   _printf_percent_end.o
         6          0          0          0          0          0   _printf_x.o
        10          0          0          0          0         68   _sputc.o
        18          0          0          0          0         80   exit.o
         8          0          0          0          0         68   ferror.o
         6          0          0          0          0        152   heapauxi.o
         2          0          0          0          0          0   libinit.o
         6          0          0          0          0          0   libinit2.o
         2          0          0          0          0          0   libshutdown.o
         2          0          0          0          0          0   libshutdown2.o
         8          4          0          0         96         68   libspace.o
       238          0          0          0          0        100   lludivv7m.o
        24          4          0          0          0         84   noretval__2printf.o
        40          6          0          0          0         84   noretval__2sprintf.o
         2          0          0          0          0          0   rtexit.o
        10          0          0          0          0          0   rtexit2.o
        74          0          0          0          0         80   sys_stackheap_outer.o
         2          0          0          0          0         68   use_no_semi.o
         2          0          0          0          0         68   use_no_semi_2.o
        10          0          0          0          0        116   fpinit.o

    ----------------------------------------------------------------------
      1372         40         58          0         96       1724   Library Totals
        12          0          1          0          0          0   (incl. Padding)

    ----------------------------------------------------------------------

      Code (inc. data)   RO Data    RW Data    ZI Data      Debug   Library Name

      1350         40         57          0         96       1608   c_w.l
        10          0          0          0          0        116   fz_wv.l

    ----------------------------------------------------------------------
      1372         40         58          0         96       1724   Library Totals

    ----------------------------------------------------------------------

==============================================================================


      Code (inc. data)   RO Data    RW Data    ZI Data      Debug   

     22464        780      18812         36       2052     960571   Grand Totals
     22464        780      18812         36       2052     960571   ELF Image Totals
     22464        780      18812         36          0          0   ROM Totals

==============================================================================

    Total RO  Size (Code + RO Data)                41276 (  40.31kB)
    Total RW  Size (RW Data + ZI Data)              2088 (   2.04kB)
    Total ROM Size (Code + RO Data + RW Data)      41312 (  40.34kB)

==============================================================================

