<html>
<body>
<pre>
<h1>礦ision Build Log</h1>
<h2>Tool Versions:</h2>
IDE-Version: μVision V5.24.2.0
Copyright (C) 2017 ARM Ltd and ARM Germany GmbH. All rights reserved.
License Information: 1 liangyishi, 1, LIC=03C6R-KPU0P-KP8ZY-I6QZ8-8MH3T-E693V
 
Tool Versions:
Toolchain:       MDK-ARM Plus  Version: 5.24.1
Toolchain Path:  C:\Keil_v5\ARM\ARMCC\Bin
C Compiler:      Armcc.exe V5.06 update 5 (build 528)
Assembler:       Armasm.exe V5.06 update 5 (build 528)
Linker/Locator:  ArmLink.exe V5.06 update 5 (build 528)
Library Manager: ArmAr.exe V5.06 update 5 (build 528)
Hex Converter:   FromElf.exe V5.06 update 5 (build 528)
CPU DLL:         SARMCM3.DLL V5.24.1
Dialog DLL:      DCM.DLL V1.16.0.0
Target DLL:      UL2CM3.DLL V1.160.3.0
Dialog DLL:      TCM.DLL V1.32.0.0
 
<h2>Project:</h2>
E:\902项目_杨脪\热成像仪\【正点原子】OV5640单目摄像头模块\【正点原子】OV5640单目摄像头模块资料（新资料）\【正点原子】OV5640单目摄像头模块资料（新资料）\2，程序源码\32H750源码\MiniSTM32H750开发板\Projects\MDK-ARM\atk_h750.uvprojx
Project File Date:  10/30/2024

<h2>Output:</h2>
*** Using Compiler 'V5.06 update 5 (build 528)', folder: 'C:\Keil_v5\ARM\ARMCC\Bin'
Build target 'ATK-MC5640'
compiling system_stm32h7xx.c...
compiling delay.c...
compiling usart.c...
compiling sys.c...
compiling stm32h7xx_hal_cortex.c...
compiling stm32h7xx_hal_gpio.c...
compiling demo.c...
compiling stm32h7xx_hal.c...
compiling stm32h7xx_hal_pwr.c...
compiling stm32h7xx_hal_dma_ex.c...
compiling stm32h7xx_hal_pwr_ex.c...
compiling stm32h7xx_hal_rcc.c...
compiling stm32h7xx_hal_dma.c...
compiling stm32h7xx_hal_rcc_ex.c...
compiling stm32h7xx_hal_uart.c...
compiling stm32h7xx_hal_uart_ex.c...
compiling stm32h7xx_hal_usart.c...
compiling stm32h7xx_hal_usart_ex.c...
compiling stm32h7xx_hal_mdma.c...
compiling stm32h7xx_hal_sram.c...
compiling stm32h7xx_hal_tim_ex.c...
compiling stm32h7xx_ll_fmc.c...
compiling key.c...
compiling led.c...
compiling stm32h7xx_hal_dcmi.c...
compiling stm32h7xx_hal_tim.c...
compiling lcd.c...
compiling mpu.c...
compiling atk_mc5640_dcmi.c...
compiling atk_mc5640_sccb.c...
linking...
Program Size: Code=55530 RO-data=24254 RW-data=40 ZI-data=3304  
FromELF: creating hex file...
"..\..\Output\atk_h750.axf" - 0 Error(s), 0 Warning(s).

<h2>Software Packages used:</h2>

Package Vendor: Keil
                https://www.keil.com/pack/Keil.STM32H7xx_DFP.3.1.1.pack
                Keil.STM32H7xx_DFP.3.1.1
                STMicroelectronics STM32H7 Series Device Support and Examples

<h2>Collection of Component include folders:</h2>
  .\RTE\_ATK-MC5640
  C:\Keil_v5\ARM\PACK\Keil\STM32H7xx_DFP\3.1.1\Drivers\CMSIS\Device\ST\STM32H7xx\Include

<h2>Collection of Component Files used:</h2>
Build Time Elapsed:  00:00:07
</pre>
</body>
</html>
