Component: ARM Compiler 5.06 update 5 (build 528) Tool: armlink [4d35e2]

==============================================================================

Section Cross References

    startup_stm32h750xx.o(STACK) refers (Special) to heapauxi.o(.text) for __use_two_region_memory
    startup_stm32h750xx.o(HEAP) refers (Special) to heapauxi.o(.text) for __use_two_region_memory
    startup_stm32h750xx.o(RESET) refers (Special) to heapauxi.o(.text) for __use_two_region_memory
    startup_stm32h750xx.o(RESET) refers to startup_stm32h750xx.o(STACK) for __initial_sp
    startup_stm32h750xx.o(RESET) refers to startup_stm32h750xx.o(.text) for Reset_Handler
    startup_stm32h750xx.o(RESET) refers to stm32h7xx_it.o(i.NMI_Handler) for NMI_Handler
    startup_stm32h750xx.o(RESET) refers to stm32h7xx_it.o(i.HardFault_Handler) for HardFault_Handler
    startup_stm32h750xx.o(RESET) refers to mpu.o(i.MemManage_Handler) for MemManage_Handler
    startup_stm32h750xx.o(RESET) refers to stm32h7xx_it.o(i.BusFault_Handler) for BusFault_Handler
    startup_stm32h750xx.o(RESET) refers to stm32h7xx_it.o(i.UsageFault_Handler) for UsageFault_Handler
    startup_stm32h750xx.o(RESET) refers to stm32h7xx_it.o(i.SVC_Handler) for SVC_Handler
    startup_stm32h750xx.o(RESET) refers to stm32h7xx_it.o(i.DebugMon_Handler) for DebugMon_Handler
    startup_stm32h750xx.o(RESET) refers to stm32h7xx_it.o(i.PendSV_Handler) for PendSV_Handler
    startup_stm32h750xx.o(RESET) refers to stm32h7xx_it.o(i.SysTick_Handler) for SysTick_Handler
    startup_stm32h750xx.o(RESET) refers to usart.o(i.USART1_IRQHandler) for USART1_IRQHandler
    startup_stm32h750xx.o(.text) refers (Special) to heapauxi.o(.text) for __use_two_region_memory
    startup_stm32h750xx.o(.text) refers to system_stm32h7xx.o(i.SystemInit) for SystemInit
    startup_stm32h750xx.o(.text) refers to __main.o(!!!main) for __main
    startup_stm32h750xx.o(.text) refers to startup_stm32h750xx.o(HEAP) for Heap_Mem
    startup_stm32h750xx.o(.text) refers to startup_stm32h750xx.o(STACK) for Stack_Mem
    main.o(i.main) refers to sys.o(i.sys_cache_enable) for sys_cache_enable
    main.o(i.main) refers to stm32h7xx_hal.o(i.HAL_Init) for HAL_Init
    main.o(i.main) refers to sys.o(i.sys_stm32_clock_init) for sys_stm32_clock_init
    main.o(i.main) refers to delay.o(i.delay_init) for delay_init
    main.o(i.main) refers to usart.o(i.usart_init) for usart_init
    main.o(i.main) refers to mpu.o(i.mpu_memory_protection) for mpu_memory_protection
    main.o(i.main) refers to main.o(i.show_mesg) for show_mesg
    main.o(i.main) refers to mlx90640.o(i.MLX90640_Init) for MLX90640_Init
    main.o(i.main) refers to lcd.o(i.LCD_Init) for LCD_Init
    main.o(i.main) refers to lcd.o(i.LCD_Clear) for LCD_Clear
    main.o(i.main) refers to mlx90640.o(i.Mlx90640_Get_Frame) for Mlx90640_Get_Frame
    main.o(i.main) refers to lcd.o(i.LCD_Fill) for LCD_Fill
    main.o(i.show_mesg) refers to noretval__2printf.o(.text) for __2printf
    stm32h7xx_it.o(i.SysTick_Handler) refers to stm32h7xx_hal.o(i.HAL_IncTick) for HAL_IncTick
    system_stm32h7xx.o(i.SystemCoreClockUpdate) refers to system_stm32h7xx.o(.data) for SystemCoreClock
    system_stm32h7xx.o(i.SystemCoreClockUpdate) refers to system_stm32h7xx.o(.constdata) for D1CorePrescTable
    demo.o(i.demo_rotate) refers to cos.o(i.__hardfp_cos) for __hardfp_cos
    demo.o(i.demo_rotate) refers to sin.o(i.__hardfp_sin) for __hardfp_sin
    demo.o(i.demo_rotate) refers to demo.o(i.demo_matconv) for demo_matconv
    demo.o(i.demo_run) refers to atk_md0430.o(i.atk_md0430_init) for atk_md0430_init
    demo.o(i.demo_run) refers to noretval__2printf.o(.text) for __2printf
    demo.o(i.demo_run) refers to stm32h7xx_hal_gpio.o(i.HAL_GPIO_TogglePin) for HAL_GPIO_TogglePin
    demo.o(i.demo_run) refers to delay.o(i.delay_ms) for delay_ms
    demo.o(i.demo_run) refers to atk_md0430.o(i.atk_md0430_clear) for atk_md0430_clear
    demo.o(i.demo_run) refers to atk_md0430.o(i.atk_md0430_show_string) for atk_md0430_show_string
    demo.o(i.demo_run) refers to demo.o(i.demo_show_cube) for demo_show_cube
    demo.o(i.demo_show_cube) refers to atk_md0430_touch.o(i.atk_md0430_touch_scan) for atk_md0430_touch_scan
    demo.o(i.demo_show_cube) refers to atk_md0430.o(i.atk_md0430_get_lcd_width) for atk_md0430_get_lcd_width
    demo.o(i.demo_show_cube) refers to atk_md0430.o(i.atk_md0430_get_lcd_height) for atk_md0430_get_lcd_height
    demo.o(i.demo_show_cube) refers to demo.o(i.demo_rotate) for demo_rotate
    demo.o(i.demo_show_cube) refers to atk_md0430.o(i.atk_md0430_draw_line) for atk_md0430_draw_line
    demo.o(i.demo_show_cube) refers to delay.o(i.delay_ms) for delay_ms
    demo.o(i.demo_show_cube) refers to atk_md0430.o(i.atk_md0430_fill) for atk_md0430_fill
    demo.o(i.demo_show_cube) refers to demo.o(.data) for point
    delay.o(i.delay_init) refers to stm32h7xx_hal_cortex.o(i.HAL_SYSTICK_CLKSourceConfig) for HAL_SYSTICK_CLKSourceConfig
[...]
    $v0                                      0x0800a224   Number         0  dcheck1.o(x$fpl$dcheck1)
    x$fpl$fpinit                             0x0800a234   Section       10  fpinit.o(x$fpl$fpinit)
    $v0                                      0x0800a234   Number         0  fpinit.o(x$fpl$fpinit)
    x$fpl$printf1                            0x0800a23e   Section        4  printf1.o(x$fpl$printf1)
    $v0                                      0x0800a23e   Number         0  printf1.o(x$fpl$printf1)
    x$fpl$retnan                             0x0800a242   Section      100  retnan.o(x$fpl$retnan)
    $v0                                      0x0800a242   Number         0  retnan.o(x$fpl$retnan)
    x$fpl$scalbn                             0x0800a2a6   Section       92  scalbn.o(x$fpl$scalbn)
    $v0                                      0x0800a2a6   Number         0  scalbn.o(x$fpl$scalbn)
    x$fpl$trapveneer                         0x0800a302   Section       48  trapv.o(x$fpl$trapveneer)
    $v0                                      0x0800a302   Number         0  trapv.o(x$fpl$trapveneer)
    .constdata                               0x0800a332   Section       16  system_stm32h7xx.o(.constdata)
    x$fpl$usenofp                            0x0800a332   Section        0  usenofp.o(x$fpl$usenofp)
    .constdata                               0x0800a348   Section      136  pow.o(.constdata)
    bp                                       0x0800a348   Data          16  pow.o(.constdata)
    dp_h                                     0x0800a358   Data          16  pow.o(.constdata)
    dp_l                                     0x0800a368   Data          16  pow.o(.constdata)
    L                                        0x0800a378   Data          48  pow.o(.constdata)
    P                                        0x0800a3a8   Data          40  pow.o(.constdata)
    .constdata                               0x0800a3d0   Section        8  qnan.o(.constdata)
    .constdata                               0x0800a3d8   Section      148  bigflt0.o(.constdata)
    tenpwrs_x                                0x0800a3d8   Data          60  bigflt0.o(.constdata)
    tenpwrs_i                                0x0800a414   Data          64  bigflt0.o(.constdata)
    locale$$data                             0x0800a48c   Section       28  lc_numeric_c.o(locale$$data)
    __lcnum_c_name                           0x0800a490   Data           2  lc_numeric_c.o(locale$$data)
    __lcnum_c_start                          0x0800a498   Data           0  lc_numeric_c.o(locale$$data)
    __lcnum_c_point                          0x0800a4a4   Data           0  lc_numeric_c.o(locale$$data)
    __lcnum_c_thousands                      0x0800a4a6   Data           0  lc_numeric_c.o(locale$$data)
    __lcnum_c_grouping                       0x0800a4a7   Data           0  lc_numeric_c.o(locale$$data)
    __lcnum_c_end                            0x0800a4a8   Data           0  lc_numeric_c.o(locale$$data)
    .ARM.__AT_0x24000000                     0x24000000   Section       20  mlx90640.o(.ARM.__AT_0x24000000)
    .data                                    0x24000014   Section        8  system_stm32h7xx.o(.data)
    .data                                    0x2400001c   Section        4  delay.o(.data)
    g_fac_us                                 0x2400001c   Data           4  delay.o(.data)
    .data                                    0x24000020   Section        7  usart.o(.data)
    .data                                    0x24000028   Section        9  stm32h7xx_hal.o(.data)
    .data                                    0x24000034   Section        6  mlx90640_swi2c_driver.o(.data)
    dataCheck                                0x24000038   Data           2  mlx90640_swi2c_driver.o(.data)
    .data                                    0x2400003c   Section       40  mlx90640.o(.data)
    .bss                                     0x24000064   Section       14  lcd.o(.bss)
    .bss                                     0x24000074   Section      136  spi.o(.bss)
    .bss                                     0x240000fc   Section       96  libspace.o(.bss)
    .ARM.__AT_0x24000170                     0x24000170   Section       20  mlx90640.o(.ARM.__AT_0x24000170)
    .bss                                     0x24000184   Section      340  usart.o(.bss)
    HEAP                                     0x240002d8   Section      512  startup_stm32h750xx.o(HEAP)
    Heap_Mem                                 0x240002d8   Data         512  startup_stm32h750xx.o(HEAP)
    .ARM.__AT_0x24000500                     0x24000500   Section     1536  mlx90640.o(.ARM.__AT_0x24000500)
    .bss                                     0x24000b00   Section    43036  mlx90640.o(.bss)
    mlx90640_disp_buf                        0x24002178   Data        1536  mlx90640.o(.bss)
    mlx90640_temp_buf                        0x24002778   Data          50  mlx90640.o(.bss)
    mlx90640_lcd_buf                         0x240027aa   Data         200  mlx90640.o(.bss)
    mlx90640_line_buf                        0x24002872   Data        6200  mlx90640.o(.bss)
    STACK                                    0x2400b320   Section     2048  startup_stm32h750xx.o(STACK)
    Stack_Mem                                0x2400b320   Data        2048  startup_stm32h750xx.o(STACK)
    __initial_sp                             0x2400bb20   Data           0  startup_stm32h750xx.o(STACK)

    Global Symbols

    Symbol Name                              Value     Ov Type        Size  Object(Section)

    BuildAttributes$$THM_ISAv4$E$P$D$K$B$S$7EM$VFPv5_D16$PE$PLD8$A:L22UL41UL21$X:L11$S22US41US21$IEEE1$IW$USESV6$~STKCKD$USESV7$~SHL$OTIME$ROPI$IEEEX$EBA8$UX$STANDARDLIB$REQ8$PRES8$EABIv2 0x00000000   Number         0  anon$$obj.o ABSOLUTE
    __ARM_use_no_argv                        0x00000000   Number         0  main.o ABSOLUTE
    __ARM_exceptions_init                     - Undefined Weak Reference
    __alloca_initialize                       - Undefined Weak Reference
    __arm_preinit_                            - Undefined Weak Reference
    __cpp_initialize__aeabi_                  - Undefined Weak Reference
    __cxa_finalize                            - Undefined Weak Reference
    __sigvec_lookup                           - Undefined Weak Reference
    _atexit_init                              - Undefined Weak Reference
    _call_atexit_fns                          - Undefined Weak Reference
    _clock_init                               - Undefined Weak Reference
    _fp_trap_init                             - Undefined Weak Reference
    _fp_trap_shutdown                         - Undefined Weak Reference
    _get_lc_collate                           - Undefined Weak Reference
    _get_lc_ctype                             - Undefined Weak Reference
    _get_lc_monetary                          - Undefined Weak Reference
    _get_lc_time                              - Undefined Weak Reference
    _getenv_init                              - Undefined Weak Reference
    _handle_redirection                       - Undefined Weak Reference
    _init_alloc                               - Undefined Weak Reference
    _init_user_alloc                          - Undefined Weak Reference
    _initio                                   - Undefined Weak Reference
    _mutex_acquire                            - Undefined Weak Reference
    _mutex_release                            - Undefined Weak Reference
    _printf_post_padding                      - Undefined Weak Reference
    _printf_pre_padding                       - Undefined Weak Reference
    _printf_truncate_signed                   - Undefined Weak Reference
    _printf_truncate_unsigned                 - Undefined Weak Reference
    _rand_init                                - Undefined Weak Reference
    _signal_finish                            - Undefined Weak Reference
    _signal_init                              - Undefined Weak Reference
    _terminate_alloc                          - Undefined Weak Reference
    _terminate_user_alloc                     - Undefined Weak Reference
    _terminateio                              - Undefined Weak Reference
    __Vectors_Size                           0x00000298   Number         0  startup_stm32h750xx.o ABSOLUTE
    __Vectors                                0x08000000   Data           4  startup_stm32h750xx.o(RESET)
    __Vectors_End                            0x08000298   Data           0  startup_stm32h750xx.o(RESET)
    __main                                   0x08000299   Thumb Code     8  __main.o(!!!main)
    __scatterload                            0x080002a1   Thumb Code     0  __scatter.o(!!!scatter)
    __scatterload_rt2                        0x080002a1   Thumb Code    44  __scatter.o(!!!scatter)
    __scatterload_rt2_thumb_only             0x080002a1   Thumb Code     0  __scatter.o(!!!scatter)
    __scatterload_null                       0x080002af   Thumb Code     0  __scatter.o(!!!scatter)
    __scatterload_copy                       0x080002d5   Thumb Code    26  __scatter_copy.o(!!handler_copy)
    __scatterload_zeroinit                   0x080002f1   Thumb Code    28  __scatter_zi.o(!!handler_zi)
    _printf_f                                0x0800030d   Thumb Code     0  _printf_f.o(.ARM.Collect$$_printf_percent$$00000003)
    _printf_percent                          0x0800030d   Thumb Code     0  _printf_percent.o(.ARM.Collect$$_printf_percent$$00000000)
    _printf_d                                0x08000313   Thumb Code     0  _printf_d.o(.ARM.Collect$$_printf_percent$$00000009)
    _printf_percent_end                      0x08000319   Thumb Code     0  _printf_percent_end.o(.ARM.Collect$$_printf_percent$$00000017)
    __rt_lib_init                            0x0800031d   Thumb Code     0  libinit.o(.ARM.Collect$$libinit$$00000000)
    __rt_lib_init_fp_1                       0x0800031f   Thumb Code     0  libinit2.o(.ARM.Collect$$libinit$$00000001)
    __rt_lib_init_heap_1                     0x08000323   Thumb Code     0  libinit2.o(.ARM.Collect$$libinit$$0000000A)
    __rt_lib_init_lc_common                  0x08000323   Thumb Code     0  libinit2.o(.ARM.Collect$$libinit$$0000000F)
    __rt_lib_init_preinit_1                  0x08000323   Thumb Code     0  libinit2.o(.ARM.Collect$$libinit$$00000004)
    __rt_lib_init_rand_1                     0x08000323   Thumb Code     0  libinit2.o(.ARM.Collect$$libinit$$0000000E)
    __rt_lib_init_user_alloc_1               0x08000323   Thumb Code     0  libinit2.o(.ARM.Collect$$libinit$$0000000C)
    __rt_lib_init_lc_collate_1               0x08000329   Thumb Code     0  libinit2.o(.ARM.Collect$$libinit$$00000011)
    __rt_lib_init_lc_ctype_1                 0x08000329   Thumb Code     0  libinit2.o(.ARM.Collect$$libinit$$00000013)
    __rt_lib_init_lc_monetary_1              0x08000329   Thumb Code     0  libinit2.o(.ARM.Collect$$libinit$$00000015)
    __rt_lib_init_lc_numeric_2               0x08000329   Thumb Code     0  libinit2.o(.ARM.Collect$$libinit$$00000016)
    __rt_lib_init_alloca_1                   0x08000333   Thumb Code     0  libinit2.o(.ARM.Collect$$libinit$$0000002E)
    __rt_lib_init_argv_1                     0x08000333   Thumb Code     0  libinit2.o(.ARM.Collect$$libinit$$0000002C)
    __rt_lib_init_atexit_1                   0x08000333   Thumb Code     0  libinit2.o(.ARM.Collect$$libinit$$0000001B)
    __rt_lib_init_clock_1                    0x08000333   Thumb Code     0  libinit2.o(.ARM.Collect$$libinit$$00000021)
    __rt_lib_init_cpp_1                      0x08000333   Thumb Code     0  libinit2.o(.ARM.Collect$$libinit$$00000032)
    __rt_lib_init_exceptions_1               0x08000333   Thumb Code     0  libinit2.o(.ARM.Collect$$libinit$$00000030)
    __rt_lib_init_fp_trap_1                  0x08000333   Thumb Code     0  libinit2.o(.ARM.Collect$$libinit$$0000001F)
    __rt_lib_init_getenv_1                   0x08000333   Thumb Code     0  libinit2.o(.ARM.Collect$$libinit$$00000023)
    __rt_lib_init_lc_numeric_1               0x08000333   Thumb Code     0  libinit2.o(.ARM.Collect$$libinit$$00000017)
    __rt_lib_init_lc_time_1                  0x08000333   Thumb Code     0  libinit2.o(.ARM.Collect$$libinit$$00000019)
    __rt_lib_init_return                     0x08000333   Thumb Code     0  libinit2.o(.ARM.Collect$$libinit$$00000033)
    __rt_lib_init_signal_1                   0x08000333   Thumb Code     0  libinit2.o(.ARM.Collect$$libinit$$0000001D)
    __rt_lib_init_stdio_1                    0x08000333   Thumb Code     0  libinit2.o(.ARM.Collect$$libinit$$00000025)
    __rt_lib_shutdown                        0x08000335   Thumb Code     0  libshutdown.o(.ARM.Collect$$libshutdown$$00000000)
    __rt_lib_shutdown_cpp_1                  0x08000337   Thumb Code     0  libshutdown2.o(.ARM.Collect$$libshutdown$$00000002)
    __rt_lib_shutdown_fp_trap_1              0x08000337   Thumb Code     0  libshutdown2.o(.ARM.Collect$$libshutdown$$00000007)
    __rt_lib_shutdown_heap_1                 0x08000337   Thumb Code     0  libshutdown2.o(.ARM.Collect$$libshutdown$$0000000F)
    __rt_lib_shutdown_return                 0x08000337   Thumb Code     0  libshutdown2.o(.ARM.Collect$$libshutdown$$00000010)
    __rt_lib_shutdown_signal_1               0x08000337   Thumb Code     0  libshutdown2.o(.ARM.Collect$$libshutdown$$0000000A)
    __rt_lib_shutdown_stdio_1                0x08000337   Thumb Code     0  libshutdown2.o(.ARM.Collect$$libshutdown$$00000004)
    __rt_lib_shutdown_user_alloc_1           0x08000337   Thumb Code     0  libshutdown2.o(.ARM.Collect$$libshutdown$$0000000C)
    __rt_entry                               0x08000339   Thumb Code     0  __rtentry.o(.ARM.Collect$$rtentry$$00000000)
    __rt_entry_presh_1                       0x08000339   Thumb Code     0  __rtentry2.o(.ARM.Collect$$rtentry$$00000002)
    __rt_entry_sh                            0x08000339   Thumb Code     0  __rtentry4.o(.ARM.Collect$$rtentry$$00000004)
    __rt_entry_li                            0x0800033f   Thumb Code     0  __rtentry2.o(.ARM.Collect$$rtentry$$0000000A)
    __rt_entry_postsh_1                      0x0800033f   Thumb Code     0  __rtentry2.o(.ARM.Collect$$rtentry$$00000009)
    __rt_entry_main                          0x08000343   Thumb Code     0  __rtentry2.o(.ARM.Collect$$rtentry$$0000000D)
    __rt_entry_postli_1                      0x08000343   Thumb Code     0  __rtentry2.o(.ARM.Collect$$rtentry$$0000000C)
    __rt_exit                                0x0800034b   Thumb Code     0  rtexit.o(.ARM.Collect$$rtexit$$00000000)
    __rt_exit_ls                             0x0800034d   Thumb Code     0  rtexit2.o(.ARM.Collect$$rtexit$$00000003)
    __rt_exit_prels_1                        0x0800034d   Thumb Code     0  rtexit2.o(.ARM.Collect$$rtexit$$00000002)
    __rt_exit_exit                           0x08000351   Thumb Code     0  rtexit2.o(.ARM.Collect$$rtexit$$00000004)
    Reset_Handler                            0x08000359   Thumb Code     8  startup_stm32h750xx.o(.text)
    ADC3_IRQHandler                          0x08000373   Thumb Code     0  startup_stm32h750xx.o(.text)
    ADC_IRQHandler                           0x08000373   Thumb Code     0  startup_stm32h750xx.o(.text)
    BDMA_Channel0_IRQHandler                 0x08000373   Thumb Code     0  startup_stm32h750xx.o(.text)
    BDMA_Channel1_IRQHandler                 0x08000373   Thumb Code     0  startup_stm32h750xx.o(.text)
    BDMA_Channel2_IRQHandler                 0x08000373   Thumb Code     0  startup_stm32h750xx.o(.text)
    BDMA_Channel3_IRQHandler                 0x08000373   Thumb Code     0  startup_stm32h750xx.o(.text)
    BDMA_Channel4_IRQHandler                 0x08000373   Thumb Code     0  startup_stm32h750xx.o(.text)
    BDMA_Channel5_IRQHandler                 0x08000373   Thumb Code     0  startup_stm32h750xx.o(.text)
    BDMA_Channel6_IRQHandler                 0x08000373   Thumb Code     0  startup_stm32h750xx.o(.text)
    BDMA_Channel7_IRQHandler                 0x08000373   Thumb Code     0  startup_stm32h750xx.o(.text)
    CEC_IRQHandler                           0x08000373   Thumb Code     0  startup_stm32h750xx.o(.text)
    COMP1_IRQHandler                         0x08000373   Thumb Code     0  startup_stm32h750xx.o(.text)
    CRS_IRQHandler                           0x08000373   Thumb Code     0  startup_stm32h750xx.o(.text)
    CRYP_IRQHandler                          0x08000373   Thumb Code     0  startup_stm32h750xx.o(.text)
    DCMI_IRQHandler                          0x08000373   Thumb Code     0  startup_stm32h750xx.o(.text)
    DFSDM1_FLT0_IRQHandler                   0x08000373   Thumb Code     0  startup_stm32h750xx.o(.text)
    DFSDM1_FLT1_IRQHandler                   0x08000373   Thumb Code     0  startup_stm32h750xx.o(.text)
    DFSDM1_FLT2_IRQHandler                   0x08000373   Thumb Code     0  startup_stm32h750xx.o(.text)
    DFSDM1_FLT3_IRQHandler                   0x08000373   Thumb Code     0  startup_stm32h750xx.o(.text)
    DMA1_Stream0_IRQHandler                  0x08000373   Thumb Code     0  startup_stm32h750xx.o(.text)
    DMA1_Stream1_IRQHandler                  0x08000373   Thumb Code     0  startup_stm32h750xx.o(.text)
    DMA1_Stream2_IRQHandler                  0x08000373   Thumb Code     0  startup_stm32h750xx.o(.text)
    DMA1_Stream3_IRQHandler                  0x08000373   Thumb Code     0  startup_stm32h750xx.o(.text)
    DMA1_Stream4_IRQHandler                  0x08000373   Thumb Code     0  startup_stm32h750xx.o(.text)
    DMA1_Stream5_IRQHandler                  0x08000373   Thumb Code     0  startup_stm32h750xx.o(.text)
    DMA1_Stream6_IRQHandler                  0x08000373   Thumb Code     0  startup_stm32h750xx.o(.text)
    DMA1_Stream7_IRQHandler                  0x08000373   Thumb Code     0  startup_stm32h750xx.o(.text)
    DMA2D_IRQHandler                         0x08000373   Thumb Code     0  startup_stm32h750xx.o(.text)
    DMA2_Stream0_IRQHandler                  0x08000373   Thumb Code     0  startup_stm32h750xx.o(.text)
    DMA2_Stream1_IRQHandler                  0x08000373   Thumb Code     0  startup_stm32h750xx.o(.text)
    DMA2_Stream2_IRQHandler                  0x08000373   Thumb Code     0  startup_stm32h750xx.o(.text)
    DMA2_Stream3_IRQHandler                  0x08000373   Thumb Code     0  startup_stm32h750xx.o(.text)
    DMA2_Stream4_IRQHandler                  0x08000373   Thumb Code     0  startup_stm32h750xx.o(.text)
    DMA2_Stream5_IRQHandler                  0x08000373   Thumb Code     0  startup_stm32h750xx.o(.text)
    DMA2_Stream6_IRQHandler                  0x08000373   Thumb Code     0  startup_stm32h750xx.o(.text)
    DMA2_Stream7_IRQHandler                  0x08000373   Thumb Code     0  startup_stm32h750xx.o(.text)
    DMAMUX1_OVR_IRQHandler                   0x08000373   Thumb Code     0  startup_stm32h750xx.o(.text)
    DMAMUX2_OVR_IRQHandler                   0x08000373   Thumb Code     0  startup_stm32h750xx.o(.text)
    ECC_IRQHandler                           0x08000373   Thumb Code     0  startup_stm32h750xx.o(.text)
    ETH_IRQHandler                           0x08000373   Thumb Code     0  startup_stm32h750xx.o(.text)
    ETH_WKUP_IRQHandler                      0x08000373   Thumb Code     0  startup_stm32h750xx.o(.text)
    EXTI0_IRQHandler                         0x08000373   Thumb Code     0  startup_stm32h750xx.o(.text)
    EXTI15_10_IRQHandler                     0x08000373   Thumb Code     0  startup_stm32h750xx.o(.text)
    EXTI1_IRQHandler                         0x08000373   Thumb Code     0  startup_stm32h750xx.o(.text)
    EXTI2_IRQHandler                         0x08000373   Thumb Code     0  startup_stm32h750xx.o(.text)
    EXTI3_IRQHandler                         0x08000373   Thumb Code     0  startup_stm32h750xx.o(.text)
    EXTI4_IRQHandler                         0x08000373   Thumb Code     0  startup_stm32h750xx.o(.text)
    EXTI9_5_IRQHandler                       0x08000373   Thumb Code     0  startup_stm32h750xx.o(.text)
    FDCAN1_IT0_IRQHandler                    0x08000373   Thumb Code     0  startup_stm32h750xx.o(.text)
    FDCAN1_IT1_IRQHandler                    0x08000373   Thumb Code     0  startup_stm32h750xx.o(.text)
    FDCAN2_IT0_IRQHandler                    0x08000373   Thumb Code     0  startup_stm32h750xx.o(.text)
    FDCAN2_IT1_IRQHandler                    0x08000373   Thumb Code     0  startup_stm32h750xx.o(.text)
    FDCAN_CAL_IRQHandler                     0x08000373   Thumb Code     0  startup_stm32h750xx.o(.text)
    FLASH_IRQHandler                         0x08000373   Thumb Code     0  startup_stm32h750xx.o(.text)
    FMC_IRQHandler                           0x08000373   Thumb Code     0  startup_stm32h750xx.o(.text)
    FPU_IRQHandler                           0x08000373   Thumb Code     0  startup_stm32h750xx.o(.text)
    HASH_RNG_IRQHandler                      0x08000373   Thumb Code     0  startup_stm32h750xx.o(.text)
    HRTIM1_FLT_IRQHandler                    0x08000373   Thumb Code     0  startup_stm32h750xx.o(.text)
    HRTIM1_Master_IRQHandler                 0x08000373   Thumb Code     0  startup_stm32h750xx.o(.text)
    HRTIM1_TIMA_IRQHandler                   0x08000373   Thumb Code     0  startup_stm32h750xx.o(.text)
    HRTIM1_TIMB_IRQHandler                   0x08000373   Thumb Code     0  startup_stm32h750xx.o(.text)
    HRTIM1_TIMC_IRQHandler                   0x08000373   Thumb Code     0  startup_stm32h750xx.o(.text)
    HRTIM1_TIMD_IRQHandler                   0x08000373   Thumb Code     0  startup_stm32h750xx.o(.text)
    HRTIM1_TIME_IRQHandler                   0x08000373   Thumb Code     0  startup_stm32h750xx.o(.text)
    HSEM1_IRQHandler                         0x08000373   Thumb Code     0  startup_stm32h750xx.o(.text)
    I2C1_ER_IRQHandler                       0x08000373   Thumb Code     0  startup_stm32h750xx.o(.text)
    I2C1_EV_IRQHandler                       0x08000373   Thumb Code     0  startup_stm32h750xx.o(.text)
    I2C2_ER_IRQHandler                       0x08000373   Thumb Code     0  startup_stm32h750xx.o(.text)
    I2C2_EV_IRQHandler                       0x08000373   Thumb Code     0  startup_stm32h750xx.o(.text)
    I2C3_ER_IRQHandler                       0x08000373   Thumb Code     0  startup_stm32h750xx.o(.text)
    I2C3_EV_IRQHandler                       0x08000373   Thumb Code     0  startup_stm32h750xx.o(.text)
    I2C4_ER_IRQHandler                       0x08000373   Thumb Code     0  startup_stm32h750xx.o(.text)
    I2C4_EV_IRQHandler                       0x08000373   Thumb Code     0  startup_stm32h750xx.o(.text)
    JPEG_IRQHandler                          0x08000373   Thumb Code     0  startup_stm32h750xx.o(.text)
    LPTIM1_IRQHandler                        0x08000373   Thumb Code     0  startup_stm32h750xx.o(.text)
    LPTIM2_IRQHandler                        0x08000373   Thumb Code     0  startup_stm32h750xx.o(.text)
    LPTIM3_IRQHandler                        0x08000373   Thumb Code     0  startup_stm32h750xx.o(.text)
    LPTIM4_IRQHandler                        0x08000373   Thumb Code     0  startup_stm32h750xx.o(.text)
    LPTIM5_IRQHandler                        0x08000373   Thumb Code     0  startup_stm32h750xx.o(.text)
    LPUART1_IRQHandler                       0x08000373   Thumb Code     0  startup_stm32h750xx.o(.text)
    LTDC_ER_IRQHandler                       0x08000373   Thumb Code     0  startup_stm32h750xx.o(.text)
    LTDC_IRQHandler                          0x08000373   Thumb Code     0  startup_stm32h750xx.o(.text)
    MDIOS_IRQHandler                         0x08000373   Thumb Code     0  startup_stm32h750xx.o(.text)
    MDIOS_WKUP_IRQHandler                    0x08000373   Thumb Code     0  startup_stm32h750xx.o(.text)
    MDMA_IRQHandler                          0x08000373   Thumb Code     0  startup_stm32h750xx.o(.text)
    OTG_FS_EP1_IN_IRQHandler                 0x08000373   Thumb Code     0  startup_stm32h750xx.o(.text)
    OTG_FS_EP1_OUT_IRQHandler                0x08000373   Thumb Code     0  startup_stm32h750xx.o(.text)
    OTG_FS_IRQHandler                        0x08000373   Thumb Code     0  startup_stm32h750xx.o(.text)
    OTG_FS_WKUP_IRQHandler                   0x08000373   Thumb Code     0  startup_stm32h750xx.o(.text)
    OTG_HS_EP1_IN_IRQHandler                 0x08000373   Thumb Code     0  startup_stm32h750xx.o(.text)
    OTG_HS_EP1_OUT_IRQHandler                0x08000373   Thumb Code     0  startup_stm32h750xx.o(.text)
    OTG_HS_IRQHandler                        0x08000373   Thumb Code     0  startup_stm32h750xx.o(.text)
    OTG_HS_WKUP_IRQHandler                   0x08000373   Thumb Code     0  startup_stm32h750xx.o(.text)
    PVD_AVD_IRQHandler                       0x08000373   Thumb Code     0  startup_stm32h750xx.o(.text)
    QUADSPI_IRQHandler                       0x08000373   Thumb Code     0  startup_stm32h750xx.o(.text)
    RCC_IRQHandler                           0x08000373   Thumb Code     0  startup_stm32h750xx.o(.text)
    RTC_Alarm_IRQHandler                     0x08000373   Thumb Code     0  startup_stm32h750xx.o(.text)
    RTC_WKUP_IRQHandler                      0x08000373   Thumb Code     0  startup_stm32h750xx.o(.text)
    SAI1_IRQHandler                          0x08000373   Thumb Code     0  startup_stm32h750xx.o(.text)
    SAI2_IRQHandler                          0x08000373   Thumb Code     0  startup_stm32h750xx.o(.text)
    SAI3_IRQHandler                          0x08000373   Thumb Code     0  startup_stm32h750xx.o(.text)
    SAI4_IRQHandler                          0x08000373   Thumb Code     0  startup_stm32h750xx.o(.text)
    SDMMC1_IRQHandler                        0x08000373   Thumb Code     0  startup_stm32h750xx.o(.text)
    SDMMC2_IRQHandler                        0x08000373   Thumb Code     0  startup_stm32h750xx.o(.text)
    SPDIF_RX_IRQHandler                      0x08000373   Thumb Code     0  startup_stm32h750xx.o(.text)
    SPI1_IRQHandler                          0x08000373   Thumb Code     0  startup_stm32h750xx.o(.text)
    SPI2_IRQHandler                          0x08000373   Thumb Code     0  startup_stm32h750xx.o(.text)
    SPI3_IRQHandler                          0x08000373   Thumb Code     0  startup_stm32h750xx.o(.text)
    SPI4_IRQHandler                          0x08000373   Thumb Code     0  startup_stm32h750xx.o(.text)
    SPI5_IRQHandler                          0x08000373   Thumb Code     0  startup_stm32h750xx.o(.text)
    SPI6_IRQHandler                          0x08000373   Thumb Code     0  startup_stm32h750xx.o(.text)
    SWPMI1_IRQHandler                        0x08000373   Thumb Code     0  startup_stm32h750xx.o(.text)
    TAMP_STAMP_IRQHandler                    0x08000373   Thumb Code     0  startup_stm32h750xx.o(.text)
    TIM15_IRQHandler                         0x08000373   Thumb Code     0  startup_stm32h750xx.o(.text)
    TIM16_IRQHandler                         0x08000373   Thumb Code     0  startup_stm32h750xx.o(.text)
    TIM17_IRQHandler                         0x08000373   Thumb Code     0  startup_stm32h750xx.o(.text)
    TIM1_BRK_IRQHandler                      0x08000373   Thumb Code     0  startup_stm32h750xx.o(.text)
    TIM1_CC_IRQHandler                       0x08000373   Thumb Code     0  startup_stm32h750xx.o(.text)
    TIM1_TRG_COM_IRQHandler                  0x08000373   Thumb Code     0  startup_stm32h750xx.o(.text)
    TIM1_UP_IRQHandler                       0x08000373   Thumb Code     0  startup_stm32h750xx.o(.text)
    TIM2_IRQHandler                          0x08000373   Thumb Code     0  startup_stm32h750xx.o(.text)
    TIM3_IRQHandler                          0x08000373   Thumb Code     0  startup_stm32h750xx.o(.text)
    TIM4_IRQHandler                          0x08000373   Thumb Code     0  startup_stm32h750xx.o(.text)
    TIM5_IRQHandler                          0x08000373   Thumb Code     0  startup_stm32h750xx.o(.text)
    TIM6_DAC_IRQHandler                      0x08000373   Thumb Code     0  startup_stm32h750xx.o(.text)
    TIM7_IRQHandler                          0x08000373   Thumb Code     0  startup_stm32h750xx.o(.text)
    TIM8_BRK_TIM12_IRQHandler                0x08000373   Thumb Code     0  startup_stm32h750xx.o(.text)
    TIM8_CC_IRQHandler                       0x08000373   Thumb Code     0  startup_stm32h750xx.o(.text)
    TIM8_TRG_COM_TIM14_IRQHandler            0x08000373   Thumb Code     0  startup_stm32h750xx.o(.text)
    TIM8_UP_TIM13_IRQHandler                 0x08000373   Thumb Code     0  startup_stm32h750xx.o(.text)
    UART4_IRQHandler                         0x08000373   Thumb Code     0  startup_stm32h750xx.o(.text)
    UART5_IRQHandler                         0x08000373   Thumb Code     0  startup_stm32h750xx.o(.text)
    UART7_IRQHandler                         0x08000373   Thumb Code     0  startup_stm32h750xx.o(.text)
    UART8_IRQHandler                         0x08000373   Thumb Code     0  startup_stm32h750xx.o(.text)
    USART2_IRQHandler                        0x08000373   Thumb Code     0  startup_stm32h750xx.o(.text)
    USART3_IRQHandler                        0x08000373   Thumb Code     0  startup_stm32h750xx.o(.text)
    USART6_IRQHandler                        0x08000373   Thumb Code     0  startup_stm32h750xx.o(.text)
    WAKEUP_PIN_IRQHandler                    0x08000373   Thumb Code     0  startup_stm32h750xx.o(.text)
    WWDG_IRQHandler                          0x08000373   Thumb Code     0  startup_stm32h750xx.o(.text)
    __user_initial_stackheap                 0x08000375   Thumb Code     0  startup_stm32h750xx.o(.text)
    __use_no_semihosting                     0x08000399   Thumb Code     2  use_no_semi_2.o(.text)
    __aeabi_uldivmod                         0x0800039b   Thumb Code     0  lludivv7m.o(.text)
    _ll_udiv                                 0x0800039b   Thumb Code   238  lludivv7m.o(.text)
    __2printf                                0x08000489   Thumb Code    20  noretval__2printf.o(.text)
    __printf                                 0x080004a1   Thumb Code   104  __printf.o(.text)
    _printf_int_dec                          0x08000509   Thumb Code   104  _printf_dec.o(.text)
    __aeabi_memclr4                          0x08000581   Thumb Code     0  rt_memclr_w.o(.text)
    __aeabi_memclr8                          0x08000581   Thumb Code     0  rt_memclr_w.o(.text)
    __rt_memclr_w                            0x08000581   Thumb Code    78  rt_memclr_w.o(.text)
    _memset_w                                0x08000585   Thumb Code     0  rt_memclr_w.o(.text)
    strcmp                                   0x080005d1   Thumb Code   104  strcmpv7m_pel.o(.text)
    __use_two_region_memory                  0x08000639   Thumb Code     2  heapauxi.o(.text)
    __rt_heap_escrow$2region                 0x0800063b   Thumb Code     2  heapauxi.o(.text)
    __rt_heap_expand$2region                 0x0800063d   Thumb Code     2  heapauxi.o(.text)
    __semihosting$guard                      0x0800063f   Thumb Code     0  use_no_semi.o(.text)
    __use_no_semihosting_swi                 0x0800063f   Thumb Code     2  use_no_semi.o(.text)
    __read_errno                             0x08000641   Thumb Code    10  _rserrno.o(.text)
    __set_errno                              0x0800064b   Thumb Code    12  _rserrno.o(.text)
    _printf_int_common                       0x08000657   Thumb Code   178  _printf_intcommon.o(.text)
    __lib_sel_fp_printf                      0x08000709   Thumb Code     2  _printf_fp_dec.o(.text)
    _printf_fp_dec_real                      0x080008bb   Thumb Code   620  _printf_fp_dec.o(.text)
    _printf_char_file                        0x08000b29   Thumb Code    32  _printf_char_file.o(.text)
    __rt_locale                              0x08000b4d   Thumb Code     8  rt_locale_intlibspace.o(.text)
    __aeabi_errno_addr                       0x08000b55   Thumb Code     8  rt_errno_addr_intlibspace.o(.text)
    __errno$intlibspace                      0x08000b55   Thumb Code     0  rt_errno_addr_intlibspace.o(.text)
    __rt_errno_addr$intlibspace              0x08000b55   Thumb Code     0  rt_errno_addr_intlibspace.o(.text)
    _ll_udiv10                               0x08000b5d   Thumb Code   138  lludiv10.o(.text)
    _printf_char_common                      0x08000bf3   Thumb Code    32  _printf_char_common.o(.text)
    _printf_fp_infnan                        0x08000c19   Thumb Code   112  _printf_fp_infnan.o(.text)
    _btod_etento                             0x08000c99   Thumb Code   224  bigflt0.o(.text)
    ferror                                   0x08000d7d   Thumb Code     8  ferror.o(.text)
    __user_libspace                          0x08000d85   Thumb Code     8  libspace.o(.text)
    __user_perproc_libspace                  0x08000d85   Thumb Code     0  libspace.o(.text)
    __user_perthread_libspace                0x08000d85   Thumb Code     0  libspace.o(.text)
    __user_setup_stackheap                   0x08000d8d   Thumb Code    74  sys_stackheap_outer.o(.text)
    exit                                     0x08000dd7   Thumb Code    18  exit.o(.text)
    _btod_d2e                                0x08000de9   Thumb Code    62  btod.o(CL$$btod_d2e)
    _d2e_denorm_low                          0x08000e27   Thumb Code    70  btod.o(CL$$btod_d2e_denorm_low)
    _d2e_norm_op1                            0x08000e6d   Thumb Code    96  btod.o(CL$$btod_d2e_norm_op1)
    __btod_div_common                        0x08000ecd   Thumb Code   696  btod.o(CL$$btod_div_common)
    _e2e                                     0x08001205   Thumb Code   220  btod.o(CL$$btod_e2e)
    _btod_ediv                               0x080012e1   Thumb Code    42  btod.o(CL$$btod_ediv)
    _btod_emul                               0x0800130b   Thumb Code    42  btod.o(CL$$btod_emul)
    __btod_mult_common                       0x08001335   Thumb Code   580  btod.o(CL$$btod_mult_common)
    MLX90640_CalculateTo                     0x08001579   Thumb Code  1502  mlx90640_api.o(RAMCODE)
    BusFault_Handler                         0x08001b69   Thumb Code     4  stm32h7xx_it.o(i.BusFault_Handler)
    CheckAdjacentPixels                      0x08001b6d   Thumb Code    58  mlx90640_api.o(i.CheckAdjacentPixels)
    CheckEEPROMValid                         0x08001ba7   Thumb Code    20  mlx90640_api.o(i.CheckEEPROMValid)
    DebugMon_Handler                         0x08001bbb   Thumb Code     2  stm32h7xx_it.o(i.DebugMon_Handler)
    ExtractAlphaParameters                   0x08001bbd   Thumb Code   584  mlx90640_api.o(i.ExtractAlphaParameters)
    ExtractCILCParameters                    0x08001e09   Thumb Code   268  mlx90640_api.o(i.ExtractCILCParameters)
    ExtractCPParameters                      0x08001f1d   Thumb Code   496  mlx90640_api.o(i.ExtractCPParameters)
    ExtractDeviatingPixels                   0x08002125   Thumb Code   350  mlx90640_api.o(i.ExtractDeviatingPixels)
    ExtractGainParameters                    0x08002283   Thumb Code    20  mlx90640_api.o(i.ExtractGainParameters)
    ExtractKsTaParameters                    0x08002299   Thumb Code    62  mlx90640_api.o(i.ExtractKsTaParameters)
    ExtractKsToParameters                    0x080022e5   Thumb Code   262  mlx90640_api.o(i.ExtractKsToParameters)
    ExtractKtaPixelParameters                0x080023f5   Thumb Code   472  mlx90640_api.o(i.ExtractKtaPixelParameters)
    ExtractKvPixelParameters                 0x080025cd   Thumb Code   304  mlx90640_api.o(i.ExtractKvPixelParameters)
    ExtractOffsetParameters                  0x080026fd   Thumb Code   448  mlx90640_api.o(i.ExtractOffsetParameters)
    ExtractPTATParameters                    0x080028bd   Thumb Code   192  mlx90640_api.o(i.ExtractPTATParameters)
    ExtractResolutionParameters              0x0800298d   Thumb Code    14  mlx90640_api.o(i.ExtractResolutionParameters)
    ExtractTgcParameters                     0x0800299d   Thumb Code    60  mlx90640_api.o(i.ExtractTgcParameters)
    ExtractVDDParameters                     0x080029e5   Thumb Code    52  mlx90640_api.o(i.ExtractVDDParameters)
    HAL_DMA_Abort_IT                         0x08002a19   Thumb Code   906  stm32h7xx_hal_dma.o(i.HAL_DMA_Abort_IT)
    HAL_EnableCompensationCell               0x08002db1   Thumb Code    14  stm32h7xx_hal.o(i.HAL_EnableCompensationCell)
    HAL_GPIO_Init                            0x08002dc5   Thumb Code   468  stm32h7xx_hal_gpio.o(i.HAL_GPIO_Init)
    HAL_GPIO_ReadPin                         0x08002fcd   Thumb Code    16  stm32h7xx_hal_gpio.o(i.HAL_GPIO_ReadPin)
    HAL_GPIO_WritePin                        0x08002fdd   Thumb Code    12  stm32h7xx_hal_gpio.o(i.HAL_GPIO_WritePin)
    HAL_GetREVID                             0x08002fe9   Thumb Code     8  stm32h7xx_hal.o(i.HAL_GetREVID)
    HAL_GetTick                              0x08002ff5   Thumb Code     6  stm32h7xx_hal.o(i.HAL_GetTick)
    HAL_IncTick                              0x08003001   Thumb Code    16  stm32h7xx_hal.o(i.HAL_IncTick)
    HAL_Init                                 0x08003019   Thumb Code    80  stm32h7xx_hal.o(i.HAL_Init)
    HAL_InitTick                             0x08003079   Thumb Code    74  stm32h7xx_hal.o(i.HAL_InitTick)
    HAL_MPU_ConfigRegion                     0x080030d1   Thumb Code    88  stm32h7xx_hal_cortex.o(i.HAL_MPU_ConfigRegion)
    HAL_MPU_Disable                          0x0800312d   Thumb Code    38  stm32h7xx_hal_cortex.o(i.HAL_MPU_Disable)
    HAL_MPU_Enable                           0x08003159   Thumb Code    58  stm32h7xx_hal_cortex.o(i.HAL_MPU_Enable)
    HAL_MspInit                              0x08003199   Thumb Code     2  stm32h7xx_hal.o(i.HAL_MspInit)
    HAL_NVIC_EnableIRQ                       0x0800319b   Thumb Code    32  stm32h7xx_hal_cortex.o(i.HAL_NVIC_EnableIRQ)
    HAL_NVIC_SetPriority                     0x080031bb   Thumb Code   122  stm32h7xx_hal_cortex.o(i.HAL_NVIC_SetPriority)
    HAL_NVIC_SetPriorityGrouping             0x08003235   Thumb Code    32  stm32h7xx_hal_cortex.o(i.HAL_NVIC_SetPriorityGrouping)
    HAL_PWREx_EnableUSBVoltageDetector       0x0800325d   Thumb Code    14  stm32h7xx_hal_pwr_ex.o(i.HAL_PWREx_EnableUSBVoltageDetector)
    HAL_RCCEx_GetD1SysClockFreq              0x08003271   Thumb Code    34  stm32h7xx_hal_rcc_ex.o(i.HAL_RCCEx_GetD1SysClockFreq)
    HAL_RCCEx_GetD3PCLK1Freq                 0x080032a1   Thumb Code    26  stm32h7xx_hal_rcc_ex.o(i.HAL_RCCEx_GetD3PCLK1Freq)
    HAL_RCCEx_GetPLL2ClockFreq               0x080032c5   Thumb Code   536  stm32h7xx_hal_rcc_ex.o(i.HAL_RCCEx_GetPLL2ClockFreq)
    HAL_RCCEx_GetPLL3ClockFreq               0x080034f5   Thumb Code   536  stm32h7xx_hal_rcc_ex.o(i.HAL_RCCEx_GetPLL3ClockFreq)
    HAL_RCCEx_PeriphCLKConfig                0x08003725   Thumb Code  2842  stm32h7xx_hal_rcc_ex.o(i.HAL_RCCEx_PeriphCLKConfig)
    HAL_RCC_ClockConfig                      0x08004245   Thumb Code   748  stm32h7xx_hal_rcc.o(i.HAL_RCC_ClockConfig)
    HAL_RCC_GetHCLKFreq                      0x08004545   Thumb Code    34  stm32h7xx_hal_rcc.o(i.HAL_RCC_GetHCLKFreq)
    HAL_RCC_GetPCLK1Freq                     0x08004575   Thumb Code    26  stm32h7xx_hal_rcc.o(i.HAL_RCC_GetPCLK1Freq)
    HAL_RCC_GetPCLK2Freq                     0x08004599   Thumb Code    26  stm32h7xx_hal_rcc.o(i.HAL_RCC_GetPCLK2Freq)
    HAL_RCC_GetSysClockFreq                  0x080045bd   Thumb Code   524  stm32h7xx_hal_rcc.o(i.HAL_RCC_GetSysClockFreq)
    HAL_RCC_OscConfig                        0x080047e9   Thumb Code  1910  stm32h7xx_hal_rcc.o(i.HAL_RCC_OscConfig)
    HAL_SPI_Init                             0x08004f69   Thumb Code   596  stm32h7xx_hal_spi.o(i.HAL_SPI_Init)
    HAL_SPI_MspInit                          0x080051c9   Thumb Code   262  spi.o(i.HAL_SPI_MspInit)
    HAL_SPI_TransmitReceive                  0x080052dd   Thumb Code  1020  stm32h7xx_hal_spi.o(i.HAL_SPI_TransmitReceive)
    HAL_SYSTICK_CLKSourceConfig              0x080056d9   Thumb Code    40  stm32h7xx_hal_cortex.o(i.HAL_SYSTICK_CLKSourceConfig)
    HAL_SYSTICK_Config                       0x08005701   Thumb Code    52  stm32h7xx_hal_cortex.o(i.HAL_SYSTICK_Config)
    HAL_UARTEx_RxFifoFullCallback            0x08005735   Thumb Code     2  stm32h7xx_hal_uart_ex.o(i.HAL_UARTEx_RxFifoFullCallback)
    HAL_UARTEx_TxFifoEmptyCallback           0x08005737   Thumb Code     2  stm32h7xx_hal_uart_ex.o(i.HAL_UARTEx_TxFifoEmptyCallback)
    HAL_UARTEx_WakeupCallback                0x08005739   Thumb Code     2  stm32h7xx_hal_uart_ex.o(i.HAL_UARTEx_WakeupCallback)
    HAL_UART_ErrorCallback                   0x0800573b   Thumb Code     2  stm32h7xx_hal_uart.o(i.HAL_UART_ErrorCallback)
    HAL_UART_GetState                        0x0800573d   Thumb Code    16  stm32h7xx_hal_uart.o(i.HAL_UART_GetState)
    HAL_UART_IRQHandler                      0x0800574d   Thumb Code   512  stm32h7xx_hal_uart.o(i.HAL_UART_IRQHandler)
    HAL_UART_Init                            0x08005959   Thumb Code   120  stm32h7xx_hal_uart.o(i.HAL_UART_Init)
    HAL_UART_MspInit                         0x080059d1   Thumb Code   180  usart.o(i.HAL_UART_MspInit)
    HAL_UART_Receive_IT                      0x08005a91   Thumb Code   300  stm32h7xx_hal_uart.o(i.HAL_UART_Receive_IT)
    HAL_UART_RxCpltCallback                  0x08005bcd   Thumb Code   120  usart.o(i.HAL_UART_RxCpltCallback)
    HAL_UART_TxCpltCallback                  0x08005c55   Thumb Code     2  stm32h7xx_hal_uart.o(i.HAL_UART_TxCpltCallback)
    HardFault_Handler                        0x08005c57   Thumb Code     4  stm32h7xx_it.o(i.HardFault_Handler)
    I2CReadBytes                             0x08005c5d   Thumb Code   148  mlx90640_swi2c_driver.o(i.I2CReadBytes)
    I2CReceiveAck                            0x08005cf9   Thumb Code    92  mlx90640_swi2c_driver.o(i.I2CReceiveAck)
    I2CRepeatedStart                         0x08005d5d   Thumb Code    92  mlx90640_swi2c_driver.o(i.I2CRepeatedStart)
    I2CSendACK                               0x08005dc1   Thumb Code    72  mlx90640_swi2c_driver.o(i.I2CSendACK)
    I2CSendByte                              0x08005e11   Thumb Code   128  mlx90640_swi2c_driver.o(i.I2CSendByte)
    I2CSendNack                              0x08005e99   Thumb Code    78  mlx90640_swi2c_driver.o(i.I2CSendNack)
    I2CStart                                 0x08005ef1   Thumb Code    72  mlx90640_swi2c_driver.o(i.I2CStart)
    I2CStop                                  0x08005f41   Thumb Code    72  mlx90640_swi2c_driver.o(i.I2CStop)
    LCD_Clear                                0x08005f91   Thumb Code    96  lcd.o(i.LCD_Clear)
    LCD_Fill                                 0x08005ff9   Thumb Code    86  lcd.o(i.LCD_Fill)
    LCD_GPIOInit                             0x08006051   Thumb Code    58  lcd.o(i.LCD_GPIOInit)
    LCD_Init                                 0x08006095   Thumb Code   594  lcd.o(i.LCD_Init)
    LCD_RESET                                0x080062f9   Thumb Code    38  lcd.o(i.LCD_RESET)
    LCD_SetWindows                           0x08006325   Thumb Code    84  lcd.o(i.LCD_SetWindows)
    LCD_WR_DATA                              0x0800637d   Thumb Code    44  lcd.o(i.LCD_WR_DATA)
    LCD_WR_REG                               0x080063ad   Thumb Code    46  lcd.o(i.LCD_WR_REG)
    LCD_WriteRAM_Prepare                     0x080063e1   Thumb Code    12  lcd.o(i.LCD_WriteRAM_Prepare)
    LCD_WriteReg                             0x080063f1   Thumb Code    20  lcd.o(i.LCD_WriteReg)
    LCD_direction                            0x08006405   Thumb Code   128  lcd.o(i.LCD_direction)
    Lcd_WriteData_16Bit                      0x08006489   Thumb Code    50  lcd.o(i.Lcd_WriteData_16Bit)
    MLX90640_DumpEE                          0x080064c1   Thumb Code    24  mlx90640_api.o(i.MLX90640_DumpEE)
    MLX90640_ExtractParameters               0x080064d9   Thumb Code   136  mlx90640_api.o(i.MLX90640_ExtractParameters)
    MLX90640_GetFrameData                    0x08006561   Thumb Code   214  mlx90640_api.o(i.MLX90640_GetFrameData)
    MLX90640_GetTa                           0x08006659   Thumb Code   218  mlx90640_api.o(i.MLX90640_GetTa)
    MLX90640_GetVdd                          0x08006741   Thumb Code   166  mlx90640_api.o(i.MLX90640_GetVdd)
    MLX90640_I2CInit                         0x080067f5   Thumb Code   130  mlx90640_swi2c_driver.o(i.MLX90640_I2CInit)
    MLX90640_I2CRead                         0x08006891   Thumb Code   246  mlx90640_swi2c_driver.o(i.MLX90640_I2CRead)
    MLX90640_I2CWrite                        0x0800698d   Thumb Code   154  mlx90640_swi2c_driver.o(i.MLX90640_I2CWrite)
    MLX90640_Init                            0x08006a31   Thumb Code   254  mlx90640.o(i.MLX90640_Init)
    MLX90640_SetChessMode                    0x08006be1   Thumb Code    48  mlx90640_api.o(i.MLX90640_SetChessMode)
    MLX90640_SetRefreshRate                  0x08006c11   Thumb Code    58  mlx90640_api.o(i.MLX90640_SetRefreshRate)
    MemManage_Handler                        0x08006c4d   Thumb Code   102  mpu.o(i.MemManage_Handler)
    Mlx90640_Get_Frame                       0x08006ced   Thumb Code   108  mlx90640.o(i.Mlx90640_Get_Frame)
    NMI_Handler                              0x08006d85   Thumb Code     2  stm32h7xx_it.o(i.NMI_Handler)
    PendSV_Handler                           0x08006d87   Thumb Code     2  stm32h7xx_it.o(i.PendSV_Handler)
    SVC_Handler                              0x080072bf   Thumb Code     2  stm32h7xx_it.o(i.SVC_Handler)
    SysTick_Handler                          0x080072c1   Thumb Code     8  stm32h7xx_it.o(i.SysTick_Handler)
    SystemInit                               0x080072c9   Thumb Code   146  system_stm32h7xx.o(i.SystemInit)
    UART_AdvFeatureConfig                    0x08007371   Thumb Code   248  stm32h7xx_hal_uart.o(i.UART_AdvFeatureConfig)
    UART_CheckIdleState                      0x08007469   Thumb Code   116  stm32h7xx_hal_uart.o(i.UART_CheckIdleState)
    UART_SetConfig                           0x08007785   Thumb Code  5860  stm32h7xx_hal_uart.o(i.UART_SetConfig)
    UART_WaitOnFlagUntilTimeout              0x08008e75   Thumb Code   190  stm32h7xx_hal_uart.o(i.UART_WaitOnFlagUntilTimeout)
    USART1_IRQHandler                        0x08008f35   Thumb Code    66  usart.o(i.USART1_IRQHandler)
    UsageFault_Handler                       0x08008f85   Thumb Code     4  stm32h7xx_it.o(i.UsageFault_Handler)
    Wait                                     0x08008f89   Thumb Code    14  mlx90640_swi2c_driver.o(i.Wait)
    __ARM_fpclassify                         0x08008f97   Thumb Code    48  fpclassify.o(i.__ARM_fpclassify)
    __hardfp_pow                             0x08009001   Thumb Code  2140  pow.o(i.__hardfp_pow)
    __hardfp_sqrt                            0x080098f9   Thumb Code   102  sqrt.o(i.__hardfp_sqrt)
    __kernel_poly                            0x0800995f   Thumb Code   112  poly.o(i.__kernel_poly)
    __mathlib_dbl_divzero                    0x080099d1   Thumb Code    14  dunder.o(i.__mathlib_dbl_divzero)
    __mathlib_dbl_infnan2                    0x080099f1   Thumb Code     6  dunder.o(i.__mathlib_dbl_infnan2)
    __mathlib_dbl_invalid                    0x080099f9   Thumb Code    10  dunder.o(i.__mathlib_dbl_invalid)
    __mathlib_dbl_overflow                   0x08009a11   Thumb Code    10  dunder.o(i.__mathlib_dbl_overflow)
    __mathlib_dbl_underflow                  0x08009a29   Thumb Code    10  dunder.o(i.__mathlib_dbl_underflow)
    _sys_exit                                0x08009a41   Thumb Code     4  usart.o(i._sys_exit)
    delay_init                               0x08009a45   Thumb Code    16  delay.o(i.delay_init)
    delay_ms                                 0x08009a59   Thumb Code    50  delay.o(i.delay_ms)
    delay_us                                 0x08009a8d   Thumb Code    68  delay.o(i.delay_us)
    fabs                                     0x08009ad5   Thumb Code    24  fabs.o(i.fabs)
    fputc                                    0x08009aed   Thumb Code    22  usart.o(i.fputc)
    main                                     0x08009b09   Thumb Code   112  main.o(i.main)
    mpu_memory_protection                    0x08009b79   Thumb Code   186  mpu.o(i.mpu_memory_protection)
    mpu_set_protection                       0x08009c33   Thumb Code    94  mpu.o(i.mpu_set_protection)
    show_mesg                                0x08009c91   Thumb Code    46  main.o(i.show_mesg)
    spi2_init                                0x08009d11   Thumb Code    88  spi.o(i.spi2_init)
    spi2_read_write_byte                     0x08009d71   Thumb Code    40  spi.o(i.spi2_read_write_byte)
    spi2_set_speed                           0x08009db5   Thumb Code    64  spi.o(i.spi2_set_speed)
    sqrt                                     0x08009df9   Thumb Code   106  sqrt.o(i.sqrt)
    sys_cache_enable                         0x08009e65   Thumb Code    24  sys.o(i.sys_cache_enable)
    sys_qspi_enable_memmapmode               0x08009e81   Thumb Code   434  sys.o(i.sys_qspi_enable_memmapmode)
    sys_stm32_clock_init                     0x0800a059   Thumb Code   344  sys.o(i.sys_stm32_clock_init)
    usart_init                               0x0800a1c1   Thumb Code    44  usart.o(i.usart_init)
    _get_lc_numeric                          0x0800a1f9   Thumb Code    44  lc_numeric_c.o(locale$$code)
    __fpl_dcheck_NaN1                        0x0800a225   Thumb Code    10  dcheck1.o(x$fpl$dcheck1)
    _fp_init                                 0x0800a235   Thumb Code    10  fpinit.o(x$fpl$fpinit)
    __fplib_config_fpu_vfp                   0x0800a23d   Thumb Code     0  fpinit.o(x$fpl$fpinit)
    __fplib_config_pureend_doubles           0x0800a23d   Thumb Code     0  fpinit.o(x$fpl$fpinit)
    _printf_fp_dec                           0x0800a23f   Thumb Code     4  printf1.o(x$fpl$printf1)
    __fpl_return_NaN                         0x0800a243   Thumb Code   100  retnan.o(x$fpl$retnan)
    __ARM_scalbn                             0x0800a2a7   Thumb Code    92  scalbn.o(x$fpl$scalbn)
    __fpl_cmpreturn                          0x0800a303   Thumb Code    48  trapv.o(x$fpl$trapveneer)
    D1CorePrescTable                         0x0800a332   Data          16  system_stm32h7xx.o(.constdata)
    __I$use$fp                               0x0800a332   Number         0  usenofp.o(x$fpl$usenofp)
    __mathlib_zero                           0x0800a3d0   Data           8  qnan.o(.constdata)
    Region$$Table$$Base                      0x0800a46c   Number         0  anon$$obj.o(Region$$Table)
    Region$$Table$$Limit                     0x0800a48c   Number         0  anon$$obj.o(Region$$Table)
    src_buf                                  0x24000000   Data          20  mlx90640.o(.ARM.__AT_0x24000000)
    SystemCoreClock                          0x24000014   Data           4  system_stm32h7xx.o(.data)
    SystemD2Clock                            0x24000018   Data           4  system_stm32h7xx.o(.data)
    __stdout                                 0x24000020   Data           4  usart.o(.data)
    g_usart_rx_sta                           0x24000024   Data           2  usart.o(.data)
    g_rx_buffer                              0x24000026   Data           1  usart.o(.data)
    uwTick                                   0x24000028   Data           4  stm32h7xx_hal.o(.data)
    uwTickPrio                               0x2400002c   Data           4  stm32h7xx_hal.o(.data)
    uwTickFreq                               0x24000030   Data           1  stm32h7xx_hal.o(.data)
    freqCnt                                  0x24000034   Data           4  mlx90640_swi2c_driver.o(.data)
    cmt                                      0x2400003c   Data           2  mlx90640.o(.data)
    color1                                   0x2400003e   Data           3  mlx90640.o(.data)
    color                                    0x24000044   Data           4  mlx90640.o(.data)
    Ta                                       0x24000048   Data           4  mlx90640.o(.data)
    emissivity                               0x2400004c   Data           4  mlx90640.o(.data)
    k                                        0x24000050   Data           4  mlx90640.o(.data)
    status                                   0x24000054   Data           4  mlx90640.o(.data)
    i                                        0x24000058   Data           4  mlx90640.o(.data)
    vdd                                      0x2400005c   Data           4  mlx90640.o(.data)
    count                                    0x24000060   Data           2  mlx90640.o(.data)
    mlx90640_status                          0x24000062   Data           2  mlx90640.o(.data)
    lcddev                                   0x24000064   Data          14  lcd.o(.bss)
    g_spi2_handle                            0x24000074   Data         136  spi.o(.bss)
    __libspace_start                         0x240000fc   Data          96  libspace.o(.bss)
    __temporary_stack_top$libspace           0x2400015c   Data           0  libspace.o(.bss)
    dest_buf                                 0x24000170   Data          20  mlx90640.o(.ARM.__AT_0x24000170)
    g_usart_rx_buf                           0x24000184   Data         200  usart.o(.bss)
    g_uart1_handle                           0x2400024c   Data         140  usart.o(.bss)
    rgb                                      0x24000500   Data        1536  mlx90640.o(.ARM.__AT_0x24000500)
    hdma_memtomem_dma2_stream6               0x24000b00   Data         120  mlx90640.o(.bss)
    data                                     0x24000b78   Data        4096  mlx90640.o(.bss)
    data2                                    0x24001b78   Data        1536  mlx90640.o(.bss)
    x_line                                   0x240040ac   Data        3072  mlx90640.o(.bss)
    y_list                                   0x24004cac   Data        3072  mlx90640.o(.bss)
    pin_x                                    0x240058ac   Data        3072  mlx90640.o(.bss)
    pin_y                                    0x240064ac   Data        3072  mlx90640.o(.bss)
    j                                        0x240070ac   Data        3072  mlx90640.o(.bss)
    m                                        0x24007cac   Data        3072  mlx90640.o(.bss)
    mlx90640                                 0x240088ac   Data       10864  mlx90640.o(.bss)



==============================================================================

Memory Map of the image

  Image Entry point : 0x08000299

  Load Region LR_IROM1 (Base: 0x08000000, Size: 0x0000a50c, Max: 0x00200000, ABSOLUTE)

    Execution Region ER_IROM1 (Exec base: 0x08000000, Load base: 0x08000000, Size: 0x0000a4a8, Max: 0x00200000, ABSOLUTE)

    Exec Addr    Load Addr    Size         Type   Attr      Idx    E Section Name        Object

    0x08000000   0x08000000   0x00000298   Data   RO            3    RESET               startup_stm32h750xx.o
    0x08000298   0x08000298   0x00000008   Code   RO         5828  * !!!main             c_w.l(__main.o)
    0x080002a0   0x080002a0   0x00000034   Code   RO         6157    !!!scatter          c_w.l(__scatter.o)
    0x080002d4   0x080002d4   0x0000001a   Code   RO         6159    !!handler_copy      c_w.l(__scatter_copy.o)
    0x080002ee   0x080002ee   0x00000002   PAD
    0x080002f0   0x080002f0   0x0000001c   Code   RO         6161    !!handler_zi        c_w.l(__scatter_zi.o)
    0x0800030c   0x0800030c   0x00000000   Code   RO         5821    .ARM.Collect$$_printf_percent$$00000000  c_w.l(_printf_percent.o)
    0x0800030c   0x0800030c   0x00000006   Code   RO         5820    .ARM.Collect$$_printf_percent$$00000003  c_w.l(_printf_f.o)
    0x08000312   0x08000312   0x00000006   Code   RO         5819    .ARM.Collect$$_printf_percent$$00000009  c_w.l(_printf_d.o)
    0x08000318   0x08000318   0x00000004   Code   RO         5901    .ARM.Collect$$_printf_percent$$00000017  c_w.l(_printf_percent_end.o)
    0x0800031c   0x0800031c   0x00000002   Code   RO         6035    .ARM.Collect$$libinit$$00000000  c_w.l(libinit.o)
    0x0800031e   0x0800031e   0x00000004   Code   RO         6036    .ARM.Collect$$libinit$$00000001  c_w.l(libinit2.o)
    0x08000322   0x08000322   0x00000000   Code   RO         6039    .ARM.Collect$$libinit$$00000004  c_w.l(libinit2.o)
    0x08000322   0x08000322   0x00000000   Code   RO         6042    .ARM.Collect$$libinit$$0000000A  c_w.l(libinit2.o)
    0x08000322   0x08000322   0x00000000   Code   RO         6044    .ARM.Collect$$libinit$$0000000C  c_w.l(libinit2.o)
    0x08000322   0x08000322   0x00000000   Code   RO         6046    .ARM.Collect$$libinit$$0000000E  c_w.l(libinit2.o)
    0x08000322   0x08000322   0x00000006   Code   RO         6047    .ARM.Collect$$libinit$$0000000F  c_w.l(libinit2.o)
    0x08000328   0x08000328   0x00000000   Code   RO         6049    .ARM.Collect$$libinit$$00000011  c_w.l(libinit2.o)
    0x08000328   0x08000328   0x00000000   Code   RO         6051    .ARM.Collect$$libinit$$00000013  c_w.l(libinit2.o)
    0x08000328   0x08000328   0x00000000   Code   RO         6053    .ARM.Collect$$libinit$$00000015  c_w.l(libinit2.o)
    0x08000328   0x08000328   0x0000000a   Code   RO         6054    .ARM.Collect$$libinit$$00000016  c_w.l(libinit2.o)
    0x08000332   0x08000332   0x00000000   Code   RO         6055    .ARM.Collect$$libinit$$00000017  c_w.l(libinit2.o)
    0x08000332   0x08000332   0x00000000   Code   RO         6057    .ARM.Collect$$libinit$$00000019  c_w.l(libinit2.o)
    0x08000332   0x08000332   0x00000000   Code   RO         6059    .ARM.Collect$$libinit$$0000001B  c_w.l(libinit2.o)
    0x08000332   0x08000332   0x00000000   Code   RO         6061    .ARM.Collect$$libinit$$0000001D  c_w.l(libinit2.o)
    0x08000332   0x08000332   0x00000000   Code   RO         6063    .ARM.Collect$$libinit$$0000001F  c_w.l(libinit2.o)
    0x08000332   0x08000332   0x00000000   Code   RO         6065    .ARM.Collect$$libinit$$00000021  c_w.l(libinit2.o)
    0x08000332   0x08000332   0x00000000   Code   RO         6067    .ARM.Collect$$libinit$$00000023  c_w.l(libinit2.o)
    0x08000332   0x08000332   0x00000000   Code   RO         6069    .ARM.Collect$$libinit$$00000025  c_w.l(libinit2.o)
    0x08000332   0x08000332   0x00000000   Code   RO         6073    .ARM.Collect$$libinit$$0000002C  c_w.l(libinit2.o)
    0x08000332   0x08000332   0x00000000   Code   RO         6075    .ARM.Collect$$libinit$$0000002E  c_w.l(libinit2.o)
    0x08000332   0x08000332   0x00000000   Code   RO         6077    .ARM.Collect$$libinit$$00000030  c_w.l(libinit2.o)
    0x08000332   0x08000332   0x00000000   Code   RO         6079    .ARM.Collect$$libinit$$00000032  c_w.l(libinit2.o)
    0x08000332   0x08000332   0x00000002   Code   RO         6080    .ARM.Collect$$libinit$$00000033  c_w.l(libinit2.o)
    0x08000334   0x08000334   0x00000002   Code   RO         6122    .ARM.Collect$$libshutdown$$00000000  c_w.l(libshutdown.o)
    0x08000336   0x08000336   0x00000000   Code   RO         6140    .ARM.Collect$$libshutdown$$00000002  c_w.l(libshutdown2.o)
    0x08000336   0x08000336   0x00000000   Code   RO         6142    .ARM.Collect$$libshutdown$$00000004  c_w.l(libshutdown2.o)
    0x08000336   0x08000336   0x00000000   Code   RO         6145    .ARM.Collect$$libshutdown$$00000007  c_w.l(libshutdown2.o)
    0x08000336   0x08000336   0x00000000   Code   RO         6148    .ARM.Collect$$libshutdown$$0000000A  c_w.l(libshutdown2.o)
    0x08000336   0x08000336   0x00000000   Code   RO         6150    .ARM.Collect$$libshutdown$$0000000C  c_w.l(libshutdown2.o)
    0x08000336   0x08000336   0x00000000   Code   RO         6153    .ARM.Collect$$libshutdown$$0000000F  c_w.l(libshutdown2.o)
    0x08000336   0x08000336   0x00000002   Code   RO         6154    .ARM.Collect$$libshutdown$$00000010  c_w.l(libshutdown2.o)
    0x08000338   0x08000338   0x00000000   Code   RO         5888    .ARM.Collect$$rtentry$$00000000  c_w.l(__rtentry.o)
    0x08000338   0x08000338   0x00000000   Code   RO         5947    .ARM.Collect$$rtentry$$00000002  c_w.l(__rtentry2.o)
    0x08000338   0x08000338   0x00000006   Code   RO         5959    .ARM.Collect$$rtentry$$00000004  c_w.l(__rtentry4.o)
    0x0800033e   0x0800033e   0x00000000   Code   RO         5949    .ARM.Collect$$rtentry$$00000009  c_w.l(__rtentry2.o)
    0x0800033e   0x0800033e   0x00000004   Code   RO         5950    .ARM.Collect$$rtentry$$0000000A  c_w.l(__rtentry2.o)
    0x08000342   0x08000342   0x00000000   Code   RO         5952    .ARM.Collect$$rtentry$$0000000C  c_w.l(__rtentry2.o)
    0x08000342   0x08000342   0x00000008   Code   RO         5953    .ARM.Collect$$rtentry$$0000000D  c_w.l(__rtentry2.o)
    0x0800034a   0x0800034a   0x00000002   Code   RO         6083    .ARM.Collect$$rtexit$$00000000  c_w.l(rtexit.o)
    0x0800034c   0x0800034c   0x00000000   Code   RO         6098    .ARM.Collect$$rtexit$$00000002  c_w.l(rtexit2.o)
    0x0800034c   0x0800034c   0x00000004   Code   RO         6099    .ARM.Collect$$rtexit$$00000003  c_w.l(rtexit2.o)
    0x08000350   0x08000350   0x00000006   Code   RO         6100    .ARM.Collect$$rtexit$$00000004  c_w.l(rtexit2.o)
    0x08000356   0x08000356   0x00000002   PAD
    0x08000358   0x08000358   0x00000040   Code   RO            4    .text               startup_stm32h750xx.o
    0x08000398   0x08000398   0x00000002   Code   RO         5787    .text               c_w.l(use_no_semi_2.o)
    0x0800039a   0x0800039a   0x000000ee   Code   RO         5789    .text               c_w.l(lludivv7m.o)
    0x08000488   0x08000488   0x00000018   Code   RO         5793    .text               c_w.l(noretval__2printf.o)
    0x080004a0   0x080004a0   0x00000068   Code   RO         5795    .text               c_w.l(__printf.o)
    0x08000508   0x08000508   0x00000078   Code   RO         5797    .text               c_w.l(_printf_dec.o)
    0x08000580   0x08000580   0x0000004e   Code   RO         5822    .text               c_w.l(rt_memclr_w.o)
    0x080005ce   0x080005ce   0x00000002   PAD
    0x080005d0   0x080005d0   0x00000068   Code   RO         5824    .text               c_w.l(strcmpv7m_pel.o)
    0x08000638   0x08000638   0x00000006   Code   RO         5826    .text               c_w.l(heapauxi.o)
    0x0800063e   0x0800063e   0x00000002   Code   RO         5886    .text               c_w.l(use_no_semi.o)
    0x08000640   0x08000640   0x00000016   Code   RO         5893    .text               c_w.l(_rserrno.o)
    0x08000656   0x08000656   0x000000b2   Code   RO         5895    .text               c_w.l(_printf_intcommon.o)
    0x08000708   0x08000708   0x0000041e   Code   RO         5897    .text               c_w.l(_printf_fp_dec.o)
    0x08000b26   0x08000b26   0x00000002   PAD
    0x08000b28   0x08000b28   0x00000024   Code   RO         5899    .text               c_w.l(_printf_char_file.o)
    0x08000b4c   0x08000b4c   0x00000008   Code   RO         5966    .text               c_w.l(rt_locale_intlibspace.o)
    0x08000b54   0x08000b54   0x00000008   Code   RO         5971    .text               c_w.l(rt_errno_addr_intlibspace.o)
    0x08000b5c   0x08000b5c   0x0000008a   Code   RO         5973    .text               c_w.l(lludiv10.o)
    0x08000be6   0x08000be6   0x00000002   PAD
    0x08000be8   0x08000be8   0x00000030   Code   RO         5975    .text               c_w.l(_printf_char_common.o)
    0x08000c18   0x08000c18   0x00000080   Code   RO         5977    .text               c_w.l(_printf_fp_infnan.o)
    0x08000c98   0x08000c98   0x000000e4   Code   RO         5979    .text               c_w.l(bigflt0.o)
    0x08000d7c   0x08000d7c   0x00000008   Code   RO         6004    .text               c_w.l(ferror.o)
    0x08000d84   0x08000d84   0x00000008   Code   RO         6017    .text               c_w.l(libspace.o)
    0x08000d8c   0x08000d8c   0x0000004a   Code   RO         6020    .text               c_w.l(sys_stackheap_outer.o)
    0x08000dd6   0x08000dd6   0x00000012   Code   RO         6024    .text               c_w.l(exit.o)
    0x08000de8   0x08000de8   0x0000003e   Code   RO         5982    CL$$btod_d2e        c_w.l(btod.o)
    0x08000e26   0x08000e26   0x00000046   Code   RO         5984    CL$$btod_d2e_denorm_low  c_w.l(btod.o)
    0x08000e6c   0x08000e6c   0x00000060   Code   RO         5983    CL$$btod_d2e_norm_op1  c_w.l(btod.o)
    0x08000ecc   0x08000ecc   0x00000338   Code   RO         5992    CL$$btod_div_common  c_w.l(btod.o)
    0x08001204   0x08001204   0x000000dc   Code   RO         5989    CL$$btod_e2e        c_w.l(btod.o)
    0x080012e0   0x080012e0   0x0000002a   Code   RO         5986    CL$$btod_ediv       c_w.l(btod.o)
    0x0800130a   0x0800130a   0x0000002a   Code   RO         5985    CL$$btod_emul       c_w.l(btod.o)
    0x08001334   0x08001334   0x00000244   Code   RO         5991    CL$$btod_mult_common  c_w.l(btod.o)
    0x08001578   0x08001578   0x000005f0   Code   RO         5225    RAMCODE             mlx90640_api.o
    0x08001b68   0x08001b68   0x00000004   Code   RO          386    i.BusFault_Handler  stm32h7xx_it.o
    0x08001b6c   0x08001b6c   0x0000003a   Code   RO         5226    i.CheckAdjacentPixels  mlx90640_api.o
    0x08001ba6   0x08001ba6   0x00000014   Code   RO         5227    i.CheckEEPROMValid  mlx90640_api.o
    0x08001bba   0x08001bba   0x00000002   Code   RO          387    i.DebugMon_Handler  stm32h7xx_it.o
    0x08001bbc   0x08001bbc   0x0000024c   Code   RO         5228    i.ExtractAlphaParameters  mlx90640_api.o
    0x08001e08   0x08001e08   0x00000114   Code   RO         5229    i.ExtractCILCParameters  mlx90640_api.o
    0x08001f1c   0x08001f1c   0x00000208   Code   RO         5230    i.ExtractCPParameters  mlx90640_api.o
    0x08002124   0x08002124   0x0000015e   Code   RO         5231    i.ExtractDeviatingPixels  mlx90640_api.o
    0x08002282   0x08002282   0x00000014   Code   RO         5232    i.ExtractGainParameters  mlx90640_api.o
    0x08002296   0x08002296   0x00000002   PAD
    0x08002298   0x08002298   0x0000004c   Code   RO         5233    i.ExtractKsTaParameters  mlx90640_api.o
    0x080022e4   0x080022e4   0x00000110   Code   RO         5234    i.ExtractKsToParameters  mlx90640_api.o
    0x080023f4   0x080023f4   0x000001d8   Code   RO         5235    i.ExtractKtaPixelParameters  mlx90640_api.o
    0x080025cc   0x080025cc   0x00000130   Code   RO         5236    i.ExtractKvPixelParameters  mlx90640_api.o
    0x080026fc   0x080026fc   0x000001c0   Code   RO         5237    i.ExtractOffsetParameters  mlx90640_api.o
    0x080028bc   0x080028bc   0x000000d0   Code   RO         5238    i.ExtractPTATParameters  mlx90640_api.o
    0x0800298c   0x0800298c   0x0000000e   Code   RO         5239    i.ExtractResolutionParameters  mlx90640_api.o
    0x0800299a   0x0800299a   0x00000002   PAD
    0x0800299c   0x0800299c   0x00000048   Code   RO         5240    i.ExtractTgcParameters  mlx90640_api.o
    0x080029e4   0x080029e4   0x00000034   Code   RO         5241    i.ExtractVDDParameters  mlx90640_api.o
    0x08002a18   0x08002a18   0x00000398   Code   RO         1222    i.HAL_DMA_Abort_IT  stm32h7xx_hal_dma.o
    0x08002db0   0x08002db0   0x00000014   Code   RO          750    i.HAL_EnableCompensationCell  stm32h7xx_hal.o
    0x08002dc4   0x08002dc4   0x00000208   Code   RO         1406    i.HAL_GPIO_Init     stm32h7xx_hal_gpio.o
    0x08002fcc   0x08002fcc   0x00000010   Code   RO         1408    i.HAL_GPIO_ReadPin  stm32h7xx_hal_gpio.o
    0x08002fdc   0x08002fdc   0x0000000c   Code   RO         1410    i.HAL_GPIO_WritePin  stm32h7xx_hal_gpio.o
    0x08002fe8   0x08002fe8   0x0000000c   Code   RO          756    i.HAL_GetREVID      stm32h7xx_hal.o
    0x08002ff4   0x08002ff4   0x0000000c   Code   RO          757    i.HAL_GetTick       stm32h7xx_hal.o
    0x08003000   0x08003000   0x00000018   Code   RO          763    i.HAL_IncTick       stm32h7xx_hal.o
    0x08003018   0x08003018   0x00000060   Code   RO          764    i.HAL_Init          stm32h7xx_hal.o
    0x08003078   0x08003078   0x00000058   Code   RO          765    i.HAL_InitTick      stm32h7xx_hal.o
    0x080030d0   0x080030d0   0x0000005c   Code   RO         1071    i.HAL_MPU_ConfigRegion  stm32h7xx_hal_cortex.o
    0x0800312c   0x0800312c   0x0000002c   Code   RO         1072    i.HAL_MPU_Disable   stm32h7xx_hal_cortex.o
    0x08003158   0x08003158   0x00000040   Code   RO         1073    i.HAL_MPU_Enable    stm32h7xx_hal_cortex.o
    0x08003198   0x08003198   0x00000002   Code   RO          767    i.HAL_MspInit       stm32h7xx_hal.o
    0x0800319a   0x0800319a   0x00000020   Code   RO         1076    i.HAL_NVIC_EnableIRQ  stm32h7xx_hal_cortex.o
    0x080031ba   0x080031ba   0x0000007a   Code   RO         1082    i.HAL_NVIC_SetPriority  stm32h7xx_hal_cortex.o
    0x08003234   0x08003234   0x00000028   Code   RO         1083    i.HAL_NVIC_SetPriorityGrouping  stm32h7xx_hal_cortex.o
    0x0800325c   0x0800325c   0x00000014   Code   RO         1611    i.HAL_PWREx_EnableUSBVoltageDetector  stm32h7xx_hal_pwr_ex.o
    0x08003270   0x08003270   0x00000030   Code   RO         1961    i.HAL_RCCEx_GetD1SysClockFreq  stm32h7xx_hal_rcc_ex.o
    0x080032a0   0x080032a0   0x00000024   Code   RO         1962    i.HAL_RCCEx_GetD3PCLK1Freq  stm32h7xx_hal_rcc_ex.o
    0x080032c4   0x080032c4   0x00000230   Code   RO         1964    i.HAL_RCCEx_GetPLL2ClockFreq  stm32h7xx_hal_rcc_ex.o
    0x080034f4   0x080034f4   0x00000230   Code   RO         1965    i.HAL_RCCEx_GetPLL3ClockFreq  stm32h7xx_hal_rcc_ex.o
    0x08003724   0x08003724   0x00000b20   Code   RO         1969    i.HAL_RCCEx_PeriphCLKConfig  stm32h7xx_hal_rcc_ex.o
    0x08004244   0x08004244   0x00000300   Code   RO         1848    i.HAL_RCC_ClockConfig  stm32h7xx_hal_rcc.o
    0x08004544   0x08004544   0x00000030   Code   RO         1853    i.HAL_RCC_GetHCLKFreq  stm32h7xx_hal_rcc.o
    0x08004574   0x08004574   0x00000024   Code   RO         1855    i.HAL_RCC_GetPCLK1Freq  stm32h7xx_hal_rcc.o
    0x08004598   0x08004598   0x00000024   Code   RO         1856    i.HAL_RCC_GetPCLK2Freq  stm32h7xx_hal_rcc.o
    0x080045bc   0x080045bc   0x0000022c   Code   RO         1857    i.HAL_RCC_GetSysClockFreq  stm32h7xx_hal_rcc.o
    0x080047e8   0x080047e8   0x00000780   Code   RO         1860    i.HAL_RCC_OscConfig  stm32h7xx_hal_rcc.o
    0x08004f68   0x08004f68   0x00000260   Code   RO         4405    i.HAL_SPI_Init      stm32h7xx_hal_spi.o
    0x080051c8   0x080051c8   0x00000114   Code   RO         5743    i.HAL_SPI_MspInit   spi.o
    0x080052dc   0x080052dc   0x000003fc   Code   RO         4414    i.HAL_SPI_TransmitReceive  stm32h7xx_hal_spi.o
    0x080056d8   0x080056d8   0x00000028   Code   RO         1085    i.HAL_SYSTICK_CLKSourceConfig  stm32h7xx_hal_cortex.o
    0x08005700   0x08005700   0x00000034   Code   RO         1087    i.HAL_SYSTICK_Config  stm32h7xx_hal_cortex.o
    0x08005734   0x08005734   0x00000002   Code   RO         2520    i.HAL_UARTEx_RxFifoFullCallback  stm32h7xx_hal_uart_ex.o
    0x08005736   0x08005736   0x00000002   Code   RO         2524    i.HAL_UARTEx_TxFifoEmptyCallback  stm32h7xx_hal_uart_ex.o
    0x08005738   0x08005738   0x00000002   Code   RO         2525    i.HAL_UARTEx_WakeupCallback  stm32h7xx_hal_uart_ex.o
    0x0800573a   0x0800573a   0x00000002   Code   RO         2139    i.HAL_UART_ErrorCallback  stm32h7xx_hal_uart.o
    0x0800573c   0x0800573c   0x00000010   Code   RO         2141    i.HAL_UART_GetState  stm32h7xx_hal_uart.o
    0x0800574c   0x0800574c   0x0000020c   Code   RO         2142    i.HAL_UART_IRQHandler  stm32h7xx_hal_uart.o
    0x08005958   0x08005958   0x00000078   Code   RO         2143    i.HAL_UART_Init     stm32h7xx_hal_uart.o
    0x080059d0   0x080059d0   0x000000c0   Code   RO          657    i.HAL_UART_MspInit  usart.o
    0x08005a90   0x08005a90   0x0000013c   Code   RO         2148    i.HAL_UART_Receive_IT  stm32h7xx_hal_uart.o
    0x08005bcc   0x08005bcc   0x00000088   Code   RO          658    i.HAL_UART_RxCpltCallback  usart.o
    0x08005c54   0x08005c54   0x00000002   Code   RO         2155    i.HAL_UART_TxCpltCallback  stm32h7xx_hal_uart.o
    0x08005c56   0x08005c56   0x00000004   Code   RO          388    i.HardFault_Handler  stm32h7xx_it.o
    0x08005c5a   0x08005c5a   0x00000002   PAD
    0x08005c5c   0x08005c5c   0x0000009c   Code   RO         5447    i.I2CReadBytes      mlx90640_swi2c_driver.o
    0x08005cf8   0x08005cf8   0x00000064   Code   RO         5448    i.I2CReceiveAck     mlx90640_swi2c_driver.o
    0x08005d5c   0x08005d5c   0x00000064   Code   RO         5449    i.I2CRepeatedStart  mlx90640_swi2c_driver.o
    0x08005dc0   0x08005dc0   0x00000050   Code   RO         5450    i.I2CSendACK        mlx90640_swi2c_driver.o
    0x08005e10   0x08005e10   0x00000088   Code   RO         5451    i.I2CSendByte       mlx90640_swi2c_driver.o
    0x08005e98   0x08005e98   0x00000058   Code   RO         5452    i.I2CSendNack       mlx90640_swi2c_driver.o
    0x08005ef0   0x08005ef0   0x00000050   Code   RO         5453    i.I2CStart          mlx90640_swi2c_driver.o
    0x08005f40   0x08005f40   0x00000050   Code   RO         5454    i.I2CStop           mlx90640_swi2c_driver.o
    0x08005f90   0x08005f90   0x00000068   Code   RO         5625    i.LCD_Clear         lcd.o
    0x08005ff8   0x08005ff8   0x00000056   Code   RO         5627    i.LCD_Fill          lcd.o
    0x0800604e   0x0800604e   0x00000002   PAD
    0x08006050   0x08006050   0x00000044   Code   RO         5629    i.LCD_GPIOInit      lcd.o
    0x08006094   0x08006094   0x00000264   Code   RO         5630    i.LCD_Init          lcd.o
    0x080062f8   0x080062f8   0x0000002c   Code   RO         5631    i.LCD_RESET         lcd.o
    0x08006324   0x08006324   0x00000058   Code   RO         5633    i.LCD_SetWindows    lcd.o
    0x0800637c   0x0800637c   0x00000030   Code   RO         5634    i.LCD_WR_DATA       lcd.o
    0x080063ac   0x080063ac   0x00000034   Code   RO         5635    i.LCD_WR_REG        lcd.o
    0x080063e0   0x080063e0   0x00000010   Code   RO         5636    i.LCD_WriteRAM_Prepare  lcd.o
    0x080063f0   0x080063f0   0x00000014   Code   RO         5637    i.LCD_WriteReg      lcd.o
    0x08006404   0x08006404   0x00000084   Code   RO         5638    i.LCD_direction     lcd.o
    0x08006488   0x08006488   0x00000038   Code   RO         5639    i.Lcd_WriteData_16Bit  lcd.o
    0x080064c0   0x080064c0   0x00000018   Code   RO         5245    i.MLX90640_DumpEE   mlx90640_api.o
    0x080064d8   0x080064d8   0x00000088   Code   RO         5246    i.MLX90640_ExtractParameters  mlx90640_api.o
    0x08006560   0x08006560   0x000000f8   Code   RO         5249    i.MLX90640_GetFrameData  mlx90640_api.o
    0x08006658   0x08006658   0x000000e8   Code   RO         5253    i.MLX90640_GetTa    mlx90640_api.o
    0x08006740   0x08006740   0x000000b4   Code   RO         5254    i.MLX90640_GetVdd   mlx90640_api.o
    0x080067f4   0x080067f4   0x0000009c   Code   RO         5455    i.MLX90640_I2CInit  mlx90640_swi2c_driver.o
    0x08006890   0x08006890   0x000000fc   Code   RO         5456    i.MLX90640_I2CRead  mlx90640_swi2c_driver.o
    0x0800698c   0x0800698c   0x000000a4   Code   RO         5457    i.MLX90640_I2CWrite  mlx90640_swi2c_driver.o
    0x08006a30   0x08006a30   0x000001b0   Code   RO         5545    i.MLX90640_Init     mlx90640.o
    0x08006be0   0x08006be0   0x00000030   Code   RO         5255    i.MLX90640_SetChessMode  mlx90640_api.o
    0x08006c10   0x08006c10   0x0000003a   Code   RO         5257    i.MLX90640_SetRefreshRate  mlx90640_api.o
    0x08006c4a   0x08006c4a   0x00000002   PAD
    0x08006c4c   0x08006c4c   0x000000a0   Code   RO         4783    i.MemManage_Handler  mpu.o
    0x08006cec   0x08006cec   0x00000098   Code   RO         5546    i.Mlx90640_Get_Frame  mlx90640.o
    0x08006d84   0x08006d84   0x00000002   Code   RO          389    i.NMI_Handler       stm32h7xx_it.o
    0x08006d86   0x08006d86   0x00000002   Code   RO          390    i.PendSV_Handler    stm32h7xx_it.o
    0x08006d88   0x08006d88   0x00000164   Code   RO         1972    i.RCCEx_PLL2_Config  stm32h7xx_hal_rcc_ex.o
    0x08006eec   0x08006eec   0x00000164   Code   RO         1973    i.RCCEx_PLL3_Config  stm32h7xx_hal_rcc_ex.o
    0x08007050   0x08007050   0x0000009c   Code   RO          574    i.SCB_EnableDCache  sys.o
    0x080070ec   0x080070ec   0x0000007c   Code   RO          575    i.SCB_EnableICache  sys.o
    0x08007168   0x08007168   0x000000fc   Code   RO         4424    i.SPI_CloseTransfer  stm32h7xx_hal_spi.o
    0x08007264   0x08007264   0x0000001a   Code   RO         4435    i.SPI_GetPacketSize  stm32h7xx_hal_spi.o
    0x0800727e   0x0800727e   0x00000040   Code   RO         4442    i.SPI_WaitOnFlagUntilTimeout  stm32h7xx_hal_spi.o
    0x080072be   0x080072be   0x00000002   Code   RO          391    i.SVC_Handler       stm32h7xx_it.o
    0x080072c0   0x080072c0   0x00000008   Code   RO          392    i.SysTick_Handler   stm32h7xx_it.o
    0x080072c8   0x080072c8   0x000000a8   Code   RO          456    i.SystemInit        system_stm32h7xx.o
    0x08007370   0x08007370   0x000000f8   Code   RO         2157    i.UART_AdvFeatureConfig  stm32h7xx_hal_uart.o
    0x08007468   0x08007468   0x00000074   Code   RO         2158    i.UART_CheckIdleState  stm32h7xx_hal_uart.o
    0x080074dc   0x080074dc   0x00000018   Code   RO         2159    i.UART_DMAAbortOnError  stm32h7xx_hal_uart.o
    0x080074f4   0x080074f4   0x00000028   Code   RO         2169    i.UART_EndRxTransfer  stm32h7xx_hal_uart.o
    0x0800751c   0x0800751c   0x00000022   Code   RO         2170    i.UART_EndTransmit_IT  stm32h7xx_hal_uart.o
    0x0800753e   0x0800753e   0x00000070   Code   RO         2172    i.UART_RxISR_16BIT  stm32h7xx_hal_uart.o
    0x080075ae   0x080075ae   0x00000002   PAD
    0x080075b0   0x080075b0   0x000000b4   Code   RO         2173    i.UART_RxISR_16BIT_FIFOEN  stm32h7xx_hal_uart.o
    0x08007664   0x08007664   0x0000006c   Code   RO         2174    i.UART_RxISR_8BIT   stm32h7xx_hal_uart.o
    0x080076d0   0x080076d0   0x000000b4   Code   RO         2175    i.UART_RxISR_8BIT_FIFOEN  stm32h7xx_hal_uart.o
    0x08007784   0x08007784   0x000016f0   Code   RO         2176    i.UART_SetConfig    stm32h7xx_hal_uart.o
    0x08008e74   0x08008e74   0x000000be   Code   RO         2181    i.UART_WaitOnFlagUntilTimeout  stm32h7xx_hal_uart.o
    0x08008f32   0x08008f32   0x00000002   PAD
    0x08008f34   0x08008f34   0x00000050   Code   RO          659    i.USART1_IRQHandler  usart.o
    0x08008f84   0x08008f84   0x00000004   Code   RO          393    i.UsageFault_Handler  stm32h7xx_it.o
    0x08008f88   0x08008f88   0x0000000e   Code   RO         5458    i.Wait              mlx90640_swi2c_driver.o
    0x08008f96   0x08008f96   0x00000030   Code   RO         5930    i.__ARM_fpclassify  m_wv.l(fpclassify.o)
    0x08008fc6   0x08008fc6   0x00000002   PAD
    0x08008fc8   0x08008fc8   0x00000010   Code   RO         1089    i.__NVIC_GetPriorityGrouping  stm32h7xx_hal_cortex.o
    0x08008fd8   0x08008fd8   0x00000028   Code   RO         1090    i.__NVIC_SetPriority  stm32h7xx_hal_cortex.o
    0x08009000   0x08009000   0x000008f8   Code   RO         5844    i.__hardfp_pow      m_wv.l(pow.o)
    0x080098f8   0x080098f8   0x00000066   Code   RO         5874    i.__hardfp_sqrt     m_wv.l(sqrt.o)
    0x0800995e   0x0800995e   0x00000070   Code   RO         5932    i.__kernel_poly     m_wv.l(poly.o)
    0x080099ce   0x080099ce   0x00000002   PAD
    0x080099d0   0x080099d0   0x00000020   Code   RO         5910    i.__mathlib_dbl_divzero  m_wv.l(dunder.o)
    0x080099f0   0x080099f0   0x00000006   Code   RO         5912    i.__mathlib_dbl_infnan2  m_wv.l(dunder.o)
    0x080099f6   0x080099f6   0x00000002   PAD
    0x080099f8   0x080099f8   0x00000018   Code   RO         5913    i.__mathlib_dbl_invalid  m_wv.l(dunder.o)
    0x08009a10   0x08009a10   0x00000018   Code   RO         5914    i.__mathlib_dbl_overflow  m_wv.l(dunder.o)
    0x08009a28   0x08009a28   0x00000018   Code   RO         5916    i.__mathlib_dbl_underflow  m_wv.l(dunder.o)
    0x08009a40   0x08009a40   0x00000004   Code   RO          661    i._sys_exit         usart.o
    0x08009a44   0x08009a44   0x00000014   Code   RO          536    i.delay_init        delay.o
    0x08009a58   0x08009a58   0x00000032   Code   RO          537    i.delay_ms          delay.o
    0x08009a8a   0x08009a8a   0x00000002   PAD
    0x08009a8c   0x08009a8c   0x00000048   Code   RO          538    i.delay_us          delay.o
    0x08009ad4   0x08009ad4   0x00000018   Code   RO         5926    i.fabs              m_wv.l(fabs.o)
    0x08009aec   0x08009aec   0x0000001c   Code   RO          663    i.fputc             usart.o
    0x08009b08   0x08009b08   0x00000070   Code   RO           13    i.main              main.o
    0x08009b78   0x08009b78   0x000000ba   Code   RO         4784    i.mpu_memory_protection  mpu.o
    0x08009c32   0x08009c32   0x0000005e   Code   RO         4785    i.mpu_set_protection  mpu.o
    0x08009c90   0x08009c90   0x00000080   Code   RO           14    i.show_mesg         main.o
    0x08009d10   0x08009d10   0x00000060   Code   RO         5744    i.spi2_init         spi.o
    0x08009d70   0x08009d70   0x00000044   Code   RO         5745    i.spi2_read_write_byte  spi.o
    0x08009db4   0x08009db4   0x00000044   Code   RO         5746    i.spi2_set_speed    spi.o
    0x08009df8   0x08009df8   0x0000006a   Code   RO         5876    i.sqrt              m_wv.l(sqrt.o)
    0x08009e62   0x08009e62   0x00000002   PAD
    0x08009e64   0x08009e64   0x0000001c   Code   RO          576    i.sys_cache_enable  sys.o
    0x08009e80   0x08009e80   0x000001d8   Code   RO          581    i.sys_qspi_enable_memmapmode  sys.o
    0x0800a058   0x0800a058   0x00000168   Code   RO          582    i.sys_stm32_clock_init  sys.o
    0x0800a1c0   0x0800a1c0   0x00000038   Code   RO          664    i.usart_init        usart.o
    0x0800a1f8   0x0800a1f8   0x0000002c   Code   RO         6009    locale$$code        c_w.l(lc_numeric_c.o)
    0x0800a224   0x0800a224   0x00000010   Code   RO         6011    x$fpl$dcheck1       fz_wv.l(dcheck1.o)
    0x0800a234   0x0800a234   0x0000000a   Code   RO         6093    x$fpl$fpinit        fz_wv.l(fpinit.o)
    0x0800a23e   0x0800a23e   0x00000004   Code   RO         5830    x$fpl$printf1       fz_wv.l(printf1.o)
    0x0800a242   0x0800a242   0x00000064   Code   RO         6081    x$fpl$retnan        fz_wv.l(retnan.o)
    0x0800a2a6   0x0800a2a6   0x0000005c   Code   RO         5904    x$fpl$scalbn        fz_wv.l(scalbn.o)
    0x0800a302   0x0800a302   0x00000030   Code   RO         6095    x$fpl$trapveneer    fz_wv.l(trapv.o)
    0x0800a332   0x0800a332   0x00000000   Code   RO         5906    x$fpl$usenofp       fz_wv.l(usenofp.o)
    0x0800a332   0x0800a332   0x00000010   Data   RO          457    .constdata          system_stm32h7xx.o
    0x0800a342   0x0800a342   0x00000006   PAD
    0x0800a348   0x0800a348   0x00000088   Data   RO         5847    .constdata          m_wv.l(pow.o)
    0x0800a3d0   0x0800a3d0   0x00000008   Data   RO         5934    .constdata          m_wv.l(qnan.o)
    0x0800a3d8   0x0800a3d8   0x00000094   Data   RO         5980    .constdata          c_w.l(bigflt0.o)
    0x0800a46c   0x0800a46c   0x00000020   Data   RO         6155    Region$$Table       anon$$obj.o
    0x0800a48c   0x0800a48c   0x0000001c   Data   RO         6008    locale$$data        c_w.l(lc_numeric_c.o)


    Execution Region RW_IRAM1 (Exec base: 0x20000000, Load base: 0x0800a4a8, Size: 0x00000000, Max: 0x00020000, ABSOLUTE)

    **** No section assigned to this execution region ****


    Execution Region RW_IRAM2 (Exec base: 0x24000000, Load base: 0x0800a4a8, Size: 0x0000bb20, Max: 0x00080000, ABSOLUTE)

    Exec Addr    Load Addr    Size         Type   Attr      Idx    E Section Name        Object

    0x24000000   0x0800a4a8   0x00000014   Data   RW         5550    .ARM.__AT_0x24000000  mlx90640.o
    0x24000014   0x0800a4bc   0x00000008   Data   RW          458    .data               system_stm32h7xx.o
    0x2400001c   0x0800a4c4   0x00000004   Data   RW          539    .data               delay.o
    0x24000020   0x0800a4c8   0x00000007   Data   RW          666    .data               usart.o
    0x24000027   0x0800a4cf   0x00000001   PAD
    0x24000028   0x0800a4d0   0x00000009   Data   RW          786    .data               stm32h7xx_hal.o
    0x24000031   0x0800a4d9   0x00000003   PAD
    0x24000034   0x0800a4dc   0x00000006   Data   RW         5459    .data               mlx90640_swi2c_driver.o
    0x2400003a   0x0800a4e2   0x00000002   PAD
    0x2400003c   0x0800a4e4   0x00000028   Data   RW         5554    .data               mlx90640.o
    0x24000064        -       0x0000000e   Zero   RW         5640    .bss                lcd.o
    0x24000072   0x0800a50c   0x00000002   PAD
    0x24000074        -       0x00000088   Zero   RW         5747    .bss                spi.o
    0x240000fc        -       0x00000060   Zero   RW         6018    .bss                c_w.l(libspace.o)
    0x2400015c   0x0800a50c   0x00000014   PAD
    0x24000170        -       0x00000014   Zero   RW         5551    .ARM.__AT_0x24000170  mlx90640.o
    0x24000184        -       0x00000154   Zero   RW          665    .bss                usart.o
    0x240002d8        -       0x00000200   Zero   RW            2    HEAP                startup_stm32h750xx.o
    0x240004d8   0x0800a50c   0x00000028   PAD
    0x24000500        -       0x00000600   Zero   RW         5552    .ARM.__AT_0x24000500  mlx90640.o
    0x24000b00        -       0x0000a81c   Zero   RW         5553    .bss                mlx90640.o
    0x2400b31c   0x0800a50c   0x00000004   PAD
    0x2400b320        -       0x00000800   Zero   RW            1    STACK               startup_stm32h750xx.o


==============================================================================

Image component sizes


      Code (inc. data)   RO Data    RW Data    ZI Data      Debug   Object Name

       142          8          0          4          0       2151   delay.o
      1326         70          0          0         14       9620   lcd.o
       240         82          0          0          0    1246810   main.o
       584        222          0         60      44592       3525   mlx90640.o
      6196        190          0          0          0      22053   mlx90640_api.o
      1406        108          0          6          0       9451   mlx90640_swi2c_driver.o
       440         58          0          0          0      37260   mpu.o
       508         54          0          0        136       3126   spi.o
        64         26        664          0       2560        984   startup_stm32h750xx.o
       254         54          0          9          0      23575   stm32h7xx_hal.o
       542         38          0          0          0      42451   stm32h7xx_hal_cortex.o
       920         14          0          0          0       2475   stm32h7xx_hal_dma.o
       548         52          0          0          0       3115   stm32h7xx_hal_gpio.o
        20          6          0          0          0        593   stm32h7xx_hal_pwr_ex.o
      3364        100          0          0          0       6840   stm32h7xx_hal_rcc.o
      4764        124          0          0          0       7907   stm32h7xx_hal_rcc_ex.o
      1970         12          0          0          0       5637   stm32h7xx_hal_spi.o
      8084        194          0          0          0      17780   stm32h7xx_hal_uart.o
         6          0          0          0          0       2277   stm32h7xx_hal_uart_ex.o
        28          0          0          0          0       3858   stm32h7xx_it.o
      1140         74          0          0          0      39298   sys.o
       168         22         16          8          0       1570   system_stm32h7xx.o
       496         60          0          7        340       5785   usart.o

    ----------------------------------------------------------------------
     33226       1568        718        100      47688    1498141   Object Totals
         0          0         32          0          0          0   (incl. Generated)
        16          0          6          6         46          0   (incl. Padding)

    ----------------------------------------------------------------------

      Code (inc. data)   RO Data    RW Data    ZI Data      Debug   Library Member Name

         8          0          0          0          0         68   __main.o
       104          0          0          0          0         84   __printf.o
         0          0          0          0          0          0   __rtentry.o
        12          0          0          0          0          0   __rtentry2.o
         6          0          0          0          0          0   __rtentry4.o
        52          8          0          0          0          0   __scatter.o
        26          0          0          0          0          0   __scatter_copy.o
        28          0          0          0          0          0   __scatter_zi.o
        48          6          0          0          0         96   _printf_char_common.o
        36          4          0          0          0         80   _printf_char_file.o
         6          0          0          0          0          0   _printf_d.o
       120         16          0          0          0         92   _printf_dec.o
         6          0          0          0          0          0   _printf_f.o
      1054          0          0          0          0        216   _printf_fp_dec.o
       128         16          0          0          0         84   _printf_fp_infnan.o
       178          0          0          0          0         88   _printf_intcommon.o
         0          0          0          0          0          0   _printf_percent.o
         4          0          0          0          0          0   _printf_percent_end.o
        22          0          0          0          0        100   _rserrno.o
       228          4        148          0          0         96   bigflt0.o
      1936        128          0          0          0        672   btod.o
        18          0          0          0          0         80   exit.o
         8          0          0          0          0         68   ferror.o
         6          0          0          0          0        152   heapauxi.o
        44         10         28          0          0         76   lc_numeric_c.o
         2          0          0          0          0          0   libinit.o
        22          0          0          0          0          0   libinit2.o
         2          0          0          0          0          0   libshutdown.o
         2          0          0          0          0          0   libshutdown2.o
         8          4          0          0         96         68   libspace.o
       138          0          0          0          0         80   lludiv10.o
       238          0          0          0          0        100   lludivv7m.o
        24          4          0          0          0         84   noretval__2printf.o
         8          4          0          0          0         68   rt_errno_addr_intlibspace.o
         8          4          0          0          0         68   rt_locale_intlibspace.o
        78          0          0          0          0         80   rt_memclr_w.o
         2          0          0          0          0          0   rtexit.o
        10          0          0          0          0          0   rtexit2.o
       104          0          0          0          0         68   strcmpv7m_pel.o
        74          0          0          0          0         80   sys_stackheap_outer.o
         2          0          0          0          0         68   use_no_semi.o
         2          0          0          0          0         68   use_no_semi_2.o
        16          4          0          0          0        116   dcheck1.o
        10          0          0          0          0        116   fpinit.o
         4          0          0          0          0        116   printf1.o
       100          0          0          0          0        116   retnan.o
        92          0          0          0          0        116   scalbn.o
        48          0          0          0          0        116   trapv.o
         0          0          0          0          0          0   usenofp.o
       110         60          0          0          0        580   dunder.o
        24          0          0          0          0        124   fabs.o
        48          0          0          0          0        124   fpclassify.o
       112          0          0          0          0        116   poly.o
      2296        304        136          0          0        320   pow.o
         0          0          8          0          0          0   qnan.o
       208          0          0          0          0        280   sqrt.o

    ----------------------------------------------------------------------
      7888        576        320          0        116       5124   Library Totals
        18          0          0          0         20          0   (incl. Padding)

    ----------------------------------------------------------------------

      Code (inc. data)   RO Data    RW Data    ZI Data      Debug   Library Name

      4802        208        176          0         96       2884   c_w.l
       270          4          0          0          0        696   fz_wv.l
      2798        364        144          0          0       1544   m_wv.l

    ----------------------------------------------------------------------
      7888        576        320          0        116       5124   Library Totals

    ----------------------------------------------------------------------

==============================================================================


      Code (inc. data)   RO Data    RW Data    ZI Data      Debug   

     41114       2144       1038        100      47804    1486805   Grand Totals
     41114       2144       1038        100      47804    1486805   ELF Image Totals
     41114       2144       1038        100          0          0   ROM Totals

==============================================================================

    Total RO  Size (Code + RO Data)                42152 (  41.16kB)
    Total RW  Size (RW Data + ZI Data)             47904 (  46.78kB)
    Total ROM Size (Code + RO Data + RW Data)      42252 (  41.26kB)

==============================================================================

